Archive member included to satisfy reference by file (symbol)

c:/progra~2/gnuarm~1/102021~1.10/bin/../lib/gcc/arm-none-eabi/10.3.1/thumb/v7-m/nofp\libgcc.a(_arm_mulsf3.o)
                              CMakeFiles/Test_280.elf.dir/Core/Inc/LCD/lcd.c.obj (__aeabi_fmul)
c:/progra~2/gnuarm~1/102021~1.10/bin/../lib/gcc/arm-none-eabi/10.3.1/thumb/v7-m/nofp\libgcc.a(_arm_addsubdf3.o)
                              CMakeFiles/Test_280.elf.dir/Core/Inc/my_work/my_work.c.obj (__aeabi_f2d)
c:/progra~2/gnuarm~1/102021~1.10/bin/../lib/gcc/arm-none-eabi/10.3.1/thumb/v7-m/nofp\libgcc.a(_arm_addsubsf3.o)
                              CMakeFiles/Test_280.elf.dir/Core/Inc/my_work/my_work.c.obj (__aeabi_i2f)
c:/progra~2/gnuarm~1/102021~1.10/bin/../lib/gcc/arm-none-eabi/10.3.1/thumb/v7-m/nofp\libgcc.a(_arm_muldivsf3.o)
                              CMakeFiles/Test_280.elf.dir/Core/Inc/my_work/my_work.c.obj (__aeabi_fdiv)
c:/progra~2/gnuarm~1/102021~1.10/bin/../lib/gcc/arm-none-eabi/10.3.1/thumb/v7-m/nofp\libgcc.a(_arm_fixsfsi.o)
                              CMakeFiles/Test_280.elf.dir/Core/Inc/my_work/my_work.c.obj (__aeabi_f2iz)
c:/progra~2/gnuarm~1/102021~1.10/bin/../lib/gcc/arm-none-eabi/10.3.1/thumb/v7-m/nofp\libgcc.a(_arm_fixunssfsi.o)
                              CMakeFiles/Test_280.elf.dir/Core/Inc/LCD/lcd.c.obj (__aeabi_f2uiz)
c:/progra~2/gnuarm~1/102021~1.10/bin/../lib/gcc/arm-none-eabi/10.3.1/../../../../arm-none-eabi/lib/thumb/v7-m/nofp\libg.a(lib_a-errno.o)
                              CMakeFiles/Test_280.elf.dir/Core/Src/syscalls.c.obj (__errno)
c:/progra~2/gnuarm~1/102021~1.10/bin/../lib/gcc/arm-none-eabi/10.3.1/../../../../arm-none-eabi/lib/thumb/v7-m/nofp\libg.a(lib_a-exit.o)
                              c:/progra~2/gnuarm~1/102021~1.10/bin/../lib/gcc/arm-none-eabi/10.3.1/../../../../arm-none-eabi/lib/thumb/v7-m/nofp/crt0.o (exit)
c:/progra~2/gnuarm~1/102021~1.10/bin/../lib/gcc/arm-none-eabi/10.3.1/../../../../arm-none-eabi/lib/thumb/v7-m/nofp\libg.a(lib_a-impure.o)
                              c:/progra~2/gnuarm~1/102021~1.10/bin/../lib/gcc/arm-none-eabi/10.3.1/../../../../arm-none-eabi/lib/thumb/v7-m/nofp\libg.a(lib_a-exit.o) (_global_impure_ptr)
c:/progra~2/gnuarm~1/102021~1.10/bin/../lib/gcc/arm-none-eabi/10.3.1/../../../../arm-none-eabi/lib/thumb/v7-m/nofp\libg.a(lib_a-init.o)
                              c:/progra~2/gnuarm~1/102021~1.10/bin/../lib/gcc/arm-none-eabi/10.3.1/../../../../arm-none-eabi/lib/thumb/v7-m/nofp/crt0.o (__libc_init_array)
c:/progra~2/gnuarm~1/102021~1.10/bin/../lib/gcc/arm-none-eabi/10.3.1/../../../../arm-none-eabi/lib/thumb/v7-m/nofp\libg.a(lib_a-memcpy.o)
                              CMakeFiles/Test_280.elf.dir/Core/SYSTEM/usart/usart.c.obj (memcpy)
c:/progra~2/gnuarm~1/102021~1.10/bin/../lib/gcc/arm-none-eabi/10.3.1/../../../../arm-none-eabi/lib/thumb/v7-m/nofp\libg.a(lib_a-memset.o)
                              c:/progra~2/gnuarm~1/102021~1.10/bin/../lib/gcc/arm-none-eabi/10.3.1/../../../../arm-none-eabi/lib/thumb/v7-m/nofp/crt0.o (memset)
c:/progra~2/gnuarm~1/102021~1.10/bin/../lib/gcc/arm-none-eabi/10.3.1/../../../../arm-none-eabi/lib/thumb/v7-m/nofp\libg.a(lib_a-printf.o)
                              CMakeFiles/Test_280.elf.dir/Core/Inc/my_work/my_work.c.obj (printf)
c:/progra~2/gnuarm~1/102021~1.10/bin/../lib/gcc/arm-none-eabi/10.3.1/../../../../arm-none-eabi/lib/thumb/v7-m/nofp\libg.a(lib_a-puts.o)
                              CMakeFiles/Test_280.elf.dir/Core/Inc/my_work/my_work.c.obj (puts)
c:/progra~2/gnuarm~1/102021~1.10/bin/../lib/gcc/arm-none-eabi/10.3.1/../../../../arm-none-eabi/lib/thumb/v7-m/nofp\libg.a(lib_a-setvbuf.o)
                              CMakeFiles/Test_280.elf.dir/Core/retarget.c.obj (setvbuf)
c:/progra~2/gnuarm~1/102021~1.10/bin/../lib/gcc/arm-none-eabi/10.3.1/../../../../arm-none-eabi/lib/thumb/v7-m/nofp\libg.a(lib_a-strlen-stub.o)
                              c:/progra~2/gnuarm~1/102021~1.10/bin/../lib/gcc/arm-none-eabi/10.3.1/../../../../arm-none-eabi/lib/thumb/v7-m/nofp\libg.a(lib_a-puts.o) (strlen)
c:/progra~2/gnuarm~1/102021~1.10/bin/../lib/gcc/arm-none-eabi/10.3.1/../../../../arm-none-eabi/lib/thumb/v7-m/nofp\libg.a(lib_a-vfprintf.o)
                              c:/progra~2/gnuarm~1/102021~1.10/bin/../lib/gcc/arm-none-eabi/10.3.1/../../../../arm-none-eabi/lib/thumb/v7-m/nofp\libg.a(lib_a-printf.o) (_vfprintf_r)
c:/progra~2/gnuarm~1/102021~1.10/bin/../lib/gcc/arm-none-eabi/10.3.1/../../../../arm-none-eabi/lib/thumb/v7-m/nofp\libg.a(lib_a-wsetup.o)
                              c:/progra~2/gnuarm~1/102021~1.10/bin/../lib/gcc/arm-none-eabi/10.3.1/../../../../arm-none-eabi/lib/thumb/v7-m/nofp\libg.a(lib_a-vfprintf.o) (__swsetup_r)
c:/progra~2/gnuarm~1/102021~1.10/bin/../lib/gcc/arm-none-eabi/10.3.1/../../../../arm-none-eabi/lib/thumb/v7-m/nofp\libg.a(lib_a-__call_atexit.o)
[...]
Memory Configuration

Name             Origin             Length             Attributes
RAM              0x20000000         0x00005000         xrw
FLASH            0x08000000         0x00020000         xr
*default*        0x00000000         0xffffffff

Linker script and memory map

LOAD c:/progra~2/gnuarm~1/102021~1.10/bin/../lib/gcc/arm-none-eabi/10.3.1/thumb/v7-m/nofp/crti.o
LOAD c:/progra~2/gnuarm~1/102021~1.10/bin/../lib/gcc/arm-none-eabi/10.3.1/thumb/v7-m/nofp/crtbegin.o
LOAD c:/progra~2/gnuarm~1/102021~1.10/bin/../lib/gcc/arm-none-eabi/10.3.1/../../../../arm-none-eabi/lib/thumb/v7-m/nofp/crt0.o
LOAD CMakeFiles/Test_280.elf.dir/Core/Inc/LCD/lcd.c.obj
LOAD CMakeFiles/Test_280.elf.dir/Core/Inc/LCD/lcd_init.c.obj
LOAD CMakeFiles/Test_280.elf.dir/Core/Inc/LED/led.c.obj
LOAD CMakeFiles/Test_280.elf.dir/Core/Inc/my_work/my_work.c.obj
LOAD CMakeFiles/Test_280.elf.dir/Core/Inc/test_os/test_os.c.obj
LOAD CMakeFiles/Test_280.elf.dir/Core/SYSTEM/delay/delay.c.obj
LOAD CMakeFiles/Test_280.elf.dir/Core/SYSTEM/sys/sys.c.obj
LOAD CMakeFiles/Test_280.elf.dir/Core/SYSTEM/usart/usart.c.obj
LOAD CMakeFiles/Test_280.elf.dir/Core/Src/gpio.c.obj
LOAD CMakeFiles/Test_280.elf.dir/Core/Src/main.c.obj
LOAD CMakeFiles/Test_280.elf.dir/Core/Src/spi.c.obj
LOAD CMakeFiles/Test_280.elf.dir/Core/Src/stm32f1xx_hal_msp.c.obj
LOAD CMakeFiles/Test_280.elf.dir/Core/Src/stm32f1xx_it.c.obj
LOAD CMakeFiles/Test_280.elf.dir/Core/Src/syscalls.c.obj
LOAD CMakeFiles/Test_280.elf.dir/Core/Src/system_stm32f1xx.c.obj
LOAD CMakeFiles/Test_280.elf.dir/Core/retarget.c.obj
LOAD CMakeFiles/Test_280.elf.dir/Drivers/STM32F1xx_HAL_Driver/Src/stm32f1xx_hal.c.obj
LOAD CMakeFiles/Test_280.elf.dir/Drivers/STM32F1xx_HAL_Driver/Src/stm32f1xx_hal_cortex.c.obj
LOAD CMakeFiles/Test_280.elf.dir/Drivers/STM32F1xx_HAL_Driver/Src/stm32f1xx_hal_dma.c.obj
LOAD CMakeFiles/Test_280.elf.dir/Drivers/STM32F1xx_HAL_Driver/Src/stm32f1xx_hal_exti.c.obj
LOAD CMakeFiles/Test_280.elf.dir/Drivers/STM32F1xx_HAL_Driver/Src/stm32f1xx_hal_flash.c.obj
LOAD CMakeFiles/Test_280.elf.dir/Drivers/STM32F1xx_HAL_Driver/Src/stm32f1xx_hal_flash_ex.c.obj
LOAD CMakeFiles/Test_280.elf.dir/Drivers/STM32F1xx_HAL_Driver/Src/stm32f1xx_hal_gpio.c.obj
LOAD CMakeFiles/Test_280.elf.dir/Drivers/STM32F1xx_HAL_Driver/Src/stm32f1xx_hal_gpio_ex.c.obj
LOAD CMakeFiles/Test_280.elf.dir/Drivers/STM32F1xx_HAL_Driver/Src/stm32f1xx_hal_pwr.c.obj
LOAD CMakeFiles/Test_280.elf.dir/Drivers/STM32F1xx_HAL_Driver/Src/stm32f1xx_hal_rcc.c.obj
LOAD CMakeFiles/Test_280.elf.dir/Drivers/STM32F1xx_HAL_Driver/Src/stm32f1xx_hal_rcc_ex.c.obj
LOAD CMakeFiles/Test_280.elf.dir/Drivers/STM32F1xx_HAL_Driver/Src/stm32f1xx_hal_spi.c.obj
LOAD CMakeFiles/Test_280.elf.dir/Drivers/STM32F1xx_HAL_Driver/Src/stm32f1xx_hal_tim.c.obj
LOAD CMakeFiles/Test_280.elf.dir/Drivers/STM32F1xx_HAL_Driver/Src/stm32f1xx_hal_tim_ex.c.obj
LOAD CMakeFiles/Test_280.elf.dir/Drivers/STM32F1xx_HAL_Driver/Src/stm32f1xx_hal_uart.c.obj
LOAD CMakeFiles/Test_280.elf.dir/startup/startup_stm32f103xb.s.obj
START GROUP
LOAD c:/progra~2/gnuarm~1/102021~1.10/bin/../lib/gcc/arm-none-eabi/10.3.1/thumb/v7-m/nofp\libgcc.a
LOAD c:/progra~2/gnuarm~1/102021~1.10/bin/../lib/gcc/arm-none-eabi/10.3.1/../../../../arm-none-eabi/lib/thumb/v7-m/nofp\libg.a
LOAD c:/progra~2/gnuarm~1/102021~1.10/bin/../lib/gcc/arm-none-eabi/10.3.1/../../../../arm-none-eabi/lib/thumb/v7-m/nofp\libc.a
END GROUP
LOAD c:/progra~2/gnuarm~1/102021~1.10/bin/../lib/gcc/arm-none-eabi/10.3.1/thumb/v7-m/nofp/crtend.o
LOAD c:/progra~2/gnuarm~1/102021~1.10/bin/../lib/gcc/arm-none-eabi/10.3.1/thumb/v7-m/nofp/crtn.o
                0x20005000                _estack = 0x20005000
                0x00000200                _Min_Heap_Size = 0x200
                0x00000400                _Min_Stack_Size = 0x400

.isr_vector     0x08000000      0x10c
                0x08000000                . = ALIGN (0x4)
 *(.isr_vector)
 .isr_vector    0x08000000      0x10c CMakeFiles/Test_280.elf.dir/startup/startup_stm32f103xb.s.obj
                0x08000000                g_pfnVectors
                0x0800010c                . = ALIGN (0x4)

.text           0x08000110     0x96c0
                0x08000110                . = ALIGN (0x4)
 *(.text)
 .text          0x08000110       0x40 c:/progra~2/gnuarm~1/102021~1.10/bin/../lib/gcc/arm-none-eabi/10.3.1/thumb/v7-m/nofp/crtbegin.o
 .text          0x08000150      0x378 c:/progra~2/gnuarm~1/102021~1.10/bin/../lib/gcc/arm-none-eabi/10.3.1/thumb/v7-m/nofp\libgcc.a(_arm_addsubdf3.o)
                0x08000150                __aeabi_drsub
                0x08000158                __aeabi_dsub
                0x08000158                __subdf3
                0x0800015c                __aeabi_dadd
                0x0800015c                __adddf3
                0x080003d4                __floatunsidf
                0x080003d4                __aeabi_ui2d
                0x080003f4                __floatsidf
                0x080003f4                __aeabi_i2d
                0x08000418                __aeabi_f2d
                0x08000418                __extendsfdf2
                0x0800045c                __floatundidf
                0x0800045c                __aeabi_ul2d
                0x0800046c                __floatdidf
                0x0800046c                __aeabi_l2d
 .text          0x080004c8      0x21c c:/progra~2/gnuarm~1/102021~1.10/bin/../lib/gcc/arm-none-eabi/10.3.1/thumb/v7-m/nofp\libgcc.a(_arm_addsubsf3.o)
                0x080004c8                __aeabi_frsub
                0x080004d0                __subsf3
                0x080004d0                __aeabi_fsub
                0x080004d4                __aeabi_fadd
                0x080004d4                __addsf3
                0x08000634                __aeabi_ui2f
                0x08000634                __floatunsisf
                0x0800063c                __aeabi_i2f
                0x0800063c                __floatsisf
                0x08000658                __aeabi_ul2f
                0x08000658                __floatundisf
                0x08000668                __aeabi_l2f
                0x08000668                __floatdisf
 .text          0x080006e4      0x2a0 c:/progra~2/gnuarm~1/102021~1.10/bin/../lib/gcc/arm-none-eabi/10.3.1/thumb/v7-m/nofp\libgcc.a(_arm_muldivsf3.o)
                0x080006e4                __mulsf3
                0x080006e4                __aeabi_fmul
                0x0800084c                __aeabi_fdiv
                0x0800084c                __divsf3
 .text          0x08000984       0x4c c:/progra~2/gnuarm~1/102021~1.10/bin/../lib/gcc/arm-none-eabi/10.3.1/thumb/v7-m/nofp\libgcc.a(_arm_fixsfsi.o)
                0x08000984                __aeabi_f2iz
                0x08000984                __fixsfsi
 .text          0x080009d0       0xec c:/progra~2/gnuarm~1/102021~1.10/bin/../lib/gcc/arm-none-eabi/10.3.1/../../../../arm-none-eabi/lib/thumb/v7-m/nofp\libg.a(lib_a-memcpy.o)
                0x080009d0                memcpy
 .text          0x08000abc      0x424 c:/progra~2/gnuarm~1/102021~1.10/bin/../lib/gcc/arm-none-eabi/10.3.1/thumb/v7-m/nofp\libgcc.a(_arm_muldivdf3.o)
                0x08000abc                __aeabi_dmul
                0x08000abc                __muldf3
                0x08000d10                __divdf3
                0x08000d10                __aeabi_ddiv
 .text          0x08000ee0      0x110 c:/progra~2/gnuarm~1/102021~1.10/bin/../lib/gcc/arm-none-eabi/10.3.1/thumb/v7-m/nofp\libgcc.a(_arm_cmpdf2.o)
                0x08000ee0                __gtdf2
                0x08000ee0                __gedf2
                0x08000ee8                __ltdf2
                0x08000ee8                __ledf2
                0x08000ef0                __nedf2
                0x08000ef0                __eqdf2
                0x08000ef0                __cmpdf2
                0x08000f6c                __aeabi_cdrcmple
                0x08000f7c                __aeabi_cdcmpeq
                0x08000f7c                __aeabi_cdcmple
                0x08000f8c                __aeabi_dcmpeq
                0x08000fa0                __aeabi_dcmplt
                0x08000fb4                __aeabi_dcmple
                0x08000fc8                __aeabi_dcmpge
                0x08000fdc                __aeabi_dcmpgt
 .text          0x08000ff0       0x2c c:/progra~2/gnuarm~1/102021~1.10/bin/../lib/gcc/arm-none-eabi/10.3.1/thumb/v7-m/nofp\libgcc.a(_arm_unorddf2.o)
                0x08000ff0                __unorddf2
                0x08000ff0                __aeabi_dcmpun
 .text          0x0800101c       0x50 c:/progra~2/gnuarm~1/102021~1.10/bin/../lib/gcc/arm-none-eabi/10.3.1/thumb/v7-m/nofp\libgcc.a(_arm_fixdfsi.o)
                0x0800101c                __aeabi_d2iz
                0x0800101c                __fixdfsi
 .text          0x0800106c       0x30 c:/progra~2/gnuarm~1/102021~1.10/bin/../lib/gcc/arm-none-eabi/10.3.1/thumb/v7-m/nofp\libgcc.a(_aeabi_uldivmod.o)
                0x0800106c                __aeabi_uldivmod
 .text          0x0800109c      0x2d4 c:/progra~2/gnuarm~1/102021~1.10/bin/../lib/gcc/arm-none-eabi/10.3.1/thumb/v7-m/nofp\libgcc.a(_udivmoddi4.o)
                0x0800109c                __udivmoddi4
 .text          0x08001370        0x4 c:/progra~2/gnuarm~1/102021~1.10/bin/../lib/gcc/arm-none-eabi/10.3.1/thumb/v7-m/nofp\libgcc.a(_dvmd_tls.o)
                0x08001370                __aeabi_idiv0
                0x08001370                __aeabi_ldiv0
 *(.text*)
 .text.GPIO_ResetBits
                0x08001374        0xa CMakeFiles/Test_280.elf.dir/Core/Inc/LCD/lcd.c.obj
                0x08001374                GPIO_ResetBits
 .text.GPIO_SetBits
                0x0800137e        0xa CMakeFiles/Test_280.elf.dir/Core/Inc/LCD/lcd.c.obj
                0x0800137e                GPIO_SetBits
 .text.LCD_Fill
                0x08001388       0x3c CMakeFiles/Test_280.elf.dir/Core/Inc/LCD/lcd.c.obj
                0x08001388                LCD_Fill
 .text.LCD_GPIO_Init
                0x080013c4       0x7c CMakeFiles/Test_280.elf.dir/Core/Inc/LCD/lcd_init.c.obj
                0x080013c4                LCD_GPIO_Init
 .text.LCD_Writ_Bus
                0x08001440       0x58 CMakeFiles/Test_280.elf.dir/Core/Inc/LCD/lcd_init.c.obj
                0x08001440                LCD_Writ_Bus
 .text.LCD_WR_DATA8
                0x08001498        0x8 CMakeFiles/Test_280.elf.dir/Core/Inc/LCD/lcd_init.c.obj
                0x08001498                LCD_WR_DATA8
 .text.LCD_WR_DATA
                0x080014a0       0x12 CMakeFiles/Test_280.elf.dir/Core/Inc/LCD/lcd_init.c.obj
                0x080014a0                LCD_WR_DATA
 *fill*         0x080014b2        0x2 
 .text.LCD_WR_REG
                0x080014b4       0x24 CMakeFiles/Test_280.elf.dir/Core/Inc/LCD/lcd_init.c.obj
                0x080014b4                LCD_WR_REG
 .text.LCD_Address_Set
                0x080014d8       0x3e CMakeFiles/Test_280.elf.dir/Core/Inc/LCD/lcd_init.c.obj
                0x080014d8                LCD_Address_Set
 *fill*         0x08001516        0x2 
 .text.LCD_Init
                0x08001518      0x19c CMakeFiles/Test_280.elf.dir/Core/Inc/LCD/lcd_init.c.obj
                0x08001518                LCD_Init
 .text.send_Instruction
                0x080016b4       0x5a CMakeFiles/Test_280.elf.dir/Core/Inc/my_work/my_work.c.obj
                0x080016b4                send_Instruction
 *fill*         0x0800170e        0x2 
 .text.The_sum_init
                0x08001710       0x4c CMakeFiles/Test_280.elf.dir/Core/Inc/my_work/my_work.c.obj
                0x08001710                The_sum_init
 .text.test_6050
                0x0800175c      0x284 CMakeFiles/Test_280.elf.dir/Core/Inc/my_work/my_work.c.obj
                0x0800175c                test_6050
 .text.The_comcupter_comunicate
                0x080019e0       0xf0 CMakeFiles/Test_280.elf.dir/Core/Inc/my_work/my_work.c.obj
                0x080019e0                The_comcupter_comunicate
 .text.delay_init
                0x08001ad0       0x14 CMakeFiles/Test_280.elf.dir/Core/SYSTEM/delay/delay.c.obj
                0x08001ad0                delay_init
 .text.delay_us
                0x08001ae4       0x3c CMakeFiles/Test_280.elf.dir/Core/SYSTEM/delay/delay.c.obj
                0x08001ae4                delay_us
 .text.delay_ms
                0x08001b20       0x18 CMakeFiles/Test_280.elf.dir/Core/SYSTEM/delay/delay.c.obj
                0x08001b20                delay_ms
 .text.uart_init_1
                0x08001b38       0x40 CMakeFiles/Test_280.elf.dir/Core/SYSTEM/usart/usart.c.obj
                0x08001b38                uart_init_1
 .text.uart_init_2
                0x08001b78       0x40 CMakeFiles/Test_280.elf.dir/Core/SYSTEM/usart/usart.c.obj
                0x08001b78                uart_init_2
 .text.HAL_UART_MspInit
                0x08001bb8      0x100 CMakeFiles/Test_280.elf.dir/Core/SYSTEM/usart/usart.c.obj
                0x08001bb8                HAL_UART_MspInit
 .text.USART_send_byte
                0x08001cb8       0x1c CMakeFiles/Test_280.elf.dir/Core/SYSTEM/usart/usart.c.obj
                0x08001cb8                USART_send_byte
 .text.USART_Send_bytes
                0x08001cd4       0x1c CMakeFiles/Test_280.elf.dir/Core/SYSTEM/usart/usart.c.obj
                0x08001cd4                USART_Send_bytes
 .text.CHeck    0x08001cf0       0x4c CMakeFiles/Test_280.elf.dir/Core/SYSTEM/usart/usart.c.obj
                0x08001cf0                CHeck
 .text.HAL_UART_RxCpltCallback
                0x08001d3c      0x108 CMakeFiles/Test_280.elf.dir/Core/SYSTEM/usart/usart.c.obj
                0x08001d3c                HAL_UART_RxCpltCallback
 .text.USART1_IRQHandler
                0x08001e44       0x2c CMakeFiles/Test_280.elf.dir/Core/SYSTEM/usart/usart.c.obj
                0x08001e44                USART1_IRQHandler
 .text.USART2_IRQHandler
                0x08001e70       0x2c CMakeFiles/Test_280.elf.dir/Core/SYSTEM/usart/usart.c.obj
                0x08001e70                USART2_IRQHandler
 .text.Error_Handler
                0x08001e9c       0x24 CMakeFiles/Test_280.elf.dir/Core/Src/main.c.obj
                0x08001e9c                Error_Handler
 .text.SystemClock_Config
                0x08001ec0       0x60 CMakeFiles/Test_280.elf.dir/Core/Src/main.c.obj
                0x08001ec0                SystemClock_Config
 .text.main     0x08001f20       0x18 CMakeFiles/Test_280.elf.dir/Core/Src/main.c.obj
                0x08001f20                main
 .text.MX_SPI1_Init
                0x08001f38       0x44 CMakeFiles/Test_280.elf.dir/Core/Src/spi.c.obj
                0x08001f38                MX_SPI1_Init
 .text.HAL_SPI_MspInit
                0x08001f7c       0x64 CMakeFiles/Test_280.elf.dir/Core/Src/spi.c.obj
                0x08001f7c                HAL_SPI_MspInit
 .text.HAL_MspInit
                0x08001fe0       0x44 CMakeFiles/Test_280.elf.dir/Core/Src/stm32f1xx_hal_msp.c.obj
                0x08001fe0                HAL_MspInit
 .text.NMI_Handler
                0x08002024        0x2 CMakeFiles/Test_280.elf.dir/Core/Src/stm32f1xx_it.c.obj
                0x08002024                NMI_Handler
 .text.HardFault_Handler
                0x08002026        0x2 CMakeFiles/Test_280.elf.dir/Core/Src/stm32f1xx_it.c.obj
                0x08002026                HardFault_Handler
 .text.MemManage_Handler
                0x08002028        0x2 CMakeFiles/Test_280.elf.dir/Core/Src/stm32f1xx_it.c.obj
                0x08002028                MemManage_Handler
 .text.BusFault_Handler
                0x0800202a        0x2 CMakeFiles/Test_280.elf.dir/Core/Src/stm32f1xx_it.c.obj
                0x0800202a                BusFault_Handler
 .text.UsageFault_Handler
                0x0800202c        0x2 CMakeFiles/Test_280.elf.dir/Core/Src/stm32f1xx_it.c.obj
                0x0800202c                UsageFault_Handler
 .text.SVC_Handler
                0x0800202e        0x2 CMakeFiles/Test_280.elf.dir/Core/Src/stm32f1xx_it.c.obj
                0x0800202e                SVC_Handler
 .text.DebugMon_Handler
                0x08002030        0x2 CMakeFiles/Test_280.elf.dir/Core/Src/stm32f1xx_it.c.obj
                0x08002030                DebugMon_Handler
 .text.PendSV_Handler
                0x08002032        0x2 CMakeFiles/Test_280.elf.dir/Core/Src/stm32f1xx_it.c.obj
                0x08002032                PendSV_Handler
 .text.SysTick_Handler
                0x08002034        0x8 CMakeFiles/Test_280.elf.dir/Core/Src/stm32f1xx_it.c.obj
                0x08002034                SysTick_Handler
 .text._getpid  0x0800203c        0x4 CMakeFiles/Test_280.elf.dir/Core/Src/syscalls.c.obj
                0x0800203c                _getpid
 .text._kill    0x08002040       0x10 CMakeFiles/Test_280.elf.dir/Core/Src/syscalls.c.obj
                0x08002040                _kill
 .text._exit    0x08002050        0xc CMakeFiles/Test_280.elf.dir/Core/Src/syscalls.c.obj
                0x08002050                _exit
 .text._sbrk    0x0800205c       0x3c CMakeFiles/Test_280.elf.dir/Core/Src/syscalls.c.obj
                0x0800205c                _sbrk
 .text._close   0x08002098        0x6 CMakeFiles/Test_280.elf.dir/Core/Src/syscalls.c.obj
                0x08002098                _close
 .text._fstat   0x0800209e        0xa CMakeFiles/Test_280.elf.dir/Core/Src/syscalls.c.obj
                0x0800209e                _fstat
 .text._isatty  0x080020a8        0x4 CMakeFiles/Test_280.elf.dir/Core/Src/syscalls.c.obj
                0x080020a8                _isatty
 .text._lseek   0x080020ac        0x4 CMakeFiles/Test_280.elf.dir/Core/Src/syscalls.c.obj
                0x080020ac                _lseek
 .text.SystemInit
                0x080020b0        0x2 CMakeFiles/Test_280.elf.dir/Core/Src/system_stm32f1xx.c.obj
                0x080020b0                SystemInit
 *fill*         0x080020b2        0x2 
 .text.RetargetInit
                0x080020b4       0x20 CMakeFiles/Test_280.elf.dir/Core/retarget.c.obj
                0x080020b4                RetargetInit
 .text._write   0x080020d4       0x34 CMakeFiles/Test_280.elf.dir/Core/retarget.c.obj
                0x080020d4                _write
 .text._read    0x08002108       0x30 CMakeFiles/Test_280.elf.dir/Core/retarget.c.obj
                0x08002108                _read
 .text.HAL_InitTick
                0x08002138       0x4c CMakeFiles/Test_280.elf.dir/Drivers/STM32F1xx_HAL_Driver/Src/stm32f1xx_hal.c.obj
                0x08002138                HAL_InitTick
 .text.HAL_Init
                0x08002184       0x24 CMakeFiles/Test_280.elf.dir/Drivers/STM32F1xx_HAL_Driver/Src/stm32f1xx_hal.c.obj
                0x08002184                HAL_Init
 .text.HAL_IncTick
                0x080021a8       0x18 CMakeFiles/Test_280.elf.dir/Drivers/STM32F1xx_HAL_Driver/Src/stm32f1xx_hal.c.obj
                0x080021a8                HAL_IncTick
 .text.HAL_GetTick
                0x080021c0        0xc CMakeFiles/Test_280.elf.dir/Drivers/STM32F1xx_HAL_Driver/Src/stm32f1xx_hal.c.obj
                0x080021c0                HAL_GetTick
 .text.HAL_Delay
                0x080021cc       0x28 CMakeFiles/Test_280.elf.dir/Drivers/STM32F1xx_HAL_Driver/Src/stm32f1xx_hal.c.obj
                0x080021cc                HAL_Delay
 .text.HAL_NVIC_SetPriorityGrouping
                0x080021f4       0x24 CMakeFiles/Test_280.elf.dir/Drivers/STM32F1xx_HAL_Driver/Src/stm32f1xx_hal_cortex.c.obj
                0x080021f4                HAL_NVIC_SetPriorityGrouping
 .text.HAL_NVIC_SetPriority
                0x08002218       0x70 CMakeFiles/Test_280.elf.dir/Drivers/STM32F1xx_HAL_Driver/Src/stm32f1xx_hal_cortex.c.obj
                0x08002218                HAL_NVIC_SetPriority
 .text.HAL_NVIC_EnableIRQ
                0x08002288       0x1c CMakeFiles/Test_280.elf.dir/Drivers/STM32F1xx_HAL_Driver/Src/stm32f1xx_hal_cortex.c.obj
                0x08002288                HAL_NVIC_EnableIRQ
 .text.HAL_SYSTICK_Config
                0x080022a4       0x28 CMakeFiles/Test_280.elf.dir/Drivers/STM32F1xx_HAL_Driver/Src/stm32f1xx_hal_cortex.c.obj
                0x080022a4                HAL_SYSTICK_Config
 .text.HAL_SYSTICK_CLKSourceConfig
                0x080022cc       0x20 CMakeFiles/Test_280.elf.dir/Drivers/STM32F1xx_HAL_Driver/Src/stm32f1xx_hal_cortex.c.obj
                0x080022cc                HAL_SYSTICK_CLKSourceConfig
 .text.HAL_DMA_Abort
                0x080022ec       0x44 CMakeFiles/Test_280.elf.dir/Drivers/STM32F1xx_HAL_Driver/Src/stm32f1xx_hal_dma.c.obj
                0x080022ec                HAL_DMA_Abort
 .text.HAL_DMA_Abort_IT
                0x08002330       0x98 CMakeFiles/Test_280.elf.dir/Drivers/STM32F1xx_HAL_Driver/Src/stm32f1xx_hal_dma.c.obj
                0x08002330                HAL_DMA_Abort_IT
 .text.HAL_GPIO_Init
                0x080023c8      0x224 CMakeFiles/Test_280.elf.dir/Drivers/STM32F1xx_HAL_Driver/Src/stm32f1xx_hal_gpio.c.obj
                0x080023c8                HAL_GPIO_Init
 .text.HAL_GPIO_WritePin
                0x080025ec        0xc CMakeFiles/Test_280.elf.dir/Drivers/STM32F1xx_HAL_Driver/Src/stm32f1xx_hal_gpio.c.obj
                0x080025ec                HAL_GPIO_WritePin
 .text.HAL_GPIO_TogglePin
                0x080025f8       0x12 CMakeFiles/Test_280.elf.dir/Drivers/STM32F1xx_HAL_Driver/Src/stm32f1xx_hal_gpio.c.obj
                0x080025f8                HAL_GPIO_TogglePin
 *fill*         0x0800260a        0x2 
 .text.RCC_Delay
                0x0800260c       0x2c CMakeFiles/Test_280.elf.dir/Drivers/STM32F1xx_HAL_Driver/Src/stm32f1xx_hal_rcc.c.obj
 .text.HAL_RCC_OscConfig
                0x08002638      0x410 CMakeFiles/Test_280.elf.dir/Drivers/STM32F1xx_HAL_Driver/Src/stm32f1xx_hal_rcc.c.obj
                0x08002638                HAL_RCC_OscConfig
 .text.HAL_RCC_GetSysClockFreq
                0x08002a48       0x70 CMakeFiles/Test_280.elf.dir/Drivers/STM32F1xx_HAL_Driver/Src/stm32f1xx_hal_rcc.c.obj
                0x08002a48                HAL_RCC_GetSysClockFreq
 .text.HAL_RCC_ClockConfig
                0x08002ab8      0x16c CMakeFiles/Test_280.elf.dir/Drivers/STM32F1xx_HAL_Driver/Src/stm32f1xx_hal_rcc.c.obj
                0x08002ab8                HAL_RCC_ClockConfig
 .text.HAL_RCC_GetHCLKFreq
                0x08002c24        0xc CMakeFiles/Test_280.elf.dir/Drivers/STM32F1xx_HAL_Driver/Src/stm32f1xx_hal_rcc.c.obj
                0x08002c24                HAL_RCC_GetHCLKFreq
 .text.HAL_RCC_GetPCLK1Freq
                0x08002c30       0x20 CMakeFiles/Test_280.elf.dir/Drivers/STM32F1xx_HAL_Driver/Src/stm32f1xx_hal_rcc.c.obj
                0x08002c30                HAL_RCC_GetPCLK1Freq
 .text.HAL_RCC_GetPCLK2Freq
                0x08002c50       0x20 CMakeFiles/Test_280.elf.dir/Drivers/STM32F1xx_HAL_Driver/Src/stm32f1xx_hal_rcc.c.obj
                0x08002c50                HAL_RCC_GetPCLK2Freq
 .text.HAL_SPI_Init
                0x08002c70       0xb6 CMakeFiles/Test_280.elf.dir/Drivers/STM32F1xx_HAL_Driver/Src/stm32f1xx_hal_spi.c.obj
                0x08002c70                HAL_SPI_Init
 .text.UART_EndRxTransfer
                0x08002d26       0x32 CMakeFiles/Test_280.elf.dir/Drivers/STM32F1xx_HAL_Driver/Src/stm32f1xx_hal_uart.c.obj
 .text.UART_Transmit_IT
                0x08002d58       0x60 CMakeFiles/Test_280.elf.dir/Drivers/STM32F1xx_HAL_Driver/Src/stm32f1xx_hal_uart.c.obj
 .text.UART_SetConfig
                0x08002db8       0x94 CMakeFiles/Test_280.elf.dir/Drivers/STM32F1xx_HAL_Driver/Src/stm32f1xx_hal_uart.c.obj
 .text.UART_WaitOnFlagUntilTimeout
                0x08002e4c       0x6c CMakeFiles/Test_280.elf.dir/Drivers/STM32F1xx_HAL_Driver/Src/stm32f1xx_hal_uart.c.obj
 .text.HAL_UART_Init
                0x08002eb8       0x5e CMakeFiles/Test_280.elf.dir/Drivers/STM32F1xx_HAL_Driver/Src/stm32f1xx_hal_uart.c.obj
                0x08002eb8                HAL_UART_Init
 .text.HAL_UART_Transmit
                0x08002f16       0xd8 CMakeFiles/Test_280.elf.dir/Drivers/STM32F1xx_HAL_Driver/Src/stm32f1xx_hal_uart.c.obj
                0x08002f16                HAL_UART_Transmit
 .text.HAL_UART_Receive
                0x08002fee       0xe4 CMakeFiles/Test_280.elf.dir/Drivers/STM32F1xx_HAL_Driver/Src/stm32f1xx_hal_uart.c.obj
                0x08002fee                HAL_UART_Receive
 .text.HAL_UART_TxCpltCallback
                0x080030d2        0x2 CMakeFiles/Test_280.elf.dir/Drivers/STM32F1xx_HAL_Driver/Src/stm32f1xx_hal_uart.c.obj
                0x080030d2                HAL_UART_TxCpltCallback
 .text.UART_EndTransmit_IT
                0x080030d4       0x1a CMakeFiles/Test_280.elf.dir/Drivers/STM32F1xx_HAL_Driver/Src/stm32f1xx_hal_uart.c.obj
 .text.HAL_UART_ErrorCallback
                0x080030ee        0x2 CMakeFiles/Test_280.elf.dir/Drivers/STM32F1xx_HAL_Driver/Src/stm32f1xx_hal_uart.c.obj
                0x080030ee                HAL_UART_ErrorCallback
 .text.UART_DMAAbortOnError
                0x080030f0       0x10 CMakeFiles/Test_280.elf.dir/Drivers/STM32F1xx_HAL_Driver/Src/stm32f1xx_hal_uart.c.obj
 .text.HAL_UARTEx_RxEventCallback
                0x08003100        0x2 CMakeFiles/Test_280.elf.dir/Drivers/STM32F1xx_HAL_Driver/Src/stm32f1xx_hal_uart.c.obj
                0x08003100                HAL_UARTEx_RxEventCallback
 .text.UART_Receive_IT
                0x08003102       0xd4 CMakeFiles/Test_280.elf.dir/Drivers/STM32F1xx_HAL_Driver/Src/stm32f1xx_hal_uart.c.obj
 *fill*         0x080031d6        0x2 
 .text.HAL_UART_IRQHandler
                0x080031d8      0x204 CMakeFiles/Test_280.elf.dir/Drivers/STM32F1xx_HAL_Driver/Src/stm32f1xx_hal_uart.c.obj
                0x080031d8                HAL_UART_IRQHandler
 .text.HAL_UART_GetState
                0x080033dc        0xc CMakeFiles/Test_280.elf.dir/Drivers/STM32F1xx_HAL_Driver/Src/stm32f1xx_hal_uart.c.obj
                0x080033dc                HAL_UART_GetState
 .text.UART_Start_Receive_IT
                0x080033e8       0x36 CMakeFiles/Test_280.elf.dir/Drivers/STM32F1xx_HAL_Driver/Src/stm32f1xx_hal_uart.c.obj
                0x080033e8                UART_Start_Receive_IT
 .text.HAL_UART_Receive_IT
                0x0800341e       0x38 CMakeFiles/Test_280.elf.dir/Drivers/STM32F1xx_HAL_Driver/Src/stm32f1xx_hal_uart.c.obj
                0x0800341e                HAL_UART_Receive_IT
 *fill*         0x08003456        0x2 
 .text.Reset_Handler
                0x08003458       0x48 CMakeFiles/Test_280.elf.dir/startup/startup_stm32f103xb.s.obj
                0x08003458                Reset_Handler
 .text.Default_Handler
                0x080034a0        0x2 CMakeFiles/Test_280.elf.dir/startup/startup_stm32f103xb.s.obj
                0x080034a0                RTC_Alarm_IRQHandler
                0x080034a0                EXTI2_IRQHandler
                0x080034a0                TIM1_CC_IRQHandler
                0x080034a0                PVD_IRQHandler
                0x080034a0                EXTI3_IRQHandler
                0x080034a0                EXTI0_IRQHandler
                0x080034a0                I2C2_EV_IRQHandler
                0x080034a0                ADC1_2_IRQHandler
                0x080034a0                SPI1_IRQHandler
                0x080034a0                TAMPER_IRQHandler
                0x080034a0                DMA1_Channel4_IRQHandler
                0x080034a0                USART3_IRQHandler
                0x080034a0                RTC_IRQHandler
                0x080034a0                DMA1_Channel7_IRQHandler
                0x080034a0                CAN1_RX1_IRQHandler
                0x080034a0                TIM4_IRQHandler
                0x080034a0                I2C1_EV_IRQHandler
                0x080034a0                DMA1_Channel6_IRQHandler
                0x080034a0                TIM3_IRQHandler
                0x080034a0                RCC_IRQHandler
                0x080034a0                TIM1_TRG_COM_IRQHandler
                0x080034a0                DMA1_Channel1_IRQHandler
                0x080034a0                Default_Handler
                0x080034a0                EXTI15_10_IRQHandler
                0x080034a0                EXTI9_5_IRQHandler
                0x080034a0                SPI2_IRQHandler
                0x080034a0                DMA1_Channel5_IRQHandler
                0x080034a0                EXTI4_IRQHandler
                0x080034a0                USB_LP_CAN1_RX0_IRQHandler
                0x080034a0                USB_HP_CAN1_TX_IRQHandler
                0x080034a0                DMA1_Channel3_IRQHandler
                0x080034a0                TIM1_UP_IRQHandler
                0x080034a0                WWDG_IRQHandler
                0x080034a0                TIM2_IRQHandler
                0x080034a0                TIM1_BRK_IRQHandler
                0x080034a0                EXTI1_IRQHandler
                0x080034a0                I2C2_ER_IRQHandler
                0x080034a0                DMA1_Channel2_IRQHandler
                0x080034a0                CAN1_SCE_IRQHandler
                0x080034a0                FLASH_IRQHandler
                0x080034a0                I2C1_ER_IRQHandler
                0x080034a0                USBWakeUp_IRQHandler
 *fill*         0x080034a2        0x2 
 .text.__errno  0x080034a4        0xc c:/progra~2/gnuarm~1/102021~1.10/bin/../lib/gcc/arm-none-eabi/10.3.1/../../../../arm-none-eabi/lib/thumb/v7-m/nofp\libg.a(lib_a-errno.o)
                0x080034a4                __errno
 .text.__libc_init_array
                0x080034b0       0x48 c:/progra~2/gnuarm~1/102021~1.10/bin/../lib/gcc/arm-none-eabi/10.3.1/../../../../arm-none-eabi/lib/thumb/v7-m/nofp\libg.a(lib_a-init.o)
                0x080034b0                __libc_init_array
 .text.memset   0x080034f8       0xa4 c:/progra~2/gnuarm~1/102021~1.10/bin/../lib/gcc/arm-none-eabi/10.3.1/../../../../arm-none-eabi/lib/thumb/v7-m/nofp\libg.a(lib_a-memset.o)
                0x080034f8                memset
 .text.printf   0x0800359c       0x28 c:/progra~2/gnuarm~1/102021~1.10/bin/../lib/gcc/arm-none-eabi/10.3.1/../../../../arm-none-eabi/lib/thumb/v7-m/nofp\libg.a(lib_a-printf.o)
                0x0800359c                printf
 .text._puts_r  0x080035c4       0x9c c:/progra~2/gnuarm~1/102021~1.10/bin/../lib/gcc/arm-none-eabi/10.3.1/../../../../arm-none-eabi/lib/thumb/v7-m/nofp\libg.a(lib_a-puts.o)
                0x080035c4                _puts_r
 .text.puts     0x08003660       0x10 c:/progra~2/gnuarm~1/102021~1.10/bin/../lib/gcc/arm-none-eabi/10.3.1/../../../../arm-none-eabi/lib/thumb/v7-m/nofp\libg.a(lib_a-puts.o)
                0x08003660                puts
 .text.setvbuf  0x08003670      0x1b0 c:/progra~2/gnuarm~1/102021~1.10/bin/../lib/gcc/arm-none-eabi/10.3.1/../../../../arm-none-eabi/lib/thumb/v7-m/nofp\libg.a(lib_a-setvbuf.o)
                0x08003670                setvbuf
 .text.strlen   0x08003820       0x5c c:/progra~2/gnuarm~1/102021~1.10/bin/../lib/gcc/arm-none-eabi/10.3.1/../../../../arm-none-eabi/lib/thumb/v7-m/nofp\libg.a(lib_a-strlen-stub.o)
                0x08003820                strlen
 .text._vfprintf_r
                0x0800387c     0x1b58 c:/progra~2/gnuarm~1/102021~1.10/bin/../lib/gcc/arm-none-eabi/10.3.1/../../../../arm-none-eabi/lib/thumb/v7-m/nofp\libg.a(lib_a-vfprintf.o)
                0x0800387c                _vfprintf_r
 .text.__sbprintf
                0x080053d4       0x84 c:/progra~2/gnuarm~1/102021~1.10/bin/../lib/gcc/arm-none-eabi/10.3.1/../../../../arm-none-eabi/lib/thumb/v7-m/nofp\libg.a(lib_a-vfprintf.o)
 .text.__swsetup_r
                0x08005458       0xd4 c:/progra~2/gnuarm~1/102021~1.10/bin/../lib/gcc/arm-none-eabi/10.3.1/../../../../arm-none-eabi/lib/thumb/v7-m/nofp\libg.a(lib_a-wsetup.o)
                0x08005458                __swsetup_r
 .text.startup.register_fini
                0x0800552c       0x14 c:/progra~2/gnuarm~1/102021~1.10/bin/../lib/gcc/arm-none-eabi/10.3.1/../../../../arm-none-eabi/lib/thumb/v7-m/nofp\libg.a(lib_a-__call_atexit.o)
 .text.atexit   0x08005540        0xc c:/progra~2/gnuarm~1/102021~1.10/bin/../lib/gcc/arm-none-eabi/10.3.1/../../../../arm-none-eabi/lib/thumb/v7-m/nofp\libg.a(lib_a-atexit.o)
                0x08005540                atexit
 .text.quorem   0x0800554c      0x12c c:/progra~2/gnuarm~1/102021~1.10/bin/../lib/gcc/arm-none-eabi/10.3.1/../../../../arm-none-eabi/lib/thumb/v7-m/nofp\libg.a(lib_a-dtoa.o)
 .text._dtoa_r  0x08005678      0xecc c:/progra~2/gnuarm~1/102021~1.10/bin/../lib/gcc/arm-none-eabi/10.3.1/../../../../arm-none-eabi/lib/thumb/v7-m/nofp\libg.a(lib_a-dtoa.o)
                0x08005678                _dtoa_r
 .text.__sflush_r
                0x08006544      0x124 c:/progra~2/gnuarm~1/102021~1.10/bin/../lib/gcc/arm-none-eabi/10.3.1/../../../../arm-none-eabi/lib/thumb/v7-m/nofp\libg.a(lib_a-fflush.o)
                0x08006544                __sflush_r
 .text._fflush_r
                0x08006668       0x5c c:/progra~2/gnuarm~1/102021~1.10/bin/../lib/gcc/arm-none-eabi/10.3.1/../../../../arm-none-eabi/lib/thumb/v7-m/nofp\libg.a(lib_a-fflush.o)
                0x08006668                _fflush_r
 .text._cleanup_r
                0x080066c4        0xc c:/progra~2/gnuarm~1/102021~1.10/bin/../lib/gcc/arm-none-eabi/10.3.1/../../../../arm-none-eabi/lib/thumb/v7-m/nofp\libg.a(lib_a-findfp.o)
                0x080066c4                _cleanup_r
 .text.__sinit  0x080066d0      0x10c c:/progra~2/gnuarm~1/102021~1.10/bin/../lib/gcc/arm-none-eabi/10.3.1/../../../../arm-none-eabi/lib/thumb/v7-m/nofp\libg.a(lib_a-findfp.o)
                0x080066d0                __sinit
 .text.__sfp_lock_acquire
                0x080067dc        0xc c:/progra~2/gnuarm~1/102021~1.10/bin/../lib/gcc/arm-none-eabi/10.3.1/../../../../arm-none-eabi/lib/thumb/v7-m/nofp\libg.a(lib_a-findfp.o)
                0x080067dc                __sfp_lock_acquire
 .text.__sfp_lock_release
                0x080067e8        0xc c:/progra~2/gnuarm~1/102021~1.10/bin/../lib/gcc/arm-none-eabi/10.3.1/../../../../arm-none-eabi/lib/thumb/v7-m/nofp\libg.a(lib_a-findfp.o)
                0x080067e8                __sfp_lock_release
 .text.__libc_fini_array
                0x080067f4       0x2c c:/progra~2/gnuarm~1/102021~1.10/bin/../lib/gcc/arm-none-eabi/10.3.1/../../../../arm-none-eabi/lib/thumb/v7-m/nofp\libg.a(lib_a-fini.o)
                0x080067f4                __libc_fini_array
 .text._malloc_trim_r
                0x08006820       0xa0 c:/progra~2/gnuarm~1/102021~1.10/bin/../lib/gcc/arm-none-eabi/10.3.1/../../../../arm-none-eabi/lib/thumb/v7-m/nofp\libg.a(lib_a-freer.o)
                0x08006820                _malloc_trim_r
 .text._free_r  0x080068c0      0x200 c:/progra~2/gnuarm~1/102021~1.10/bin/../lib/gcc/arm-none-eabi/10.3.1/../../../../arm-none-eabi/lib/thumb/v7-m/nofp\libg.a(lib_a-freer.o)
                0x080068c0                _free_r
 .text.__sfvwrite_r
                0x08006ac0      0x2f0 c:/progra~2/gnuarm~1/102021~1.10/bin/../lib/gcc/arm-none-eabi/10.3.1/../../../../arm-none-eabi/lib/thumb/v7-m/nofp\libg.a(lib_a-fvwrite.o)
                0x08006ac0                __sfvwrite_r
 .text._fwalk_reent
                0x08006db0       0x48 c:/progra~2/gnuarm~1/102021~1.10/bin/../lib/gcc/arm-none-eabi/10.3.1/../../../../arm-none-eabi/lib/thumb/v7-m/nofp\libg.a(lib_a-fwalk.o)
                0x08006db0                _fwalk_reent
 .text._localeconv_r
                0x08006df8        0x8 c:/progra~2/gnuarm~1/102021~1.10/bin/../lib/gcc/arm-none-eabi/10.3.1/../../../../arm-none-eabi/lib/thumb/v7-m/nofp\libg.a(lib_a-localeconv.o)
                0x08006df8                _localeconv_r
 .text.__retarget_lock_init_recursive
                0x08006e00        0x4 c:/progra~2/gnuarm~1/102021~1.10/bin/../lib/gcc/arm-none-eabi/10.3.1/../../../../arm-none-eabi/lib/thumb/v7-m/nofp\libg.a(lib_a-lock.o)
                0x08006e00                __retarget_lock_init_recursive
 .text.__retarget_lock_close_recursive
                0x08006e04        0x4 c:/progra~2/gnuarm~1/102021~1.10/bin/../lib/gcc/arm-none-eabi/10.3.1/../../../../arm-none-eabi/lib/thumb/v7-m/nofp\libg.a(lib_a-lock.o)
                0x08006e04                __retarget_lock_close_recursive
 .text.__retarget_lock_acquire_recursive
                0x08006e08        0x4 c:/progra~2/gnuarm~1/102021~1.10/bin/../lib/gcc/arm-none-eabi/10.3.1/../../../../arm-none-eabi/lib/thumb/v7-m/nofp\libg.a(lib_a-lock.o)
                0x08006e08                __retarget_lock_acquire_recursive
 .text.__retarget_lock_release_recursive
                0x08006e0c        0x4 c:/progra~2/gnuarm~1/102021~1.10/bin/../lib/gcc/arm-none-eabi/10.3.1/../../../../arm-none-eabi/lib/thumb/v7-m/nofp\libg.a(lib_a-lock.o)
                0x08006e0c                __retarget_lock_release_recursive
 .text.__smakebuf_r
                0x08006e10       0xe0 c:/progra~2/gnuarm~1/102021~1.10/bin/../lib/gcc/arm-none-eabi/10.3.1/../../../../arm-none-eabi/lib/thumb/v7-m/nofp\libg.a(lib_a-makebuf.o)
                0x08006e10                __smakebuf_r
 .text.__swhatbuf_r
                0x08006ef0       0x60 c:/progra~2/gnuarm~1/102021~1.10/bin/../lib/gcc/arm-none-eabi/10.3.1/../../../../arm-none-eabi/lib/thumb/v7-m/nofp\libg.a(lib_a-makebuf.o)
                0x08006ef0                __swhatbuf_r
 .text.malloc   0x08006f50       0x10 c:/progra~2/gnuarm~1/102021~1.10/bin/../lib/gcc/arm-none-eabi/10.3.1/../../../../arm-none-eabi/lib/thumb/v7-m/nofp\libg.a(lib_a-malloc.o)
                0x08006f50                malloc
 .text._malloc_r
                0x08006f60      0x558 c:/progra~2/gnuarm~1/102021~1.10/bin/../lib/gcc/arm-none-eabi/10.3.1/../../../../arm-none-eabi/lib/thumb/v7-m/nofp\libg.a(lib_a-mallocr.o)
                0x08006f60                _malloc_r
 .text.memchr   0x080074b8       0x90 c:/progra~2/gnuarm~1/102021~1.10/bin/../lib/gcc/arm-none-eabi/10.3.1/../../../../arm-none-eabi/lib/thumb/v7-m/nofp\libg.a(lib_a-memchr-stub.o)
                0x080074b8                memchr
 .text.memmove  0x08007548       0xf8 c:/progra~2/gnuarm~1/102021~1.10/bin/../lib/gcc/arm-none-eabi/10.3.1/../../../../arm-none-eabi/lib/thumb/v7-m/nofp\libg.a(lib_a-memmove.o)
                0x08007548                memmove
 .text.__malloc_lock
                0x08007640        0xc c:/progra~2/gnuarm~1/102021~1.10/bin/../lib/gcc/arm-none-eabi/10.3.1/../../../../arm-none-eabi/lib/thumb/v7-m/nofp\libg.a(lib_a-mlock.o)
                0x08007640                __malloc_lock
 .text.__malloc_unlock
                0x0800764c        0xc c:/progra~2/gnuarm~1/102021~1.10/bin/../lib/gcc/arm-none-eabi/10.3.1/../../../../arm-none-eabi/lib/thumb/v7-m/nofp\libg.a(lib_a-mlock.o)
                0x0800764c                __malloc_unlock
 .text._Balloc  0x08007658       0x4c c:/progra~2/gnuarm~1/102021~1.10/bin/../lib/gcc/arm-none-eabi/10.3.1/../../../../arm-none-eabi/lib/thumb/v7-m/nofp\libg.a(lib_a-mprec.o)
                0x08007658                _Balloc
 .text._Bfree   0x080076a4       0x14 c:/progra~2/gnuarm~1/102021~1.10/bin/../lib/gcc/arm-none-eabi/10.3.1/../../../../arm-none-eabi/lib/thumb/v7-m/nofp\libg.a(lib_a-mprec.o)
                0x080076a4                _Bfree
 .text.__multadd
                0x080076b8       0xa4 c:/progra~2/gnuarm~1/102021~1.10/bin/../lib/gcc/arm-none-eabi/10.3.1/../../../../arm-none-eabi/lib/thumb/v7-m/nofp\libg.a(lib_a-mprec.o)
                0x080076b8                __multadd
 .text.__hi0bits
                0x0800775c       0x40 c:/progra~2/gnuarm~1/102021~1.10/bin/../lib/gcc/arm-none-eabi/10.3.1/../../../../arm-none-eabi/lib/thumb/v7-m/nofp\libg.a(lib_a-mprec.o)
                0x0800775c                __hi0bits
 .text.__lo0bits
                0x0800779c       0x58 c:/progra~2/gnuarm~1/102021~1.10/bin/../lib/gcc/arm-none-eabi/10.3.1/../../../../arm-none-eabi/lib/thumb/v7-m/nofp\libg.a(lib_a-mprec.o)
                0x0800779c                __lo0bits
 .text.__i2b    0x080077f4       0x5c c:/progra~2/gnuarm~1/102021~1.10/bin/../lib/gcc/arm-none-eabi/10.3.1/../../../../arm-none-eabi/lib/thumb/v7-m/nofp\libg.a(lib_a-mprec.o)
                0x080077f4                __i2b
 .text.__multiply
                0x08007850      0x15c c:/progra~2/gnuarm~1/102021~1.10/bin/../lib/gcc/arm-none-eabi/10.3.1/../../../../arm-none-eabi/lib/thumb/v7-m/nofp\libg.a(lib_a-mprec.o)
                0x08007850                __multiply
 .text.__pow5mult
                0x080079ac       0xb8 c:/progra~2/gnuarm~1/102021~1.10/bin/../lib/gcc/arm-none-eabi/10.3.1/../../../../arm-none-eabi/lib/thumb/v7-m/nofp\libg.a(lib_a-mprec.o)
                0x080079ac                __pow5mult
 .text.__lshift
                0x08007a64       0xec c:/progra~2/gnuarm~1/102021~1.10/bin/../lib/gcc/arm-none-eabi/10.3.1/../../../../arm-none-eabi/lib/thumb/v7-m/nofp\libg.a(lib_a-mprec.o)
                0x08007a64                __lshift
 .text.__mcmp   0x08007b50       0x40 c:/progra~2/gnuarm~1/102021~1.10/bin/../lib/gcc/arm-none-eabi/10.3.1/../../../../arm-none-eabi/lib/thumb/v7-m/nofp\libg.a(lib_a-mprec.o)
                0x08007b50                __mcmp
 .text.__mdiff  0x08007b90      0x14c c:/progra~2/gnuarm~1/102021~1.10/bin/../lib/gcc/arm-none-eabi/10.3.1/../../../../arm-none-eabi/lib/thumb/v7-m/nofp\libg.a(lib_a-mprec.o)
                0x08007b90                __mdiff
 .text.__d2b    0x08007cdc       0xc4 c:/progra~2/gnuarm~1/102021~1.10/bin/../lib/gcc/arm-none-eabi/10.3.1/../../../../arm-none-eabi/lib/thumb/v7-m/nofp\libg.a(lib_a-mprec.o)
                0x08007cdc                __d2b
 .text._realloc_r
                0x08007da0      0x3dc c:/progra~2/gnuarm~1/102021~1.10/bin/../lib/gcc/arm-none-eabi/10.3.1/../../../../arm-none-eabi/lib/thumb/v7-m/nofp\libg.a(lib_a-reallocr.o)
                0x08007da0                _realloc_r
 .text.frexp    0x0800817c       0x70 c:/progra~2/gnuarm~1/102021~1.10/bin/../lib/gcc/arm-none-eabi/10.3.1/../../../../arm-none-eabi/lib/thumb/v7-m/nofp\libg.a(lib_a-s_frexp.o)
                0x0800817c                frexp
 .text._sbrk_r  0x080081ec       0x24 c:/progra~2/gnuarm~1/102021~1.10/bin/../lib/gcc/arm-none-eabi/10.3.1/../../../../arm-none-eabi/lib/thumb/v7-m/nofp\libg.a(lib_a-sbrkr.o)
                0x080081ec                _sbrk_r
 .text.__sread  0x08008210       0x24 c:/progra~2/gnuarm~1/102021~1.10/bin/../lib/gcc/arm-none-eabi/10.3.1/../../../../arm-none-eabi/lib/thumb/v7-m/nofp\libg.a(lib_a-stdio.o)
                0x08008210                __sread
 .text.__swrite
                0x08008234       0x40 c:/progra~2/gnuarm~1/102021~1.10/bin/../lib/gcc/arm-none-eabi/10.3.1/../../../../arm-none-eabi/lib/thumb/v7-m/nofp\libg.a(lib_a-stdio.o)
                0x08008234                __swrite
 .text.__sseek  0x08008274       0x20 c:/progra~2/gnuarm~1/102021~1.10/bin/../lib/gcc/arm-none-eabi/10.3.1/../../../../arm-none-eabi/lib/thumb/v7-m/nofp\libg.a(lib_a-stdio.o)
                0x08008274                __sseek
 .text.__sclose
                0x08008294        0x8 c:/progra~2/gnuarm~1/102021~1.10/bin/../lib/gcc/arm-none-eabi/10.3.1/../../../../arm-none-eabi/lib/thumb/v7-m/nofp\libg.a(lib_a-stdio.o)
                0x08008294                __sclose
 .text.strncpy  0x0800829c       0x68 c:/progra~2/gnuarm~1/102021~1.10/bin/../lib/gcc/arm-none-eabi/10.3.1/../../../../arm-none-eabi/lib/thumb/v7-m/nofp\libg.a(lib_a-strncpy.o)
                0x0800829c                strncpy
 .text.__sprint_r.part.0
                0x08008304       0x78 c:/progra~2/gnuarm~1/102021~1.10/bin/../lib/gcc/arm-none-eabi/10.3.1/../../../../arm-none-eabi/lib/thumb/v7-m/nofp\libg.a(lib_a-vfiprintf.o)
 .text.__sprint_r
                0x0800837c       0x14 c:/progra~2/gnuarm~1/102021~1.10/bin/../lib/gcc/arm-none-eabi/10.3.1/../../../../arm-none-eabi/lib/thumb/v7-m/nofp\libg.a(lib_a-vfiprintf.o)
                0x0800837c                __sprint_r
 .text._vfiprintf_r
                0x08008390      0xd98 c:/progra~2/gnuarm~1/102021~1.10/bin/../lib/gcc/arm-none-eabi/10.3.1/../../../../arm-none-eabi/lib/thumb/v7-m/nofp\libg.a(lib_a-vfiprintf.o)
                0x08008390                _vfiprintf_r
 .text.__sbprintf
                0x08009128       0x84 c:/progra~2/gnuarm~1/102021~1.10/bin/../lib/gcc/arm-none-eabi/10.3.1/../../../../arm-none-eabi/lib/thumb/v7-m/nofp\libg.a(lib_a-vfiprintf.o)
 .text._write_r
                0x080091ac       0x2c c:/progra~2/gnuarm~1/102021~1.10/bin/../lib/gcc/arm-none-eabi/10.3.1/../../../../arm-none-eabi/lib/thumb/v7-m/nofp\libg.a(lib_a-writer.o)
                0x080091ac                _write_r
 .text.__register_exitproc
                0x080091d8       0x8c c:/progra~2/gnuarm~1/102021~1.10/bin/../lib/gcc/arm-none-eabi/10.3.1/../../../../arm-none-eabi/lib/thumb/v7-m/nofp\libg.a(lib_a-__atexit.o)
                0x080091d8                __register_exitproc
 .text.__assert_func
                0x08009264       0x40 c:/progra~2/gnuarm~1/102021~1.10/bin/../lib/gcc/arm-none-eabi/10.3.1/../../../../arm-none-eabi/lib/thumb/v7-m/nofp\libg.a(lib_a-assert.o)
                0x08009264                __assert_func
 .text._calloc_r
                0x080092a4       0x78 c:/progra~2/gnuarm~1/102021~1.10/bin/../lib/gcc/arm-none-eabi/10.3.1/../../../../arm-none-eabi/lib/thumb/v7-m/nofp\libg.a(lib_a-callocr.o)
                0x080092a4                _calloc_r
 .text._close_r
                0x0800931c       0x24 c:/progra~2/gnuarm~1/102021~1.10/bin/../lib/gcc/arm-none-eabi/10.3.1/../../../../arm-none-eabi/lib/thumb/v7-m/nofp\libg.a(lib_a-closer.o)
                0x0800931c                _close_r
 .text._fclose_r
                0x08009340       0xcc c:/progra~2/gnuarm~1/102021~1.10/bin/../lib/gcc/arm-none-eabi/10.3.1/../../../../arm-none-eabi/lib/thumb/v7-m/nofp\libg.a(lib_a-fclose.o)
                0x08009340                _fclose_r
 .text.fiprintf
                0x0800940c       0x28 c:/progra~2/gnuarm~1/102021~1.10/bin/../lib/gcc/arm-none-eabi/10.3.1/../../../../arm-none-eabi/lib/thumb/v7-m/nofp\libg.a(lib_a-fiprintf.o)
                0x0800940c                fiprintf
 .text.__fputwc
                0x08009434       0xa0 c:/progra~2/gnuarm~1/102021~1.10/bin/../lib/gcc/arm-none-eabi/10.3.1/../../../../arm-none-eabi/lib/thumb/v7-m/nofp\libg.a(lib_a-fputwc.o)
                0x08009434                __fputwc
 .text._fputwc_r
                0x080094d4       0x68 c:/progra~2/gnuarm~1/102021~1.10/bin/../lib/gcc/arm-none-eabi/10.3.1/../../../../arm-none-eabi/lib/thumb/v7-m/nofp\libg.a(lib_a-fputwc.o)
                0x080094d4                _fputwc_r
 .text._fstat_r
                0x0800953c       0x28 c:/progra~2/gnuarm~1/102021~1.10/bin/../lib/gcc/arm-none-eabi/10.3.1/../../../../arm-none-eabi/lib/thumb/v7-m/nofp\libg.a(lib_a-fstatr.o)
                0x0800953c                _fstat_r
 .text._isatty_r
                0x08009564       0x24 c:/progra~2/gnuarm~1/102021~1.10/bin/../lib/gcc/arm-none-eabi/10.3.1/../../../../arm-none-eabi/lib/thumb/v7-m/nofp\libg.a(lib_a-isattyr.o)
                0x08009564                _isatty_r
 .text.__locale_mb_cur_max
                0x08009588        0xc c:/progra~2/gnuarm~1/102021~1.10/bin/../lib/gcc/arm-none-eabi/10.3.1/../../../../arm-none-eabi/lib/thumb/v7-m/nofp\libg.a(lib_a-locale.o)
                0x08009588                __locale_mb_cur_max
 .text._lseek_r
                0x08009594       0x2c c:/progra~2/gnuarm~1/102021~1.10/bin/../lib/gcc/arm-none-eabi/10.3.1/../../../../arm-none-eabi/lib/thumb/v7-m/nofp\libg.a(lib_a-lseekr.o)
                0x08009594                _lseek_r
 .text.__ascii_mbtowc
                0x080095c0       0x2c c:/progra~2/gnuarm~1/102021~1.10/bin/../lib/gcc/arm-none-eabi/10.3.1/../../../../arm-none-eabi/lib/thumb/v7-m/nofp\libg.a(lib_a-mbtowc_r.o)
                0x080095c0                __ascii_mbtowc
 .text._read_r  0x080095ec       0x2c c:/progra~2/gnuarm~1/102021~1.10/bin/../lib/gcc/arm-none-eabi/10.3.1/../../../../arm-none-eabi/lib/thumb/v7-m/nofp\libg.a(lib_a-readr.o)
                0x080095ec                _read_r
 .text.__swbuf_r
                0x08009618       0xb0 c:/progra~2/gnuarm~1/102021~1.10/bin/../lib/gcc/arm-none-eabi/10.3.1/../../../../arm-none-eabi/lib/thumb/v7-m/nofp\libg.a(lib_a-wbuf.o)
                0x08009618                __swbuf_r
 .text._wcrtomb_r
                0x080096c8       0x3c c:/progra~2/gnuarm~1/102021~1.10/bin/../lib/gcc/arm-none-eabi/10.3.1/../../../../arm-none-eabi/lib/thumb/v7-m/nofp\libg.a(lib_a-wcrtomb.o)
                0x080096c8                _wcrtomb_r
 .text.__ascii_wctomb
                0x08009704       0x1c c:/progra~2/gnuarm~1/102021~1.10/bin/../lib/gcc/arm-none-eabi/10.3.1/../../../../arm-none-eabi/lib/thumb/v7-m/nofp\libg.a(lib_a-wctomb_r.o)
                0x08009704                __ascii_wctomb
 .text.abort    0x08009720       0x10 c:/progra~2/gnuarm~1/102021~1.10/bin/../lib/gcc/arm-none-eabi/10.3.1/../../../../arm-none-eabi/lib/thumb/v7-m/nofp\libg.a(lib_a-abort.o)
                0x08009720                abort
 .text.raise    0x08009730       0x5c c:/progra~2/gnuarm~1/102021~1.10/bin/../lib/gcc/arm-none-eabi/10.3.1/../../../../arm-none-eabi/lib/thumb/v7-m/nofp\libg.a(lib_a-signal.o)
                0x08009730                raise
 .text._kill_r  0x0800978c       0x28 c:/progra~2/gnuarm~1/102021~1.10/bin/../lib/gcc/arm-none-eabi/10.3.1/../../../../arm-none-eabi/lib/thumb/v7-m/nofp\libg.a(lib_a-signalr.o)
                0x0800978c                _kill_r
 .text._getpid_r
                0x080097b4        0x4 c:/progra~2/gnuarm~1/102021~1.10/bin/../lib/gcc/arm-none-eabi/10.3.1/../../../../arm-none-eabi/lib/thumb/v7-m/nofp\libg.a(lib_a-signalr.o)
                0x080097b4                _getpid_r
 *(.glue_7)
 .glue_7        0x080097b8        0x0 linker stubs
 *(.glue_7t)
 .glue_7t       0x080097b8        0x0 linker stubs
 *(.eh_frame)
 .eh_frame      0x080097b8        0x0 c:/progra~2/gnuarm~1/102021~1.10/bin/../lib/gcc/arm-none-eabi/10.3.1/thumb/v7-m/nofp/crtbegin.o
 *(.init)
 .init          0x080097b8        0x4 c:/progra~2/gnuarm~1/102021~1.10/bin/../lib/gcc/arm-none-eabi/10.3.1/thumb/v7-m/nofp/crti.o
                0x080097b8                _init
 .init          0x080097bc        0x8 c:/progra~2/gnuarm~1/102021~1.10/bin/../lib/gcc/arm-none-eabi/10.3.1/thumb/v7-m/nofp/crtn.o
 *(.fini)
 .fini          0x080097c4        0x4 c:/progra~2/gnuarm~1/102021~1.10/bin/../lib/gcc/arm-none-eabi/10.3.1/thumb/v7-m/nofp/crti.o
                0x080097c4                _fini
 .fini          0x080097c8        0x8 c:/progra~2/gnuarm~1/102021~1.10/bin/../lib/gcc/arm-none-eabi/10.3.1/thumb/v7-m/nofp/crtn.o
                0x080097d0                . = ALIGN (0x4)
                0x080097d0                _etext = .

.vfp11_veneer   0x080097d0        0x0
 .vfp11_veneer  0x080097d0        0x0 linker stubs

.v4_bx          0x080097d0        0x0
 .v4_bx         0x080097d0        0x0 linker stubs

.iplt           0x080097d0        0x0
 .iplt          0x080097d0        0x0 c:/progra~2/gnuarm~1/102021~1.10/bin/../lib/gcc/arm-none-eabi/10.3.1/thumb/v7-m/nofp/crtbegin.o

.rodata         0x080097d0      0x4e0
                0x080097d0                . = ALIGN (0x4)
 *(.rodata)
 *(.rodata*)
 .rodata.test_6050.str1.4
                0x080097d0       0x2b CMakeFiles/Test_280.elf.dir/Core/Inc/my_work/my_work.c.obj
 *fill*         0x080097fb        0x1 
 .rodata.The_comcupter_comunicate.str1.4
                0x080097fc       0x71 CMakeFiles/Test_280.elf.dir/Core/Inc/my_work/my_work.c.obj
 *fill*         0x0800986d        0x3 
 .rodata.Error_Handler.str1.4
                0x08009870        0xf CMakeFiles/Test_280.elf.dir/Core/Src/main.c.obj
 *fill*         0x0800987f        0x1 
 .rodata.AHBPrescTable
                0x08009880       0x10 CMakeFiles/Test_280.elf.dir/Core/Src/system_stm32f1xx.c.obj
                0x08009880                AHBPrescTable
 .rodata.APBPrescTable
                0x08009890        0x8 CMakeFiles/Test_280.elf.dir/Core/Src/system_stm32f1xx.c.obj
                0x08009890                APBPrescTable
 .rodata.HAL_RCC_GetSysClockFreq.str1.4
                0x08009898       0x11 CMakeFiles/Test_280.elf.dir/Drivers/STM32F1xx_HAL_Driver/Src/stm32f1xx_hal_rcc.c.obj
 *fill*         0x080098a9        0x3 
 .rodata._global_impure_ptr
                0x080098ac        0x4 c:/progra~2/gnuarm~1/102021~1.10/bin/../lib/gcc/arm-none-eabi/10.3.1/../../../../arm-none-eabi/lib/thumb/v7-m/nofp\libg.a(lib_a-impure.o)
                0x080098ac                _global_impure_ptr
 .rodata._puts_r.str1.4
                0x080098b0        0x2 c:/progra~2/gnuarm~1/102021~1.10/bin/../lib/gcc/arm-none-eabi/10.3.1/../../../../arm-none-eabi/lib/thumb/v7-m/nofp\libg.a(lib_a-puts.o)
 *fill*         0x080098b2        0x2 
 .rodata._vfprintf_r.str1.4
                0x080098b4       0x42 c:/progra~2/gnuarm~1/102021~1.10/bin/../lib/gcc/arm-none-eabi/10.3.1/../../../../arm-none-eabi/lib/thumb/v7-m/nofp\libg.a(lib_a-vfprintf.o)
 *fill*         0x080098f6        0x2 
 .rodata.blanks.1
                0x080098f8       0x10 c:/progra~2/gnuarm~1/102021~1.10/bin/../lib/gcc/arm-none-eabi/10.3.1/../../../../arm-none-eabi/lib/thumb/v7-m/nofp\libg.a(lib_a-vfprintf.o)
 .rodata.zeroes.0
                0x08009908       0x10 c:/progra~2/gnuarm~1/102021~1.10/bin/../lib/gcc/arm-none-eabi/10.3.1/../../../../arm-none-eabi/lib/thumb/v7-m/nofp\libg.a(lib_a-vfprintf.o)
 .rodata._dtoa_r.str1.4
                0x08009918       0xa2 c:/progra~2/gnuarm~1/102021~1.10/bin/../lib/gcc/arm-none-eabi/10.3.1/../../../../arm-none-eabi/lib/thumb/v7-m/nofp\libg.a(lib_a-dtoa.o)
                                 0xa6 (size before relaxing)
 *fill*         0x080099ba        0x2 
 .rodata.__multadd.str1.4
                0x080099bc       0x7f c:/progra~2/gnuarm~1/102021~1.10/bin/../lib/gcc/arm-none-eabi/10.3.1/../../../../arm-none-eabi/lib/thumb/v7-m/nofp\libg.a(lib_a-mprec.o)
                                 0x93 (size before relaxing)
 *fill*         0x08009a3b        0x5 
 .rodata.__mprec_bigtens
                0x08009a40       0x28 c:/progra~2/gnuarm~1/102021~1.10/bin/../lib/gcc/arm-none-eabi/10.3.1/../../../../arm-none-eabi/lib/thumb/v7-m/nofp\libg.a(lib_a-mprec.o)
                0x08009a40                __mprec_bigtens
 .rodata.__mprec_tens
                0x08009a68       0xc8 c:/progra~2/gnuarm~1/102021~1.10/bin/../lib/gcc/arm-none-eabi/10.3.1/../../../../arm-none-eabi/lib/thumb/v7-m/nofp\libg.a(lib_a-mprec.o)
                0x08009a68                __mprec_tens
 .rodata.p05.0  0x08009b30        0xc c:/progra~2/gnuarm~1/102021~1.10/bin/../lib/gcc/arm-none-eabi/10.3.1/../../../../arm-none-eabi/lib/thumb/v7-m/nofp\libg.a(lib_a-mprec.o)
 .rodata._vfiprintf_r.str1.4
                0x08009b3c       0x2f c:/progra~2/gnuarm~1/102021~1.10/bin/../lib/gcc/arm-none-eabi/10.3.1/../../../../arm-none-eabi/lib/thumb/v7-m/nofp\libg.a(lib_a-vfiprintf.o)
 .rodata.blanks.1
                0x08009b3c       0x10 c:/progra~2/gnuarm~1/102021~1.10/bin/../lib/gcc/arm-none-eabi/10.3.1/../../../../arm-none-eabi/lib/thumb/v7-m/nofp\libg.a(lib_a-vfiprintf.o)
 .rodata.zeroes.0
                0x08009b4c       0x10 c:/progra~2/gnuarm~1/102021~1.10/bin/../lib/gcc/arm-none-eabi/10.3.1/../../../../arm-none-eabi/lib/thumb/v7-m/nofp\libg.a(lib_a-vfiprintf.o)
 .rodata.__assert_func.str1.4
                0x08009b5c       0x3f c:/progra~2/gnuarm~1/102021~1.10/bin/../lib/gcc/arm-none-eabi/10.3.1/../../../../arm-none-eabi/lib/thumb/v7-m/nofp\libg.a(lib_a-assert.o)
                                 0x43 (size before relaxing)
 *fill*         0x08009b9b        0x1 
 .rodata._setlocale_r.str1.4
                0x08009b9c        0xa c:/progra~2/gnuarm~1/102021~1.10/bin/../lib/gcc/arm-none-eabi/10.3.1/../../../../arm-none-eabi/lib/thumb/v7-m/nofp\libg.a(lib_a-locale.o)
                                  0xd (size before relaxing)
 *fill*         0x08009ba6        0x2 
 .rodata.str1.4
                0x08009ba8        0x2 c:/progra~2/gnuarm~1/102021~1.10/bin/../lib/gcc/arm-none-eabi/10.3.1/../../../../arm-none-eabi/lib/thumb/v7-m/nofp\libg.a(lib_a-locale.o)
 *fill*         0x08009baa        0x2 
 .rodata._ctype_
                0x08009bac      0x101 c:/progra~2/gnuarm~1/102021~1.10/bin/../lib/gcc/arm-none-eabi/10.3.1/../../../../arm-none-eabi/lib/thumb/v7-m/nofp\libg.a(lib_a-ctype_.o)
                0x08009bac                _ctype_
                0x08009cb0                . = ALIGN (0x4)
 *fill*         0x08009cad        0x3 

.ARM.extab
 *(.ARM.extab* .gnu.linkonce.armextab.*)

.ARM            0x08009cb0        0x8
                0x08009cb0                __exidx_start = .
 *(.ARM.exidx*)
 .ARM.exidx     0x08009cb0        0x8 c:/progra~2/gnuarm~1/102021~1.10/bin/../lib/gcc/arm-none-eabi/10.3.1/thumb/v7-m/nofp\libgcc.a(_udivmoddi4.o)
                0x08009cb8                __exidx_end = .

.rel.dyn        0x08009cb8        0x0
 .rel.iplt      0x08009cb8        0x0 c:/progra~2/gnuarm~1/102021~1.10/bin/../lib/gcc/arm-none-eabi/10.3.1/thumb/v7-m/nofp/crtbegin.o

.preinit_array  0x08009cb8        0x0
                0x08009cb8                PROVIDE (__preinit_array_start = .)
 *(.preinit_array*)
                0x08009cb8                PROVIDE (__preinit_array_end = .)

.init_array     0x08009cb8        0x8
                0x08009cb8                PROVIDE (__init_array_start = .)
 *(SORT_BY_NAME(.init_array.*))
 .init_array.00000
                0x08009cb8        0x4 c:/progra~2/gnuarm~1/102021~1.10/bin/../lib/gcc/arm-none-eabi/10.3.1/../../../../arm-none-eabi/lib/thumb/v7-m/nofp\libg.a(lib_a-__call_atexit.o)
 *(.init_array*)
 .init_array    0x08009cbc        0x4 c:/progra~2/gnuarm~1/102021~1.10/bin/../lib/gcc/arm-none-eabi/10.3.1/thumb/v7-m/nofp/crtbegin.o
                0x08009cc0                PROVIDE (__init_array_end = .)

.fini_array     0x08009cc0        0x4
                0x08009cc0                PROVIDE (__fini_array_start = .)
 *(SORT_BY_NAME(.fini_array.*))
 *(.fini_array*)
 .fini_array    0x08009cc0        0x4 c:/progra~2/gnuarm~1/102021~1.10/bin/../lib/gcc/arm-none-eabi/10.3.1/thumb/v7-m/nofp/crtbegin.o
                0x08009cc4                PROVIDE (__fini_array_end = .)
                0x08009cc4                _sidata = LOADADDR (.data)

.data           0x20000000      0x9b8 load address 0x08009cc4
                0x20000000                . = ALIGN (0x4)
                0x20000000                _sdata = .
 *(.data)
 *(.data*)
 .data.SystemCoreClock
                0x20000000        0x4 CMakeFiles/Test_280.elf.dir/Core/Src/system_stm32f1xx.c.obj
                0x20000000                SystemCoreClock
 .data.uwTickFreq
                0x20000004        0x1 CMakeFiles/Test_280.elf.dir/Drivers/STM32F1xx_HAL_Driver/Src/stm32f1xx_hal.c.obj
                0x20000004                uwTickFreq
 *fill*         0x20000005        0x3 
 .data.uwTickPrio
                0x20000008        0x4 CMakeFiles/Test_280.elf.dir/Drivers/STM32F1xx_HAL_Driver/Src/stm32f1xx_hal.c.obj
                0x20000008                uwTickPrio
 .data._impure_ptr
                0x2000000c        0x4 c:/progra~2/gnuarm~1/102021~1.10/bin/../lib/gcc/arm-none-eabi/10.3.1/../../../../arm-none-eabi/lib/thumb/v7-m/nofp\libg.a(lib_a-impure.o)
                0x2000000c                _impure_ptr
 .data.impure_data
                0x20000010      0x428 c:/progra~2/gnuarm~1/102021~1.10/bin/../lib/gcc/arm-none-eabi/10.3.1/../../../../arm-none-eabi/lib/thumb/v7-m/nofp\libg.a(lib_a-impure.o)
 .data.__atexit_recursive_mutex
                0x20000438        0x4 c:/progra~2/gnuarm~1/102021~1.10/bin/../lib/gcc/arm-none-eabi/10.3.1/../../../../arm-none-eabi/lib/thumb/v7-m/nofp\libg.a(lib_a-__call_atexit.o)
                0x20000438                __atexit_recursive_mutex
 .data.__malloc_av_
                0x2000043c      0x408 c:/progra~2/gnuarm~1/102021~1.10/bin/../lib/gcc/arm-none-eabi/10.3.1/../../../../arm-none-eabi/lib/thumb/v7-m/nofp\libg.a(lib_a-mallocr.o)
                0x2000043c                __malloc_av_
 .data.__malloc_sbrk_base
                0x20000844        0x4 c:/progra~2/gnuarm~1/102021~1.10/bin/../lib/gcc/arm-none-eabi/10.3.1/../../../../arm-none-eabi/lib/thumb/v7-m/nofp\libg.a(lib_a-mallocr.o)
                0x20000844                __malloc_sbrk_base
 .data.__malloc_trim_threshold
                0x20000848        0x4 c:/progra~2/gnuarm~1/102021~1.10/bin/../lib/gcc/arm-none-eabi/10.3.1/../../../../arm-none-eabi/lib/thumb/v7-m/nofp\libg.a(lib_a-mallocr.o)
                0x20000848                __malloc_trim_threshold
 .data.__global_locale
                0x2000084c      0x16c c:/progra~2/gnuarm~1/102021~1.10/bin/../lib/gcc/arm-none-eabi/10.3.1/../../../../arm-none-eabi/lib/thumb/v7-m/nofp\libg.a(lib_a-locale.o)
                0x2000084c                __global_locale
                0x200009b8                . = ALIGN (0x4)
                0x200009b8                _edata = .

.igot.plt       0x200009b8        0x0 load address 0x0800a67c
 .igot.plt      0x200009b8        0x0 c:/progra~2/gnuarm~1/102021~1.10/bin/../lib/gcc/arm-none-eabi/10.3.1/thumb/v7-m/nofp/crtbegin.o
                0x200009b8                . = ALIGN (0x4)

.bss            0x200009b8      0x2c4 load address 0x0800a67c
                0x200009b8                _sbss = .
                0x200009b8                __bss_start__ = _sbss
 *(.bss)
 .bss           0x200009b8       0x1c c:/progra~2/gnuarm~1/102021~1.10/bin/../lib/gcc/arm-none-eabi/10.3.1/thumb/v7-m/nofp/crtbegin.o
 *(.bss*)
 .bss.Acc       0x200009d4        0x6 CMakeFiles/Test_280.elf.dir/Core/Inc/my_work/my_work.c.obj
                0x200009d4                Acc
 *fill*         0x200009da        0x2 
 .bss.Gyr       0x200009dc        0x6 CMakeFiles/Test_280.elf.dir/Core/Inc/my_work/my_work.c.obj
                0x200009dc                Gyr
 *fill*         0x200009e2        0x2 
 .bss.Mag       0x200009e4        0x6 CMakeFiles/Test_280.elf.dir/Core/Inc/my_work/my_work.c.obj
                0x200009e4                Mag
 .bss.Temp      0x200009ea        0x2 CMakeFiles/Test_280.elf.dir/Core/Inc/my_work/my_work.c.obj
                0x200009ea                Temp
 .bss.count     0x200009ec        0x1 CMakeFiles/Test_280.elf.dir/Core/Inc/my_work/my_work.c.obj
                0x200009ec                count
 *fill*         0x200009ed        0x3 
 .bss.data_buf  0x200009f0       0x32 CMakeFiles/Test_280.elf.dir/Core/Inc/my_work/my_work.c.obj
                0x200009f0                data_buf
 .bss.is_error  0x20000a22        0x1 CMakeFiles/Test_280.elf.dir/Core/Inc/my_work/my_work.c.obj
                0x20000a22                is_error
 .bss.len       0x20000a23        0x1 CMakeFiles/Test_280.elf.dir/Core/Inc/my_work/my_work.c.obj
                0x20000a23                len
 .bss.rpy       0x20000a24        0x6 CMakeFiles/Test_280.elf.dir/Core/Inc/my_work/my_work.c.obj
                0x20000a24                rpy
 .bss.times     0x20000a2a        0x2 CMakeFiles/Test_280.elf.dir/Core/Inc/my_work/my_work.c.obj
                0x20000a2a                times
 .bss.fac_us    0x20000a2c        0x4 CMakeFiles/Test_280.elf.dir/Core/SYSTEM/delay/delay.c.obj
 .bss.RX_BUF_6050
                0x20000a30       0x32 CMakeFiles/Test_280.elf.dir/Core/SYSTEM/usart/usart.c.obj
                0x20000a30                RX_BUF_6050
 *fill*         0x20000a62        0x2 
 .bss.UART1_Handler
                0x20000a64       0x44 CMakeFiles/Test_280.elf.dir/Core/SYSTEM/usart/usart.c.obj
                0x20000a64                UART1_Handler
 .bss.UART2_Handler
                0x20000aa8       0x44 CMakeFiles/Test_280.elf.dir/Core/SYSTEM/usart/usart.c.obj
                0x20000aa8                UART2_Handler
 .bss.USART_RX_BUF
                0x20000aec       0xc8 CMakeFiles/Test_280.elf.dir/Core/SYSTEM/usart/usart.c.obj
                0x20000aec                USART_RX_BUF
 .bss.USART_RX_STA
                0x20000bb4        0x2 CMakeFiles/Test_280.elf.dir/Core/SYSTEM/usart/usart.c.obj
                0x20000bb4                USART_RX_STA
 *fill*         0x20000bb6        0x2 
 .bss.aRxBuffer
                0x20000bb8        0x1 CMakeFiles/Test_280.elf.dir/Core/SYSTEM/usart/usart.c.obj
                0x20000bb8                aRxBuffer
 *fill*         0x20000bb9        0x3 
 .bss.bRxBuffer
                0x20000bbc        0x1 CMakeFiles/Test_280.elf.dir/Core/SYSTEM/usart/usart.c.obj
                0x20000bbc                bRxBuffer
 .bss.i.1       0x20000bbd        0x1 CMakeFiles/Test_280.elf.dir/Core/SYSTEM/usart/usart.c.obj
 *fill*         0x20000bbe        0x2 
 .bss.rebuf.0   0x20000bc0        0xd CMakeFiles/Test_280.elf.dir/Core/SYSTEM/usart/usart.c.obj
 .bss.stata_6050
                0x20000bcd        0x1 CMakeFiles/Test_280.elf.dir/Core/SYSTEM/usart/usart.c.obj
                0x20000bcd                stata_6050
 *fill*         0x20000bce        0x2 
 .bss.hspi1     0x20000bd0       0x58 CMakeFiles/Test_280.elf.dir/Core/Src/spi.c.obj
                0x20000bd0                hspi1
 .bss.heap_end.0
                0x20000c28        0x4 CMakeFiles/Test_280.elf.dir/Core/Src/syscalls.c.obj
 .bss.gHuart    0x20000c2c        0x4 CMakeFiles/Test_280.elf.dir/Core/retarget.c.obj
                0x20000c2c                gHuart
 .bss.uwTick    0x20000c30        0x4 CMakeFiles/Test_280.elf.dir/Drivers/STM32F1xx_HAL_Driver/Src/stm32f1xx_hal.c.obj
                0x20000c30                uwTick
 .bss.__lock___atexit_recursive_mutex
                0x20000c34        0x1 c:/progra~2/gnuarm~1/102021~1.10/bin/../lib/gcc/arm-none-eabi/10.3.1/../../../../arm-none-eabi/lib/thumb/v7-m/nofp\libg.a(lib_a-lock.o)
                0x20000c34                __lock___atexit_recursive_mutex
 *fill*         0x20000c35        0x3 
 .bss.__lock___malloc_recursive_mutex
                0x20000c38        0x1 c:/progra~2/gnuarm~1/102021~1.10/bin/../lib/gcc/arm-none-eabi/10.3.1/../../../../arm-none-eabi/lib/thumb/v7-m/nofp\libg.a(lib_a-lock.o)
                0x20000c38                __lock___malloc_recursive_mutex
 *fill*         0x20000c39        0x3 
 .bss.__lock___sfp_recursive_mutex
                0x20000c3c        0x1 c:/progra~2/gnuarm~1/102021~1.10/bin/../lib/gcc/arm-none-eabi/10.3.1/../../../../arm-none-eabi/lib/thumb/v7-m/nofp\libg.a(lib_a-lock.o)
                0x20000c3c                __lock___sfp_recursive_mutex
 *fill*         0x20000c3d        0x3 
 .bss.__lock___sinit_recursive_mutex
                0x20000c40        0x1 c:/progra~2/gnuarm~1/102021~1.10/bin/../lib/gcc/arm-none-eabi/10.3.1/../../../../arm-none-eabi/lib/thumb/v7-m/nofp\libg.a(lib_a-lock.o)
                0x20000c40                __lock___sinit_recursive_mutex
 *fill*         0x20000c41        0x3 
 .bss.__malloc_current_mallinfo
                0x20000c44       0x28 c:/progra~2/gnuarm~1/102021~1.10/bin/../lib/gcc/arm-none-eabi/10.3.1/../../../../arm-none-eabi/lib/thumb/v7-m/nofp\libg.a(lib_a-mallocr.o)
                0x20000c44                __malloc_current_mallinfo
 .bss.__malloc_max_sbrked_mem
                0x20000c6c        0x4 c:/progra~2/gnuarm~1/102021~1.10/bin/../lib/gcc/arm-none-eabi/10.3.1/../../../../arm-none-eabi/lib/thumb/v7-m/nofp\libg.a(lib_a-mallocr.o)
                0x20000c6c                __malloc_max_sbrked_mem
 .bss.__malloc_max_total_mem
                0x20000c70        0x4 c:/progra~2/gnuarm~1/102021~1.10/bin/../lib/gcc/arm-none-eabi/10.3.1/../../../../arm-none-eabi/lib/thumb/v7-m/nofp\libg.a(lib_a-mallocr.o)
                0x20000c70                __malloc_max_total_mem
 .bss.__malloc_top_pad
                0x20000c74        0x4 c:/progra~2/gnuarm~1/102021~1.10/bin/../lib/gcc/arm-none-eabi/10.3.1/../../../../arm-none-eabi/lib/thumb/v7-m/nofp\libg.a(lib_a-mallocr.o)
                0x20000c74                __malloc_top_pad
 .bss.errno     0x20000c78        0x4 c:/progra~2/gnuarm~1/102021~1.10/bin/../lib/gcc/arm-none-eabi/10.3.1/../../../../arm-none-eabi/lib/thumb/v7-m/nofp\libg.a(lib_a-reent.o)
                0x20000c78                errno
 *(COMMON)
                0x20000c7c                . = ALIGN (0x4)
                0x20000c7c                _ebss = .
                0x20000c7c                __bss_end__ = _ebss

._user_heap_stack
                0x20000c7c      0x604 load address 0x0800a67c
                0x20000c80                . = ALIGN (0x8)
 *fill*         0x20000c7c        0x4 
                0x20000c80                PROVIDE (end = .)
                [!provide]                PROVIDE (_end = .)
                0x20000e80                . = (. + _Min_Heap_Size)
 *fill*         0x20000c80      0x200 
                0x20001280                . = (. + _Min_Stack_Size)
 *fill*         0x20000e80      0x400 
                0x20001280                . = ALIGN (0x8)

/DISCARD/
 libc.a(*)
 libm.a(*)
 libgcc.a(*)

.ARM.attributes
                0x00000000       0x29
 *(.ARM.attributes)
 .ARM.attributes
                0x00000000       0x1d c:/progra~2/gnuarm~1/102021~1.10/bin/../lib/gcc/arm-none-eabi/10.3.1/thumb/v7-m/nofp/crti.o
 .ARM.attributes
                0x0000001d       0x2d c:/progra~2/gnuarm~1/102021~1.10/bin/../lib/gcc/arm-none-eabi/10.3.1/thumb/v7-m/nofp/crtbegin.o
 .ARM.attributes
                0x0000004a       0x2d CMakeFiles/Test_280.elf.dir/Core/Inc/LCD/lcd.c.obj
 .ARM.attributes
                0x00000077       0x2d CMakeFiles/Test_280.elf.dir/Core/Inc/LCD/lcd_init.c.obj
 .ARM.attributes
                0x000000a4       0x2d CMakeFiles/Test_280.elf.dir/Core/Inc/my_work/my_work.c.obj
 .ARM.attributes
                0x000000d1       0x2d CMakeFiles/Test_280.elf.dir/Core/SYSTEM/delay/delay.c.obj
 .ARM.attributes
                0x000000fe       0x2d CMakeFiles/Test_280.elf.dir/Core/SYSTEM/usart/usart.c.obj
 .ARM.attributes
                0x0000012b       0x2d CMakeFiles/Test_280.elf.dir/Core/Src/main.c.obj
 .ARM.attributes
                0x00000158       0x2d CMakeFiles/Test_280.elf.dir/Core/Src/spi.c.obj
 .ARM.attributes
                0x00000185       0x2d CMakeFiles/Test_280.elf.dir/Core/Src/stm32f1xx_hal_msp.c.obj
 .ARM.attributes
                0x000001b2       0x2d CMakeFiles/Test_280.elf.dir/Core/Src/stm32f1xx_it.c.obj
 .ARM.attributes
                0x000001df       0x2d CMakeFiles/Test_280.elf.dir/Core/Src/syscalls.c.obj
 .ARM.attributes
                0x0000020c       0x2d CMakeFiles/Test_280.elf.dir/Core/Src/system_stm32f1xx.c.obj
 .ARM.attributes
                0x00000239       0x2d CMakeFiles/Test_280.elf.dir/Core/retarget.c.obj
 .ARM.attributes
                0x00000266       0x2d CMakeFiles/Test_280.elf.dir/Drivers/STM32F1xx_HAL_Driver/Src/stm32f1xx_hal.c.obj
 .ARM.attributes
                0x00000293       0x2d CMakeFiles/Test_280.elf.dir/Drivers/STM32F1xx_HAL_Driver/Src/stm32f1xx_hal_cortex.c.obj
 .ARM.attributes
                0x000002c0       0x2d CMakeFiles/Test_280.elf.dir/Drivers/STM32F1xx_HAL_Driver/Src/stm32f1xx_hal_dma.c.obj
 .ARM.attributes
                0x000002ed       0x2d CMakeFiles/Test_280.elf.dir/Drivers/STM32F1xx_HAL_Driver/Src/stm32f1xx_hal_gpio.c.obj
 .ARM.attributes
                0x0000031a       0x2d CMakeFiles/Test_280.elf.dir/Drivers/STM32F1xx_HAL_Driver/Src/stm32f1xx_hal_rcc.c.obj
 .ARM.attributes
                0x00000347       0x2d CMakeFiles/Test_280.elf.dir/Drivers/STM32F1xx_HAL_Driver/Src/stm32f1xx_hal_spi.c.obj
 .ARM.attributes
                0x00000374       0x2d CMakeFiles/Test_280.elf.dir/Drivers/STM32F1xx_HAL_Driver/Src/stm32f1xx_hal_uart.c.obj
 .ARM.attributes
                0x000003a1       0x21 CMakeFiles/Test_280.elf.dir/startup/startup_stm32f103xb.s.obj
 .ARM.attributes
                0x000003c2       0x1d c:/progra~2/gnuarm~1/102021~1.10/bin/../lib/gcc/arm-none-eabi/10.3.1/thumb/v7-m/nofp\libgcc.a(_arm_addsubdf3.o)
 .ARM.attributes
                0x000003df       0x1d c:/progra~2/gnuarm~1/102021~1.10/bin/../lib/gcc/arm-none-eabi/10.3.1/thumb/v7-m/nofp\libgcc.a(_arm_addsubsf3.o)
 .ARM.attributes
                0x000003fc       0x1d c:/progra~2/gnuarm~1/102021~1.10/bin/../lib/gcc/arm-none-eabi/10.3.1/thumb/v7-m/nofp\libgcc.a(_arm_muldivsf3.o)
 .ARM.attributes
                0x00000419       0x1d c:/progra~2/gnuarm~1/102021~1.10/bin/../lib/gcc/arm-none-eabi/10.3.1/thumb/v7-m/nofp\libgcc.a(_arm_fixsfsi.o)
 .ARM.attributes
                0x00000436       0x2d c:/progra~2/gnuarm~1/102021~1.10/bin/../lib/gcc/arm-none-eabi/10.3.1/../../../../arm-none-eabi/lib/thumb/v7-m/nofp\libg.a(lib_a-errno.o)
 .ARM.attributes
                0x00000463       0x2d c:/progra~2/gnuarm~1/102021~1.10/bin/../lib/gcc/arm-none-eabi/10.3.1/../../../../arm-none-eabi/lib/thumb/v7-m/nofp\libg.a(lib_a-impure.o)
 .ARM.attributes
                0x00000490       0x2d c:/progra~2/gnuarm~1/102021~1.10/bin/../lib/gcc/arm-none-eabi/10.3.1/../../../../arm-none-eabi/lib/thumb/v7-m/nofp\libg.a(lib_a-init.o)
 .ARM.attributes
                0x000004bd       0x1b c:/progra~2/gnuarm~1/102021~1.10/bin/../lib/gcc/arm-none-eabi/10.3.1/../../../../arm-none-eabi/lib/thumb/v7-m/nofp\libg.a(lib_a-memcpy.o)
 .ARM.attributes
                0x000004d8       0x2d c:/progra~2/gnuarm~1/102021~1.10/bin/../lib/gcc/arm-none-eabi/10.3.1/../../../../arm-none-eabi/lib/thumb/v7-m/nofp\libg.a(lib_a-memset.o)
 .ARM.attributes
                0x00000505       0x2d c:/progra~2/gnuarm~1/102021~1.10/bin/../lib/gcc/arm-none-eabi/10.3.1/../../../../arm-none-eabi/lib/thumb/v7-m/nofp\libg.a(lib_a-printf.o)
 .ARM.attributes
                0x00000532       0x2d c:/progra~2/gnuarm~1/102021~1.10/bin/../lib/gcc/arm-none-eabi/10.3.1/../../../../arm-none-eabi/lib/thumb/v7-m/nofp\libg.a(lib_a-puts.o)
 .ARM.attributes
                0x0000055f       0x2d c:/progra~2/gnuarm~1/102021~1.10/bin/../lib/gcc/arm-none-eabi/10.3.1/../../../../arm-none-eabi/lib/thumb/v7-m/nofp\libg.a(lib_a-setvbuf.o)
 .ARM.attributes
                0x0000058c       0x2d c:/progra~2/gnuarm~1/102021~1.10/bin/../lib/gcc/arm-none-eabi/10.3.1/../../../../arm-none-eabi/lib/thumb/v7-m/nofp\libg.a(lib_a-strlen-stub.o)
 .ARM.attributes
                0x000005b9       0x2d c:/progra~2/gnuarm~1/102021~1.10/bin/../lib/gcc/arm-none-eabi/10.3.1/../../../../arm-none-eabi/lib/thumb/v7-m/nofp\libg.a(lib_a-vfprintf.o)
 .ARM.attributes
                0x000005e6       0x2d c:/progra~2/gnuarm~1/102021~1.10/bin/../lib/gcc/arm-none-eabi/10.3.1/../../../../arm-none-eabi/lib/thumb/v7-m/nofp\libg.a(lib_a-wsetup.o)
 .ARM.attributes
                0x00000613       0x2d c:/progra~2/gnuarm~1/102021~1.10/bin/../lib/gcc/arm-none-eabi/10.3.1/../../../../arm-none-eabi/lib/thumb/v7-m/nofp\libg.a(lib_a-__call_atexit.o)
 .ARM.attributes
                0x00000640       0x2d c:/progra~2/gnuarm~1/102021~1.10/bin/../lib/gcc/arm-none-eabi/10.3.1/../../../../arm-none-eabi/lib/thumb/v7-m/nofp\libg.a(lib_a-atexit.o)
 .ARM.attributes
                0x0000066d       0x2d c:/progra~2/gnuarm~1/102021~1.10/bin/../lib/gcc/arm-none-eabi/10.3.1/../../../../arm-none-eabi/lib/thumb/v7-m/nofp\libg.a(lib_a-dtoa.o)
 .ARM.attributes
                0x0000069a       0x2d c:/progra~2/gnuarm~1/102021~1.10/bin/../lib/gcc/arm-none-eabi/10.3.1/../../../../arm-none-eabi/lib/thumb/v7-m/nofp\libg.a(lib_a-fflush.o)
 .ARM.attributes
                0x000006c7       0x2d c:/progra~2/gnuarm~1/102021~1.10/bin/../lib/gcc/arm-none-eabi/10.3.1/../../../../arm-none-eabi/lib/thumb/v7-m/nofp\libg.a(lib_a-findfp.o)
 .ARM.attributes
                0x000006f4       0x2d c:/progra~2/gnuarm~1/102021~1.10/bin/../lib/gcc/arm-none-eabi/10.3.1/../../../../arm-none-eabi/lib/thumb/v7-m/nofp\libg.a(lib_a-fini.o)
 .ARM.attributes
                0x00000721       0x2d c:/progra~2/gnuarm~1/102021~1.10/bin/../lib/gcc/arm-none-eabi/10.3.1/../../../../arm-none-eabi/lib/thumb/v7-m/nofp\libg.a(lib_a-freer.o)
 .ARM.attributes
                0x0000074e       0x2d c:/progra~2/gnuarm~1/102021~1.10/bin/../lib/gcc/arm-none-eabi/10.3.1/../../../../arm-none-eabi/lib/thumb/v7-m/nofp\libg.a(lib_a-fvwrite.o)
 .ARM.attributes
                0x0000077b       0x2d c:/progra~2/gnuarm~1/102021~1.10/bin/../lib/gcc/arm-none-eabi/10.3.1/../../../../arm-none-eabi/lib/thumb/v7-m/nofp\libg.a(lib_a-fwalk.o)
 .ARM.attributes
                0x000007a8       0x2d c:/progra~2/gnuarm~1/102021~1.10/bin/../lib/gcc/arm-none-eabi/10.3.1/../../../../arm-none-eabi/lib/thumb/v7-m/nofp\libg.a(lib_a-localeconv.o)
 .ARM.attributes
                0x000007d5       0x2d c:/progra~2/gnuarm~1/102021~1.10/bin/../lib/gcc/arm-none-eabi/10.3.1/../../../../arm-none-eabi/lib/thumb/v7-m/nofp\libg.a(lib_a-lock.o)
 .ARM.attributes
                0x00000802       0x2d c:/progra~2/gnuarm~1/102021~1.10/bin/../lib/gcc/arm-none-eabi/10.3.1/../../../../arm-none-eabi/lib/thumb/v7-m/nofp\libg.a(lib_a-makebuf.o)
 .ARM.attributes
                0x0000082f       0x2d c:/progra~2/gnuarm~1/102021~1.10/bin/../lib/gcc/arm-none-eabi/10.3.1/../../../../arm-none-eabi/lib/thumb/v7-m/nofp\libg.a(lib_a-malloc.o)
 .ARM.attributes
                0x0000085c       0x2d c:/progra~2/gnuarm~1/102021~1.10/bin/../lib/gcc/arm-none-eabi/10.3.1/../../../../arm-none-eabi/lib/thumb/v7-m/nofp\libg.a(lib_a-mallocr.o)
 .ARM.attributes
                0x00000889       0x2d c:/progra~2/gnuarm~1/102021~1.10/bin/../lib/gcc/arm-none-eabi/10.3.1/../../../../arm-none-eabi/lib/thumb/v7-m/nofp\libg.a(lib_a-memchr-stub.o)
 .ARM.attributes
                0x000008b6       0x2d c:/progra~2/gnuarm~1/102021~1.10/bin/../lib/gcc/arm-none-eabi/10.3.1/../../../../arm-none-eabi/lib/thumb/v7-m/nofp\libg.a(lib_a-memmove.o)
 .ARM.attributes
                0x000008e3       0x2d c:/progra~2/gnuarm~1/102021~1.10/bin/../lib/gcc/arm-none-eabi/10.3.1/../../../../arm-none-eabi/lib/thumb/v7-m/nofp\libg.a(lib_a-mlock.o)
 .ARM.attributes
                0x00000910       0x2d c:/progra~2/gnuarm~1/102021~1.10/bin/../lib/gcc/arm-none-eabi/10.3.1/../../../../arm-none-eabi/lib/thumb/v7-m/nofp\libg.a(lib_a-mprec.o)
 .ARM.attributes
                0x0000093d       0x2d c:/progra~2/gnuarm~1/102021~1.10/bin/../lib/gcc/arm-none-eabi/10.3.1/../../../../arm-none-eabi/lib/thumb/v7-m/nofp\libg.a(lib_a-reallocr.o)
 .ARM.attributes
                0x0000096a       0x2d c:/progra~2/gnuarm~1/102021~1.10/bin/../lib/gcc/arm-none-eabi/10.3.1/../../../../arm-none-eabi/lib/thumb/v7-m/nofp\libg.a(lib_a-s_frexp.o)
 .ARM.attributes
                0x00000997       0x2d c:/progra~2/gnuarm~1/102021~1.10/bin/../lib/gcc/arm-none-eabi/10.3.1/../../../../arm-none-eabi/lib/thumb/v7-m/nofp\libg.a(lib_a-sbrkr.o)
 .ARM.attributes
                0x000009c4       0x2d c:/progra~2/gnuarm~1/102021~1.10/bin/../lib/gcc/arm-none-eabi/10.3.1/../../../../arm-none-eabi/lib/thumb/v7-m/nofp\libg.a(lib_a-stdio.o)
 .ARM.attributes
                0x000009f1       0x2d c:/progra~2/gnuarm~1/102021~1.10/bin/../lib/gcc/arm-none-eabi/10.3.1/../../../../arm-none-eabi/lib/thumb/v7-m/nofp\libg.a(lib_a-strncpy.o)
 .ARM.attributes
                0x00000a1e       0x2d c:/progra~2/gnuarm~1/102021~1.10/bin/../lib/gcc/arm-none-eabi/10.3.1/../../../../arm-none-eabi/lib/thumb/v7-m/nofp\libg.a(lib_a-vfiprintf.o)
 .ARM.attributes
                0x00000a4b       0x2d c:/progra~2/gnuarm~1/102021~1.10/bin/../lib/gcc/arm-none-eabi/10.3.1/../../../../arm-none-eabi/lib/thumb/v7-m/nofp\libg.a(lib_a-writer.o)
 .ARM.attributes
                0x00000a78       0x2d c:/progra~2/gnuarm~1/102021~1.10/bin/../lib/gcc/arm-none-eabi/10.3.1/../../../../arm-none-eabi/lib/thumb/v7-m/nofp\libg.a(lib_a-__atexit.o)
 .ARM.attributes
                0x00000aa5       0x2d c:/progra~2/gnuarm~1/102021~1.10/bin/../lib/gcc/arm-none-eabi/10.3.1/../../../../arm-none-eabi/lib/thumb/v7-m/nofp\libg.a(lib_a-assert.o)
 .ARM.attributes
                0x00000ad2       0x2d c:/progra~2/gnuarm~1/102021~1.10/bin/../lib/gcc/arm-none-eabi/10.3.1/../../../../arm-none-eabi/lib/thumb/v7-m/nofp\libg.a(lib_a-callocr.o)
 .ARM.attributes
                0x00000aff       0x2d c:/progra~2/gnuarm~1/102021~1.10/bin/../lib/gcc/arm-none-eabi/10.3.1/../../../../arm-none-eabi/lib/thumb/v7-m/nofp\libg.a(lib_a-closer.o)
 .ARM.attributes
                0x00000b2c       0x2d c:/progra~2/gnuarm~1/102021~1.10/bin/../lib/gcc/arm-none-eabi/10.3.1/../../../../arm-none-eabi/lib/thumb/v7-m/nofp\libg.a(lib_a-fclose.o)
 .ARM.attributes
                0x00000b59       0x2d c:/progra~2/gnuarm~1/102021~1.10/bin/../lib/gcc/arm-none-eabi/10.3.1/../../../../arm-none-eabi/lib/thumb/v7-m/nofp\libg.a(lib_a-fiprintf.o)
 .ARM.attributes
                0x00000b86       0x2d c:/progra~2/gnuarm~1/102021~1.10/bin/../lib/gcc/arm-none-eabi/10.3.1/../../../../arm-none-eabi/lib/thumb/v7-m/nofp\libg.a(lib_a-fputwc.o)
 .ARM.attributes
                0x00000bb3       0x2d c:/progra~2/gnuarm~1/102021~1.10/bin/../lib/gcc/arm-none-eabi/10.3.1/../../../../arm-none-eabi/lib/thumb/v7-m/nofp\libg.a(lib_a-fstatr.o)
 .ARM.attributes
                0x00000be0       0x2d c:/progra~2/gnuarm~1/102021~1.10/bin/../lib/gcc/arm-none-eabi/10.3.1/../../../../arm-none-eabi/lib/thumb/v7-m/nofp\libg.a(lib_a-isattyr.o)
 .ARM.attributes
                0x00000c0d       0x2d c:/progra~2/gnuarm~1/102021~1.10/bin/../lib/gcc/arm-none-eabi/10.3.1/../../../../arm-none-eabi/lib/thumb/v7-m/nofp\libg.a(lib_a-locale.o)
 .ARM.attributes
                0x00000c3a       0x2d c:/progra~2/gnuarm~1/102021~1.10/bin/../lib/gcc/arm-none-eabi/10.3.1/../../../../arm-none-eabi/lib/thumb/v7-m/nofp\libg.a(lib_a-lseekr.o)
 .ARM.attributes
                0x00000c67       0x2d c:/progra~2/gnuarm~1/102021~1.10/bin/../lib/gcc/arm-none-eabi/10.3.1/../../../../arm-none-eabi/lib/thumb/v7-m/nofp\libg.a(lib_a-mbtowc_r.o)
 .ARM.attributes
                0x00000c94       0x2d c:/progra~2/gnuarm~1/102021~1.10/bin/../lib/gcc/arm-none-eabi/10.3.1/../../../../arm-none-eabi/lib/thumb/v7-m/nofp\libg.a(lib_a-readr.o)
 .ARM.attributes
                0x00000cc1       0x2d c:/progra~2/gnuarm~1/102021~1.10/bin/../lib/gcc/arm-none-eabi/10.3.1/../../../../arm-none-eabi/lib/thumb/v7-m/nofp\libg.a(lib_a-reent.o)
 .ARM.attributes
                0x00000cee       0x2d c:/progra~2/gnuarm~1/102021~1.10/bin/../lib/gcc/arm-none-eabi/10.3.1/../../../../arm-none-eabi/lib/thumb/v7-m/nofp\libg.a(lib_a-wbuf.o)
 .ARM.attributes
                0x00000d1b       0x2d c:/progra~2/gnuarm~1/102021~1.10/bin/../lib/gcc/arm-none-eabi/10.3.1/../../../../arm-none-eabi/lib/thumb/v7-m/nofp\libg.a(lib_a-wcrtomb.o)
 .ARM.attributes
                0x00000d48       0x2d c:/progra~2/gnuarm~1/102021~1.10/bin/../lib/gcc/arm-none-eabi/10.3.1/../../../../arm-none-eabi/lib/thumb/v7-m/nofp\libg.a(lib_a-wctomb_r.o)
 .ARM.attributes
                0x00000d75       0x2d c:/progra~2/gnuarm~1/102021~1.10/bin/../lib/gcc/arm-none-eabi/10.3.1/../../../../arm-none-eabi/lib/thumb/v7-m/nofp\libg.a(lib_a-abort.o)
 .ARM.attributes
                0x00000da2       0x2d c:/progra~2/gnuarm~1/102021~1.10/bin/../lib/gcc/arm-none-eabi/10.3.1/../../../../arm-none-eabi/lib/thumb/v7-m/nofp\libg.a(lib_a-ctype_.o)
 .ARM.attributes
                0x00000dcf       0x2d c:/progra~2/gnuarm~1/102021~1.10/bin/../lib/gcc/arm-none-eabi/10.3.1/../../../../arm-none-eabi/lib/thumb/v7-m/nofp\libg.a(lib_a-signal.o)
 .ARM.attributes
                0x00000dfc       0x2d c:/progra~2/gnuarm~1/102021~1.10/bin/../lib/gcc/arm-none-eabi/10.3.1/../../../../arm-none-eabi/lib/thumb/v7-m/nofp\libg.a(lib_a-signalr.o)
 .ARM.attributes
                0x00000e29       0x1d c:/progra~2/gnuarm~1/102021~1.10/bin/../lib/gcc/arm-none-eabi/10.3.1/thumb/v7-m/nofp\libgcc.a(_arm_muldivdf3.o)
 .ARM.attributes
                0x00000e46       0x1d c:/progra~2/gnuarm~1/102021~1.10/bin/../lib/gcc/arm-none-eabi/10.3.1/thumb/v7-m/nofp\libgcc.a(_arm_cmpdf2.o)
 .ARM.attributes
                0x00000e63       0x1d c:/progra~2/gnuarm~1/102021~1.10/bin/../lib/gcc/arm-none-eabi/10.3.1/thumb/v7-m/nofp\libgcc.a(_arm_unorddf2.o)
 .ARM.attributes
                0x00000e80       0x1d c:/progra~2/gnuarm~1/102021~1.10/bin/../lib/gcc/arm-none-eabi/10.3.1/thumb/v7-m/nofp\libgcc.a(_arm_fixdfsi.o)
 .ARM.attributes
                0x00000e9d       0x1d c:/progra~2/gnuarm~1/102021~1.10/bin/../lib/gcc/arm-none-eabi/10.3.1/thumb/v7-m/nofp\libgcc.a(_aeabi_uldivmod.o)
 .ARM.attributes
                0x00000eba       0x2d c:/progra~2/gnuarm~1/102021~1.10/bin/../lib/gcc/arm-none-eabi/10.3.1/thumb/v7-m/nofp\libgcc.a(_udivmoddi4.o)
 .ARM.attributes
                0x00000ee7       0x1d c:/progra~2/gnuarm~1/102021~1.10/bin/../lib/gcc/arm-none-eabi/10.3.1/thumb/v7-m/nofp\libgcc.a(_dvmd_tls.o)
 .ARM.attributes
                0x00000f04       0x1d c:/progra~2/gnuarm~1/102021~1.10/bin/../lib/gcc/arm-none-eabi/10.3.1/thumb/v7-m/nofp/crtn.o
OUTPUT(Test_280.elf elf32-littlearm)
LOAD linker stubs
LOAD c:/progra~2/gnuarm~1/102021~1.10/bin/../lib/gcc/arm-none-eabi/10.3.1/../../../../arm-none-eabi/lib/thumb/v7-m/nofp\libc.a
LOAD c:/progra~2/gnuarm~1/102021~1.10/bin/../lib/gcc/arm-none-eabi/10.3.1/../../../../arm-none-eabi/lib/thumb/v7-m/nofp\libm.a
LOAD c:/progra~2/gnuarm~1/102021~1.10/bin/../lib/gcc/arm-none-eabi/10.3.1/thumb/v7-m/nofp\libgcc.a

.debug_info     0x00000000     0xd9f8
 .debug_info    0x00000000     0x1953 CMakeFiles/Test_280.elf.dir/Core/Inc/LCD/lcd.c.obj
 .debug_info    0x00001953      0xb4f CMakeFiles/Test_280.elf.dir/Core/Inc/LCD/lcd_init.c.obj
 .debug_info    0x000024a2      0xfc2 CMakeFiles/Test_280.elf.dir/Core/Inc/my_work/my_work.c.obj
 .debug_info    0x00003464      0x26e CMakeFiles/Test_280.elf.dir/Core/SYSTEM/delay/delay.c.obj
 .debug_info    0x000036d2     0x11ce CMakeFiles/Test_280.elf.dir/Core/SYSTEM/usart/usart.c.obj
 .debug_info    0x000048a0      0x36b CMakeFiles/Test_280.elf.dir/Core/Src/main.c.obj
 .debug_info    0x00004c0b      0x857 CMakeFiles/Test_280.elf.dir/Core/Src/spi.c.obj
 .debug_info    0x00005462      0x211 CMakeFiles/Test_280.elf.dir/Core/Src/stm32f1xx_hal_msp.c.obj
 .debug_info    0x00005673      0x130 CMakeFiles/Test_280.elf.dir/Core/Src/stm32f1xx_it.c.obj
 .debug_info    0x000057a3      0x835 CMakeFiles/Test_280.elf.dir/Core/Src/syscalls.c.obj
 .debug_info    0x00005fd8      0x248 CMakeFiles/Test_280.elf.dir/Core/Src/system_stm32f1xx.c.obj
 .debug_info    0x00006220      0xf9e CMakeFiles/Test_280.elf.dir/Core/retarget.c.obj
 .debug_info    0x000071be      0x7a8 CMakeFiles/Test_280.elf.dir/Drivers/STM32F1xx_HAL_Driver/Src/stm32f1xx_hal.c.obj
 .debug_info    0x00007966      0xd8a CMakeFiles/Test_280.elf.dir/Drivers/STM32F1xx_HAL_Driver/Src/stm32f1xx_hal_cortex.c.obj
 .debug_info    0x000086f0      0x846 CMakeFiles/Test_280.elf.dir/Drivers/STM32F1xx_HAL_Driver/Src/stm32f1xx_hal_dma.c.obj
 .debug_info    0x00008f36      0x66f CMakeFiles/Test_280.elf.dir/Drivers/STM32F1xx_HAL_Driver/Src/stm32f1xx_hal_gpio.c.obj
 .debug_info    0x000095a5      0xa36 CMakeFiles/Test_280.elf.dir/Drivers/STM32F1xx_HAL_Driver/Src/stm32f1xx_hal_rcc.c.obj
 .debug_info    0x00009fdb     0x1d70 CMakeFiles/Test_280.elf.dir/Drivers/STM32F1xx_HAL_Driver/Src/stm32f1xx_hal_spi.c.obj
 .debug_info    0x0000bd4b     0x1c8b CMakeFiles/Test_280.elf.dir/Drivers/STM32F1xx_HAL_Driver/Src/stm32f1xx_hal_uart.c.obj
 .debug_info    0x0000d9d6       0x22 CMakeFiles/Test_280.elf.dir/startup/startup_stm32f103xb.s.obj

.debug_abbrev   0x00000000     0x2542
 .debug_abbrev  0x00000000      0x29e CMakeFiles/Test_280.elf.dir/Core/Inc/LCD/lcd.c.obj
 .debug_abbrev  0x0000029e      0x17e CMakeFiles/Test_280.elf.dir/Core/Inc/LCD/lcd_init.c.obj
 .debug_abbrev  0x0000041c      0x23c CMakeFiles/Test_280.elf.dir/Core/Inc/my_work/my_work.c.obj
 .debug_abbrev  0x00000658      0x13d CMakeFiles/Test_280.elf.dir/Core/SYSTEM/delay/delay.c.obj
 .debug_abbrev  0x00000795      0x2f7 CMakeFiles/Test_280.elf.dir/Core/SYSTEM/usart/usart.c.obj
 .debug_abbrev  0x00000a8c      0x16d CMakeFiles/Test_280.elf.dir/Core/Src/main.c.obj
 .debug_abbrev  0x00000bf9      0x1c1 CMakeFiles/Test_280.elf.dir/Core/Src/spi.c.obj
 .debug_abbrev  0x00000dba       0xe5 CMakeFiles/Test_280.elf.dir/Core/Src/stm32f1xx_hal_msp.c.obj
 .debug_abbrev  0x00000e9f       0x7e CMakeFiles/Test_280.elf.dir/Core/Src/stm32f1xx_it.c.obj
 .debug_abbrev  0x00000f1d      0x1da CMakeFiles/Test_280.elf.dir/Core/Src/syscalls.c.obj
 .debug_abbrev  0x000010f7      0x13e CMakeFiles/Test_280.elf.dir/Core/Src/system_stm32f1xx.c.obj
 .debug_abbrev  0x00001235      0x2b4 CMakeFiles/Test_280.elf.dir/Core/retarget.c.obj
 .debug_abbrev  0x000014e9      0x1f4 CMakeFiles/Test_280.elf.dir/Drivers/STM32F1xx_HAL_Driver/Src/stm32f1xx_hal.c.obj
 .debug_abbrev  0x000016dd      0x341 CMakeFiles/Test_280.elf.dir/Drivers/STM32F1xx_HAL_Driver/Src/stm32f1xx_hal_cortex.c.obj
 .debug_abbrev  0x00001a1e      0x223 CMakeFiles/Test_280.elf.dir/Drivers/STM32F1xx_HAL_Driver/Src/stm32f1xx_hal_dma.c.obj
 .debug_abbrev  0x00001c41      0x1e6 CMakeFiles/Test_280.elf.dir/Drivers/STM32F1xx_HAL_Driver/Src/stm32f1xx_hal_gpio.c.obj
 .debug_abbrev  0x00001e27      0x27a CMakeFiles/Test_280.elf.dir/Drivers/STM32F1xx_HAL_Driver/Src/stm32f1xx_hal_rcc.c.obj
 .debug_abbrev  0x000020a1      0x23b CMakeFiles/Test_280.elf.dir/Drivers/STM32F1xx_HAL_Driver/Src/stm32f1xx_hal_spi.c.obj
 .debug_abbrev  0x000022dc      0x254 CMakeFiles/Test_280.elf.dir/Drivers/STM32F1xx_HAL_Driver/Src/stm32f1xx_hal_uart.c.obj
 .debug_abbrev  0x00002530       0x12 CMakeFiles/Test_280.elf.dir/startup/startup_stm32f103xb.s.obj

.debug_loc      0x00000000     0x811f
 .debug_loc     0x00000000     0x1829 CMakeFiles/Test_280.elf.dir/Core/Inc/LCD/lcd.c.obj
 .debug_loc     0x00001829      0x172 CMakeFiles/Test_280.elf.dir/Core/Inc/LCD/lcd_init.c.obj
 .debug_loc     0x0000199b      0x157 CMakeFiles/Test_280.elf.dir/Core/SYSTEM/delay/delay.c.obj
 .debug_loc     0x00001af2      0x5dc CMakeFiles/Test_280.elf.dir/Core/SYSTEM/usart/usart.c.obj
 .debug_loc     0x000020ce       0x84 CMakeFiles/Test_280.elf.dir/Core/Src/spi.c.obj
 .debug_loc     0x00002152       0x15 CMakeFiles/Test_280.elf.dir/Core/Src/stm32f1xx_hal_msp.c.obj
 .debug_loc     0x00002167      0x436 CMakeFiles/Test_280.elf.dir/Core/Src/syscalls.c.obj
 .debug_loc     0x0000259d       0xff CMakeFiles/Test_280.elf.dir/Core/Src/system_stm32f1xx.c.obj
 .debug_loc     0x0000269c      0x212 CMakeFiles/Test_280.elf.dir/Core/retarget.c.obj
 .debug_loc     0x000028ae      0x141 CMakeFiles/Test_280.elf.dir/Drivers/STM32F1xx_HAL_Driver/Src/stm32f1xx_hal.c.obj
 .debug_loc     0x000029ef      0x71f CMakeFiles/Test_280.elf.dir/Drivers/STM32F1xx_HAL_Driver/Src/stm32f1xx_hal_cortex.c.obj
 .debug_loc     0x0000310e      0x7d1 CMakeFiles/Test_280.elf.dir/Drivers/STM32F1xx_HAL_Driver/Src/stm32f1xx_hal_dma.c.obj
 .debug_loc     0x000038df      0x47d CMakeFiles/Test_280.elf.dir/Drivers/STM32F1xx_HAL_Driver/Src/stm32f1xx_hal_gpio.c.obj
 .debug_loc     0x00003d5c      0x63e CMakeFiles/Test_280.elf.dir/Drivers/STM32F1xx_HAL_Driver/Src/stm32f1xx_hal_rcc.c.obj
 .debug_loc     0x0000439a     0x1d4e CMakeFiles/Test_280.elf.dir/Drivers/STM32F1xx_HAL_Driver/Src/stm32f1xx_hal_spi.c.obj
 .debug_loc     0x000060e8     0x2037 CMakeFiles/Test_280.elf.dir/Drivers/STM32F1xx_HAL_Driver/Src/stm32f1xx_hal_uart.c.obj

.debug_aranges  0x00000000      0xaa8
 .debug_aranges
                0x00000000       0xa8 CMakeFiles/Test_280.elf.dir/Core/Inc/LCD/lcd.c.obj
 .debug_aranges
                0x000000a8       0x50 CMakeFiles/Test_280.elf.dir/Core/Inc/LCD/lcd_init.c.obj
 .debug_aranges
                0x000000f8       0x48 CMakeFiles/Test_280.elf.dir/Core/Inc/my_work/my_work.c.obj
 .debug_aranges
                0x00000140       0x30 CMakeFiles/Test_280.elf.dir/Core/SYSTEM/delay/delay.c.obj
 .debug_aranges
                0x00000170       0x80 CMakeFiles/Test_280.elf.dir/Core/SYSTEM/usart/usart.c.obj
 .debug_aranges
                0x000001f0       0x30 CMakeFiles/Test_280.elf.dir/Core/Src/main.c.obj
 .debug_aranges
                0x00000220       0x30 CMakeFiles/Test_280.elf.dir/Core/Src/spi.c.obj
 .debug_aranges
                0x00000250       0x20 CMakeFiles/Test_280.elf.dir/Core/Src/stm32f1xx_hal_msp.c.obj
 .debug_aranges
                0x00000270       0x60 CMakeFiles/Test_280.elf.dir/Core/Src/stm32f1xx_it.c.obj
 .debug_aranges
                0x000002d0       0xb0 CMakeFiles/Test_280.elf.dir/Core/Src/syscalls.c.obj
 .debug_aranges
                0x00000380       0x28 CMakeFiles/Test_280.elf.dir/Core/Src/system_stm32f1xx.c.obj
 .debug_aranges
                0x000003a8       0x30 CMakeFiles/Test_280.elf.dir/Core/retarget.c.obj
 .debug_aranges
                0x000003d8       0xe0 CMakeFiles/Test_280.elf.dir/Drivers/STM32F1xx_HAL_Driver/Src/stm32f1xx_hal.c.obj
 .debug_aranges
                0x000004b8       0x90 CMakeFiles/Test_280.elf.dir/Drivers/STM32F1xx_HAL_Driver/Src/stm32f1xx_hal_cortex.c.obj
 .debug_aranges
                0x00000548       0x80 CMakeFiles/Test_280.elf.dir/Drivers/STM32F1xx_HAL_Driver/Src/stm32f1xx_hal_dma.c.obj
 .debug_aranges
                0x000005c8       0x58 CMakeFiles/Test_280.elf.dir/Drivers/STM32F1xx_HAL_Driver/Src/stm32f1xx_hal_gpio.c.obj
 .debug_aranges
                0x00000620       0x90 CMakeFiles/Test_280.elf.dir/Drivers/STM32F1xx_HAL_Driver/Src/stm32f1xx_hal_rcc.c.obj
 .debug_aranges
                0x000006b0      0x1d0 CMakeFiles/Test_280.elf.dir/Drivers/STM32F1xx_HAL_Driver/Src/stm32f1xx_hal_spi.c.obj
 .debug_aranges
                0x00000880      0x200 CMakeFiles/Test_280.elf.dir/Drivers/STM32F1xx_HAL_Driver/Src/stm32f1xx_hal_uart.c.obj
 .debug_aranges
                0x00000a80       0x28 CMakeFiles/Test_280.elf.dir/startup/startup_stm32f103xb.s.obj

.debug_ranges   0x00000000      0x9f0
 .debug_ranges  0x00000000       0x98 CMakeFiles/Test_280.elf.dir/Core/Inc/LCD/lcd.c.obj
 .debug_ranges  0x00000098       0x40 CMakeFiles/Test_280.elf.dir/Core/Inc/LCD/lcd_init.c.obj
 .debug_ranges  0x000000d8       0x38 CMakeFiles/Test_280.elf.dir/Core/Inc/my_work/my_work.c.obj
 .debug_ranges  0x00000110       0x20 CMakeFiles/Test_280.elf.dir/Core/SYSTEM/delay/delay.c.obj
 .debug_ranges  0x00000130       0x70 CMakeFiles/Test_280.elf.dir/Core/SYSTEM/usart/usart.c.obj
 .debug_ranges  0x000001a0       0x20 CMakeFiles/Test_280.elf.dir/Core/Src/main.c.obj
 .debug_ranges  0x000001c0       0x20 CMakeFiles/Test_280.elf.dir/Core/Src/spi.c.obj
 .debug_ranges  0x000001e0       0x10 CMakeFiles/Test_280.elf.dir/Core/Src/stm32f1xx_hal_msp.c.obj
 .debug_ranges  0x000001f0       0x50 CMakeFiles/Test_280.elf.dir/Core/Src/stm32f1xx_it.c.obj
 .debug_ranges  0x00000240       0xa0 CMakeFiles/Test_280.elf.dir/Core/Src/syscalls.c.obj
 .debug_ranges  0x000002e0       0x18 CMakeFiles/Test_280.elf.dir/Core/Src/system_stm32f1xx.c.obj
 .debug_ranges  0x000002f8       0x20 CMakeFiles/Test_280.elf.dir/Core/retarget.c.obj
 .debug_ranges  0x00000318       0xd0 CMakeFiles/Test_280.elf.dir/Drivers/STM32F1xx_HAL_Driver/Src/stm32f1xx_hal.c.obj
 .debug_ranges  0x000003e8       0xe0 CMakeFiles/Test_280.elf.dir/Drivers/STM32F1xx_HAL_Driver/Src/stm32f1xx_hal_cortex.c.obj
 .debug_ranges  0x000004c8       0x70 CMakeFiles/Test_280.elf.dir/Drivers/STM32F1xx_HAL_Driver/Src/stm32f1xx_hal_dma.c.obj