Archive member included to satisfy reference by file (symbol)

c:/progra~2/gnuarm~1/102021~1.10/bin/../lib/gcc/arm-none-eabi/10.3.1/thumb/v7-m/nofp\libgcc.a(_arm_mulsf3.o)
                              CMakeFiles/Test_280.elf.dir/Core/Inc/LCD/lcd.c.obj (__aeabi_fmul)
c:/progra~2/gnuarm~1/102021~1.10/bin/../lib/gcc/arm-none-eabi/10.3.1/thumb/v7-m/nofp\libgcc.a(_arm_addsubdf3.o)
                              CMakeFiles/Test_280.elf.dir/Core/Inc/my_work/my_work.c.obj (__aeabi_f2d)
c:/progra~2/gnuarm~1/102021~1.10/bin/../lib/gcc/arm-none-eabi/10.3.1/thumb/v7-m/nofp\libgcc.a(_arm_addsubsf3.o)
                              CMakeFiles/Test_280.elf.dir/Core/Inc/my_work/my_work.c.obj (__aeabi_i2f)
c:/progra~2/gnuarm~1/102021~1.10/bin/../lib/gcc/arm-none-eabi/10.3.1/thumb/v7-m/nofp\libgcc.a(_arm_muldivsf3.o)
                              CMakeFiles/Test_280.elf.dir/Core/Inc/my_work/my_work.c.obj (__aeabi_fdiv)
c:/progra~2/gnuarm~1/102021~1.10/bin/../lib/gcc/arm-none-eabi/10.3.1/thumb/v7-m/nofp\libgcc.a(_arm_cmpsf2.o)
                              CMakeFiles/Test_280.elf.dir/Core/Inc/my_work/my_work.c.obj (__aeabi_fcmpeq)
c:/progra~2/gnuarm~1/102021~1.10/bin/../lib/gcc/arm-none-eabi/10.3.1/thumb/v7-m/nofp\libgcc.a(_arm_fixunssfsi.o)
                              CMakeFiles/Test_280.elf.dir/Core/Inc/LCD/lcd.c.obj (__aeabi_f2uiz)
c:/progra~2/gnuarm~1/102021~1.10/bin/../lib/gcc/arm-none-eabi/10.3.1/../../../../arm-none-eabi/lib/thumb/v7-m/nofp\libg.a(lib_a-errno.o)
                              CMakeFiles/Test_280.elf.dir/Core/Src/syscalls.c.obj (__errno)
c:/progra~2/gnuarm~1/102021~1.10/bin/../lib/gcc/arm-none-eabi/10.3.1/../../../../arm-none-eabi/lib/thumb/v7-m/nofp\libg.a(lib_a-exit.o)
                              c:/progra~2/gnuarm~1/102021~1.10/bin/../lib/gcc/arm-none-eabi/10.3.1/../../../../arm-none-eabi/lib/thumb/v7-m/nofp/crt0.o (exit)
c:/progra~2/gnuarm~1/102021~1.10/bin/../lib/gcc/arm-none-eabi/10.3.1/../../../../arm-none-eabi/lib/thumb/v7-m/nofp\libg.a(lib_a-impure.o)
                              c:/progra~2/gnuarm~1/102021~1.10/bin/../lib/gcc/arm-none-eabi/10.3.1/../../../../arm-none-eabi/lib/thumb/v7-m/nofp\libg.a(lib_a-exit.o) (_global_impure_ptr)
c:/progra~2/gnuarm~1/102021~1.10/bin/../lib/gcc/arm-none-eabi/10.3.1/../../../../arm-none-eabi/lib/thumb/v7-m/nofp\libg.a(lib_a-init.o)
                              c:/progra~2/gnuarm~1/102021~1.10/bin/../lib/gcc/arm-none-eabi/10.3.1/../../../../arm-none-eabi/lib/thumb/v7-m/nofp/crt0.o (__libc_init_array)
c:/progra~2/gnuarm~1/102021~1.10/bin/../lib/gcc/arm-none-eabi/10.3.1/../../../../arm-none-eabi/lib/thumb/v7-m/nofp\libg.a(lib_a-memcpy.o)
                              CMakeFiles/Test_280.elf.dir/Core/SYSTEM/usart/usart.c.obj (memcpy)
c:/progra~2/gnuarm~1/102021~1.10/bin/../lib/gcc/arm-none-eabi/10.3.1/../../../../arm-none-eabi/lib/thumb/v7-m/nofp\libg.a(lib_a-memset.o)
                              c:/progra~2/gnuarm~1/102021~1.10/bin/../lib/gcc/arm-none-eabi/10.3.1/../../../../arm-none-eabi/lib/thumb/v7-m/nofp/crt0.o (memset)
c:/progra~2/gnuarm~1/102021~1.10/bin/../lib/gcc/arm-none-eabi/10.3.1/../../../../arm-none-eabi/lib/thumb/v7-m/nofp\libg.a(lib_a-printf.o)
                              CMakeFiles/Test_280.elf.dir/Core/Inc/my_work/my_work.c.obj (printf)
c:/progra~2/gnuarm~1/102021~1.10/bin/../lib/gcc/arm-none-eabi/10.3.1/../../../../arm-none-eabi/lib/thumb/v7-m/nofp\libg.a(lib_a-puts.o)
                              CMakeFiles/Test_280.elf.dir/Core/Inc/my_work/my_work.c.obj (puts)
c:/progra~2/gnuarm~1/102021~1.10/bin/../lib/gcc/arm-none-eabi/10.3.1/../../../../arm-none-eabi/lib/thumb/v7-m/nofp\libg.a(lib_a-setvbuf.o)
                              CMakeFiles/Test_280.elf.dir/Core/retarget.c.obj (setvbuf)
c:/progra~2/gnuarm~1/102021~1.10/bin/../lib/gcc/arm-none-eabi/10.3.1/../../../../arm-none-eabi/lib/thumb/v7-m/nofp\libg.a(lib_a-strlen-stub.o)
                              c:/progra~2/gnuarm~1/102021~1.10/bin/../lib/gcc/arm-none-eabi/10.3.1/../../../../arm-none-eabi/lib/thumb/v7-m/nofp\libg.a(lib_a-puts.o) (strlen)
c:/progra~2/gnuarm~1/102021~1.10/bin/../lib/gcc/arm-none-eabi/10.3.1/../../../../arm-none-eabi/lib/thumb/v7-m/nofp\libg.a(lib_a-vfprintf.o)
                              c:/progra~2/gnuarm~1/102021~1.10/bin/../lib/gcc/arm-none-eabi/10.3.1/../../../../arm-none-eabi/lib/thumb/v7-m/nofp\libg.a(lib_a-printf.o) (_vfprintf_r)
c:/progra~2/gnuarm~1/102021~1.10/bin/../lib/gcc/arm-none-eabi/10.3.1/../../../../arm-none-eabi/lib/thumb/v7-m/nofp\libg.a(lib_a-wsetup.o)
                              c:/progra~2/gnuarm~1/102021~1.10/bin/../lib/gcc/arm-none-eabi/10.3.1/../../../../arm-none-eabi/lib/thumb/v7-m/nofp\libg.a(lib_a-vfprintf.o) (__swsetup_r)
c:/progra~2/gnuarm~1/102021~1.10/bin/../lib/gcc/arm-none-eabi/10.3.1/../../../../arm-none-eabi/lib/thumb/v7-m/nofp\libg.a(lib_a-__call_atexit.o)
[...]
Memory Configuration

Name             Origin             Length             Attributes
RAM              0x20000000         0x00005000         xrw
FLASH            0x08000000         0x00020000         xr
*default*        0x00000000         0xffffffff

Linker script and memory map

LOAD c:/progra~2/gnuarm~1/102021~1.10/bin/../lib/gcc/arm-none-eabi/10.3.1/thumb/v7-m/nofp/crti.o
LOAD c:/progra~2/gnuarm~1/102021~1.10/bin/../lib/gcc/arm-none-eabi/10.3.1/thumb/v7-m/nofp/crtbegin.o
LOAD c:/progra~2/gnuarm~1/102021~1.10/bin/../lib/gcc/arm-none-eabi/10.3.1/../../../../arm-none-eabi/lib/thumb/v7-m/nofp/crt0.o
LOAD CMakeFiles/Test_280.elf.dir/Core/Inc/KEY/key_my.c.obj
LOAD CMakeFiles/Test_280.elf.dir/Core/Inc/LCD/lcd.c.obj
LOAD CMakeFiles/Test_280.elf.dir/Core/Inc/LCD/lcd_init.c.obj
LOAD CMakeFiles/Test_280.elf.dir/Core/Inc/LED/led.c.obj
LOAD CMakeFiles/Test_280.elf.dir/Core/Inc/my_work/my_work.c.obj
LOAD CMakeFiles/Test_280.elf.dir/Core/Inc/test_os/test_os.c.obj
LOAD CMakeFiles/Test_280.elf.dir/Core/SYSTEM/delay/delay.c.obj
LOAD CMakeFiles/Test_280.elf.dir/Core/SYSTEM/sys/sys.c.obj
LOAD CMakeFiles/Test_280.elf.dir/Core/SYSTEM/usart/usart.c.obj
LOAD CMakeFiles/Test_280.elf.dir/Core/Src/gpio.c.obj
LOAD CMakeFiles/Test_280.elf.dir/Core/Src/main.c.obj
LOAD CMakeFiles/Test_280.elf.dir/Core/Src/spi.c.obj
LOAD CMakeFiles/Test_280.elf.dir/Core/Src/stm32f1xx_hal_msp.c.obj
LOAD CMakeFiles/Test_280.elf.dir/Core/Src/stm32f1xx_it.c.obj
LOAD CMakeFiles/Test_280.elf.dir/Core/Src/syscalls.c.obj
LOAD CMakeFiles/Test_280.elf.dir/Core/Src/system_stm32f1xx.c.obj
LOAD CMakeFiles/Test_280.elf.dir/Core/retarget.c.obj
LOAD CMakeFiles/Test_280.elf.dir/Drivers/STM32F1xx_HAL_Driver/Src/stm32f1xx_hal.c.obj
LOAD CMakeFiles/Test_280.elf.dir/Drivers/STM32F1xx_HAL_Driver/Src/stm32f1xx_hal_cortex.c.obj
LOAD CMakeFiles/Test_280.elf.dir/Drivers/STM32F1xx_HAL_Driver/Src/stm32f1xx_hal_dma.c.obj
LOAD CMakeFiles/Test_280.elf.dir/Drivers/STM32F1xx_HAL_Driver/Src/stm32f1xx_hal_exti.c.obj
LOAD CMakeFiles/Test_280.elf.dir/Drivers/STM32F1xx_HAL_Driver/Src/stm32f1xx_hal_flash.c.obj
LOAD CMakeFiles/Test_280.elf.dir/Drivers/STM32F1xx_HAL_Driver/Src/stm32f1xx_hal_flash_ex.c.obj
LOAD CMakeFiles/Test_280.elf.dir/Drivers/STM32F1xx_HAL_Driver/Src/stm32f1xx_hal_gpio.c.obj
LOAD CMakeFiles/Test_280.elf.dir/Drivers/STM32F1xx_HAL_Driver/Src/stm32f1xx_hal_gpio_ex.c.obj
LOAD CMakeFiles/Test_280.elf.dir/Drivers/STM32F1xx_HAL_Driver/Src/stm32f1xx_hal_pwr.c.obj
LOAD CMakeFiles/Test_280.elf.dir/Drivers/STM32F1xx_HAL_Driver/Src/stm32f1xx_hal_rcc.c.obj
LOAD CMakeFiles/Test_280.elf.dir/Drivers/STM32F1xx_HAL_Driver/Src/stm32f1xx_hal_rcc_ex.c.obj
LOAD CMakeFiles/Test_280.elf.dir/Drivers/STM32F1xx_HAL_Driver/Src/stm32f1xx_hal_spi.c.obj
LOAD CMakeFiles/Test_280.elf.dir/Drivers/STM32F1xx_HAL_Driver/Src/stm32f1xx_hal_tim.c.obj
LOAD CMakeFiles/Test_280.elf.dir/Drivers/STM32F1xx_HAL_Driver/Src/stm32f1xx_hal_tim_ex.c.obj
LOAD CMakeFiles/Test_280.elf.dir/Drivers/STM32F1xx_HAL_Driver/Src/stm32f1xx_hal_uart.c.obj
LOAD CMakeFiles/Test_280.elf.dir/startup/startup_stm32f103xb.s.obj
START GROUP
LOAD c:/progra~2/gnuarm~1/102021~1.10/bin/../lib/gcc/arm-none-eabi/10.3.1/thumb/v7-m/nofp\libgcc.a
LOAD c:/progra~2/gnuarm~1/102021~1.10/bin/../lib/gcc/arm-none-eabi/10.3.1/../../../../arm-none-eabi/lib/thumb/v7-m/nofp\libg.a
LOAD c:/progra~2/gnuarm~1/102021~1.10/bin/../lib/gcc/arm-none-eabi/10.3.1/../../../../arm-none-eabi/lib/thumb/v7-m/nofp\libc.a
END GROUP
LOAD c:/progra~2/gnuarm~1/102021~1.10/bin/../lib/gcc/arm-none-eabi/10.3.1/thumb/v7-m/nofp/crtend.o
LOAD c:/progra~2/gnuarm~1/102021~1.10/bin/../lib/gcc/arm-none-eabi/10.3.1/thumb/v7-m/nofp/crtn.o
                0x20005000                _estack = 0x20005000
                0x00000200                _Min_Heap_Size = 0x200
                0x00000400                _Min_Stack_Size = 0x400

.isr_vector     0x08000000      0x10c
                0x08000000                . = ALIGN (0x4)
 *(.isr_vector)
 .isr_vector    0x08000000      0x10c CMakeFiles/Test_280.elf.dir/startup/startup_stm32f103xb.s.obj
                0x08000000                g_pfnVectors
                0x0800010c                . = ALIGN (0x4)

.text           0x08000110     0xa440
                0x08000110                . = ALIGN (0x4)
 *(.text)
 .text          0x08000110       0x40 c:/progra~2/gnuarm~1/102021~1.10/bin/../lib/gcc/arm-none-eabi/10.3.1/thumb/v7-m/nofp/crtbegin.o
 .text          0x08000150      0x378 c:/progra~2/gnuarm~1/102021~1.10/bin/../lib/gcc/arm-none-eabi/10.3.1/thumb/v7-m/nofp\libgcc.a(_arm_addsubdf3.o)
                0x08000150                __aeabi_drsub
                0x08000158                __aeabi_dsub
                0x08000158                __subdf3
                0x0800015c                __aeabi_dadd
                0x0800015c                __adddf3
                0x080003d4                __floatunsidf
                0x080003d4                __aeabi_ui2d
                0x080003f4                __floatsidf
                0x080003f4                __aeabi_i2d
                0x08000418                __aeabi_f2d
                0x08000418                __extendsfdf2
                0x0800045c                __floatundidf
                0x0800045c                __aeabi_ul2d
                0x0800046c                __floatdidf
                0x0800046c                __aeabi_l2d
 .text          0x080004c8      0x21c c:/progra~2/gnuarm~1/102021~1.10/bin/../lib/gcc/arm-none-eabi/10.3.1/thumb/v7-m/nofp\libgcc.a(_arm_addsubsf3.o)
                0x080004c8                __aeabi_frsub
                0x080004d0                __subsf3
                0x080004d0                __aeabi_fsub
                0x080004d4                __aeabi_fadd
                0x080004d4                __addsf3
                0x08000634                __aeabi_ui2f
                0x08000634                __floatunsisf
                0x0800063c                __aeabi_i2f
                0x0800063c                __floatsisf
                0x08000658                __aeabi_ul2f
                0x08000658                __floatundisf
                0x08000668                __aeabi_l2f
                0x08000668                __floatdisf
 .text          0x080006e4      0x2a0 c:/progra~2/gnuarm~1/102021~1.10/bin/../lib/gcc/arm-none-eabi/10.3.1/thumb/v7-m/nofp\libgcc.a(_arm_muldivsf3.o)
                0x080006e4                __mulsf3
                0x080006e4                __aeabi_fmul
                0x0800084c                __aeabi_fdiv
                0x0800084c                __divsf3
 .text          0x08000984       0xec c:/progra~2/gnuarm~1/102021~1.10/bin/../lib/gcc/arm-none-eabi/10.3.1/thumb/v7-m/nofp\libgcc.a(_arm_cmpsf2.o)
                0x08000984                __gesf2
                0x08000984                __gtsf2
                0x0800098c                __lesf2
                0x0800098c                __ltsf2
                0x08000994                __nesf2
                0x08000994                __eqsf2
                0x08000994                __cmpsf2
                0x080009f4                __aeabi_cfrcmple
                0x080009fc                __aeabi_cfcmpeq
                0x080009fc                __aeabi_cfcmple
                0x08000a0c                __aeabi_fcmpeq
                0x08000a20                __aeabi_fcmplt
                0x08000a34                __aeabi_fcmple
                0x08000a48                __aeabi_fcmpge
                0x08000a5c                __aeabi_fcmpgt
 .text          0x08000a70       0xec c:/progra~2/gnuarm~1/102021~1.10/bin/../lib/gcc/arm-none-eabi/10.3.1/../../../../arm-none-eabi/lib/thumb/v7-m/nofp\libg.a(lib_a-memcpy.o)
                0x08000a70                memcpy
 .text          0x08000b5c      0x424 c:/progra~2/gnuarm~1/102021~1.10/bin/../lib/gcc/arm-none-eabi/10.3.1/thumb/v7-m/nofp\libgcc.a(_arm_muldivdf3.o)
                0x08000b5c                __aeabi_dmul
                0x08000b5c                __muldf3
                0x08000db0                __divdf3
                0x08000db0                __aeabi_ddiv
 .text          0x08000f80      0x110 c:/progra~2/gnuarm~1/102021~1.10/bin/../lib/gcc/arm-none-eabi/10.3.1/thumb/v7-m/nofp\libgcc.a(_arm_cmpdf2.o)
                0x08000f80                __gtdf2
                0x08000f80                __gedf2
                0x08000f88                __ltdf2
                0x08000f88                __ledf2
                0x08000f90                __nedf2
                0x08000f90                __eqdf2
                0x08000f90                __cmpdf2
                0x0800100c                __aeabi_cdrcmple
                0x0800101c                __aeabi_cdcmpeq
                0x0800101c                __aeabi_cdcmple
                0x0800102c                __aeabi_dcmpeq
                0x08001040                __aeabi_dcmplt
                0x08001054                __aeabi_dcmple
                0x08001068                __aeabi_dcmpge
                0x0800107c                __aeabi_dcmpgt
 .text          0x08001090       0x2c c:/progra~2/gnuarm~1/102021~1.10/bin/../lib/gcc/arm-none-eabi/10.3.1/thumb/v7-m/nofp\libgcc.a(_arm_unorddf2.o)
                0x08001090                __unorddf2
                0x08001090                __aeabi_dcmpun
 .text          0x080010bc       0x50 c:/progra~2/gnuarm~1/102021~1.10/bin/../lib/gcc/arm-none-eabi/10.3.1/thumb/v7-m/nofp\libgcc.a(_arm_fixdfsi.o)
                0x080010bc                __aeabi_d2iz
                0x080010bc                __fixdfsi
 .text          0x0800110c       0x30 c:/progra~2/gnuarm~1/102021~1.10/bin/../lib/gcc/arm-none-eabi/10.3.1/thumb/v7-m/nofp\libgcc.a(_aeabi_uldivmod.o)
                0x0800110c                __aeabi_uldivmod
 .text          0x0800113c      0x2d4 c:/progra~2/gnuarm~1/102021~1.10/bin/../lib/gcc/arm-none-eabi/10.3.1/thumb/v7-m/nofp\libgcc.a(_udivmoddi4.o)
                0x0800113c                __udivmoddi4
 .text          0x08001410        0x4 c:/progra~2/gnuarm~1/102021~1.10/bin/../lib/gcc/arm-none-eabi/10.3.1/thumb/v7-m/nofp\libgcc.a(_dvmd_tls.o)
                0x08001410                __aeabi_idiv0
                0x08001410                __aeabi_ldiv0
 *(.text*)
 .text.KEY_Init
                0x08001414       0x40 CMakeFiles/Test_280.elf.dir/Core/Inc/KEY/key_my.c.obj
                0x08001414                KEY_Init
 .text.KEY_Scan
                0x08001454       0x94 CMakeFiles/Test_280.elf.dir/Core/Inc/KEY/key_my.c.obj
                0x08001454                KEY_Scan
 .text.KEY_Scan_enter
                0x080014e8       0x5c CMakeFiles/Test_280.elf.dir/Core/Inc/KEY/key_my.c.obj
                0x080014e8                KEY_Scan_enter
 .text.GPIO_ResetBits
                0x08001544        0xa CMakeFiles/Test_280.elf.dir/Core/Inc/LCD/lcd.c.obj
                0x08001544                GPIO_ResetBits
 .text.GPIO_SetBits
                0x0800154e        0xa CMakeFiles/Test_280.elf.dir/Core/Inc/LCD/lcd.c.obj
                0x0800154e                GPIO_SetBits
 .text.LCD_Fill
                0x08001558       0x3c CMakeFiles/Test_280.elf.dir/Core/Inc/LCD/lcd.c.obj
                0x08001558                LCD_Fill
 .text.LCD_DrawPoint
                0x08001594       0x14 CMakeFiles/Test_280.elf.dir/Core/Inc/LCD/lcd.c.obj
                0x08001594                LCD_DrawPoint
 .text.LCD_DrawLine
                0x080015a8       0xa4 CMakeFiles/Test_280.elf.dir/Core/Inc/LCD/lcd.c.obj
                0x080015a8                LCD_DrawLine
 .text.LCD_ShowChinese12x12
                0x0800164c      0x130 CMakeFiles/Test_280.elf.dir/Core/Inc/LCD/lcd.c.obj
                0x0800164c                LCD_ShowChinese12x12
 .text.LCD_ShowChinese16x16
                0x0800177c      0x13c CMakeFiles/Test_280.elf.dir/Core/Inc/LCD/lcd.c.obj
                0x0800177c                LCD_ShowChinese16x16
 .text.LCD_ShowChinese24x24
                0x080018b8      0x138 CMakeFiles/Test_280.elf.dir/Core/Inc/LCD/lcd.c.obj
                0x080018b8                LCD_ShowChinese24x24
 .text.LCD_ShowChinese32x32
                0x080019f0      0x13c CMakeFiles/Test_280.elf.dir/Core/Inc/LCD/lcd.c.obj
                0x080019f0                LCD_ShowChinese32x32
 .text.LCD_ShowChinese
                0x08001b2c       0x9a CMakeFiles/Test_280.elf.dir/Core/Inc/LCD/lcd.c.obj
                0x08001b2c                LCD_ShowChinese
 *fill*         0x08001bc6        0x2 
 .text.LCD_ShowChar
                0x08001bc8      0x140 CMakeFiles/Test_280.elf.dir/Core/Inc/LCD/lcd.c.obj
                0x08001bc8                LCD_ShowChar
 .text.LCD_ShowString
                0x08001d08       0x44 CMakeFiles/Test_280.elf.dir/Core/Inc/LCD/lcd.c.obj
                0x08001d08                LCD_ShowString
 .text.mypow    0x08001d4c       0x16 CMakeFiles/Test_280.elf.dir/Core/Inc/LCD/lcd.c.obj
                0x08001d4c                mypow
 *fill*         0x08001d62        0x2 
 .text.LCD_ShowIntNum
                0x08001d64       0xac CMakeFiles/Test_280.elf.dir/Core/Inc/LCD/lcd.c.obj
                0x08001d64                LCD_ShowIntNum
 .text.LCD_GPIO_Init
                0x08001e10       0x7c CMakeFiles/Test_280.elf.dir/Core/Inc/LCD/lcd_init.c.obj
                0x08001e10                LCD_GPIO_Init
 .text.LCD_Writ_Bus
                0x08001e8c       0x58 CMakeFiles/Test_280.elf.dir/Core/Inc/LCD/lcd_init.c.obj
                0x08001e8c                LCD_Writ_Bus
 .text.LCD_WR_DATA8
                0x08001ee4        0x8 CMakeFiles/Test_280.elf.dir/Core/Inc/LCD/lcd_init.c.obj
                0x08001ee4                LCD_WR_DATA8
 .text.LCD_WR_DATA
                0x08001eec       0x12 CMakeFiles/Test_280.elf.dir/Core/Inc/LCD/lcd_init.c.obj
                0x08001eec                LCD_WR_DATA
 *fill*         0x08001efe        0x2 
 .text.LCD_WR_REG
                0x08001f00       0x24 CMakeFiles/Test_280.elf.dir/Core/Inc/LCD/lcd_init.c.obj
                0x08001f00                LCD_WR_REG
 .text.LCD_Address_Set
                0x08001f24       0x3e CMakeFiles/Test_280.elf.dir/Core/Inc/LCD/lcd_init.c.obj
                0x08001f24                LCD_Address_Set
 *fill*         0x08001f62        0x2 
 .text.LCD_Init
                0x08001f64      0x19c CMakeFiles/Test_280.elf.dir/Core/Inc/LCD/lcd_init.c.obj
                0x08001f64                LCD_Init
 .text.send_Instruction
                0x08002100       0x5a CMakeFiles/Test_280.elf.dir/Core/Inc/my_work/my_work.c.obj
                0x08002100                send_Instruction
 *fill*         0x0800215a        0x2 
 .text.The_main
                0x0800215c       0xd8 CMakeFiles/Test_280.elf.dir/Core/Inc/my_work/my_work.c.obj
                0x0800215c                The_main
 .text.Set_R_Of_Circle
                0x08002234       0x90 CMakeFiles/Test_280.elf.dir/Core/Inc/my_work/my_work.c.obj
                0x08002234                Set_R_Of_Circle
 .text.The_sum_init
                0x080022c4       0xb4 CMakeFiles/Test_280.elf.dir/Core/Inc/my_work/my_work.c.obj
                0x080022c4                The_sum_init
 .text.Lcd_num  0x08002378       0x78 CMakeFiles/Test_280.elf.dir/Core/Inc/my_work/my_work.c.obj
                0x08002378                Lcd_num
 .text.the_first_get
                0x080023f0       0x90 CMakeFiles/Test_280.elf.dir/Core/Inc/my_work/my_work.c.obj
                0x080023f0                the_first_get
 .text.test_danger
                0x08002480       0x94 CMakeFiles/Test_280.elf.dir/Core/Inc/my_work/my_work.c.obj
                0x08002480                test_danger
 .text.danger_reply
                0x08002514       0x48 CMakeFiles/Test_280.elf.dir/Core/Inc/my_work/my_work.c.obj
                0x08002514                danger_reply
 .text.use_6050
                0x0800255c      0x1fc CMakeFiles/Test_280.elf.dir/Core/Inc/my_work/my_work.c.obj
                0x0800255c                use_6050
 .text.The_comcupter_comunicate
                0x08002758       0xf0 CMakeFiles/Test_280.elf.dir/Core/Inc/my_work/my_work.c.obj
                0x08002758                The_comcupter_comunicate
 .text.delay_init
                0x08002848       0x14 CMakeFiles/Test_280.elf.dir/Core/SYSTEM/delay/delay.c.obj
                0x08002848                delay_init
 .text.delay_us
                0x0800285c       0x3c CMakeFiles/Test_280.elf.dir/Core/SYSTEM/delay/delay.c.obj
                0x0800285c                delay_us
 .text.delay_ms
                0x08002898       0x18 CMakeFiles/Test_280.elf.dir/Core/SYSTEM/delay/delay.c.obj
                0x08002898                delay_ms
 .text.uart_init_1
                0x080028b0       0x40 CMakeFiles/Test_280.elf.dir/Core/SYSTEM/usart/usart.c.obj
                0x080028b0                uart_init_1
 .text.uart_init_2
                0x080028f0       0x40 CMakeFiles/Test_280.elf.dir/Core/SYSTEM/usart/usart.c.obj
                0x080028f0                uart_init_2
 .text.HAL_UART_MspInit
                0x08002930      0x100 CMakeFiles/Test_280.elf.dir/Core/SYSTEM/usart/usart.c.obj
                0x08002930                HAL_UART_MspInit
 .text.USART_send_byte
                0x08002a30       0x1c CMakeFiles/Test_280.elf.dir/Core/SYSTEM/usart/usart.c.obj
                0x08002a30                USART_send_byte
 .text.USART_Send_bytes
                0x08002a4c       0x1c CMakeFiles/Test_280.elf.dir/Core/SYSTEM/usart/usart.c.obj
                0x08002a4c                USART_Send_bytes
 .text.CHeck    0x08002a68       0x4c CMakeFiles/Test_280.elf.dir/Core/SYSTEM/usart/usart.c.obj
                0x08002a68                CHeck
 .text.HAL_UART_RxCpltCallback
                0x08002ab4      0x108 CMakeFiles/Test_280.elf.dir/Core/SYSTEM/usart/usart.c.obj
                0x08002ab4                HAL_UART_RxCpltCallback
 .text.USART1_IRQHandler
                0x08002bbc       0x2c CMakeFiles/Test_280.elf.dir/Core/SYSTEM/usart/usart.c.obj
                0x08002bbc                USART1_IRQHandler
 .text.USART2_IRQHandler
                0x08002be8       0x2c CMakeFiles/Test_280.elf.dir/Core/SYSTEM/usart/usart.c.obj
                0x08002be8                USART2_IRQHandler
 .text.Error_Handler
                0x08002c14       0x24 CMakeFiles/Test_280.elf.dir/Core/Src/main.c.obj
                0x08002c14                Error_Handler
 .text.SystemClock_Config
                0x08002c38       0x60 CMakeFiles/Test_280.elf.dir/Core/Src/main.c.obj
                0x08002c38                SystemClock_Config
 .text.main     0x08002c98       0x38 CMakeFiles/Test_280.elf.dir/Core/Src/main.c.obj
                0x08002c98                main
 .text.MX_SPI1_Init
                0x08002cd0       0x44 CMakeFiles/Test_280.elf.dir/Core/Src/spi.c.obj
                0x08002cd0                MX_SPI1_Init
 .text.HAL_SPI_MspInit
                0x08002d14       0x64 CMakeFiles/Test_280.elf.dir/Core/Src/spi.c.obj
                0x08002d14                HAL_SPI_MspInit
 .text.HAL_MspInit
                0x08002d78       0x44 CMakeFiles/Test_280.elf.dir/Core/Src/stm32f1xx_hal_msp.c.obj
                0x08002d78                HAL_MspInit
 .text.NMI_Handler
                0x08002dbc        0x2 CMakeFiles/Test_280.elf.dir/Core/Src/stm32f1xx_it.c.obj
                0x08002dbc                NMI_Handler
 .text.HardFault_Handler
                0x08002dbe        0x2 CMakeFiles/Test_280.elf.dir/Core/Src/stm32f1xx_it.c.obj
                0x08002dbe                HardFault_Handler
 .text.MemManage_Handler
                0x08002dc0        0x2 CMakeFiles/Test_280.elf.dir/Core/Src/stm32f1xx_it.c.obj
                0x08002dc0                MemManage_Handler
 .text.BusFault_Handler
                0x08002dc2        0x2 CMakeFiles/Test_280.elf.dir/Core/Src/stm32f1xx_it.c.obj
                0x08002dc2                BusFault_Handler
 .text.UsageFault_Handler
                0x08002dc4        0x2 CMakeFiles/Test_280.elf.dir/Core/Src/stm32f1xx_it.c.obj
                0x08002dc4                UsageFault_Handler
 .text.SVC_Handler
                0x08002dc6        0x2 CMakeFiles/Test_280.elf.dir/Core/Src/stm32f1xx_it.c.obj
                0x08002dc6                SVC_Handler
 .text.DebugMon_Handler
                0x08002dc8        0x2 CMakeFiles/Test_280.elf.dir/Core/Src/stm32f1xx_it.c.obj
                0x08002dc8                DebugMon_Handler
 .text.PendSV_Handler
                0x08002dca        0x2 CMakeFiles/Test_280.elf.dir/Core/Src/stm32f1xx_it.c.obj
                0x08002dca                PendSV_Handler
 .text.SysTick_Handler
                0x08002dcc        0x8 CMakeFiles/Test_280.elf.dir/Core/Src/stm32f1xx_it.c.obj
                0x08002dcc                SysTick_Handler
 .text._getpid  0x08002dd4        0x4 CMakeFiles/Test_280.elf.dir/Core/Src/syscalls.c.obj
                0x08002dd4                _getpid
 .text._kill    0x08002dd8       0x10 CMakeFiles/Test_280.elf.dir/Core/Src/syscalls.c.obj
                0x08002dd8                _kill
 .text._exit    0x08002de8        0xc CMakeFiles/Test_280.elf.dir/Core/Src/syscalls.c.obj
                0x08002de8                _exit
 .text._sbrk    0x08002df4       0x3c CMakeFiles/Test_280.elf.dir/Core/Src/syscalls.c.obj
                0x08002df4                _sbrk
 .text._close   0x08002e30        0x6 CMakeFiles/Test_280.elf.dir/Core/Src/syscalls.c.obj
                0x08002e30                _close
 .text._fstat   0x08002e36        0xa CMakeFiles/Test_280.elf.dir/Core/Src/syscalls.c.obj
                0x08002e36                _fstat
 .text._isatty  0x08002e40        0x4 CMakeFiles/Test_280.elf.dir/Core/Src/syscalls.c.obj
                0x08002e40                _isatty
 .text._lseek   0x08002e44        0x4 CMakeFiles/Test_280.elf.dir/Core/Src/syscalls.c.obj
                0x08002e44                _lseek
 .text.SystemInit
                0x08002e48        0x2 CMakeFiles/Test_280.elf.dir/Core/Src/system_stm32f1xx.c.obj
                0x08002e48                SystemInit
 *fill*         0x08002e4a        0x2 
 .text.RetargetInit
                0x08002e4c       0x20 CMakeFiles/Test_280.elf.dir/Core/retarget.c.obj
                0x08002e4c                RetargetInit
 .text._write   0x08002e6c       0x34 CMakeFiles/Test_280.elf.dir/Core/retarget.c.obj
                0x08002e6c                _write
 .text._read    0x08002ea0       0x30 CMakeFiles/Test_280.elf.dir/Core/retarget.c.obj
                0x08002ea0                _read
 .text.HAL_InitTick
                0x08002ed0       0x4c CMakeFiles/Test_280.elf.dir/Drivers/STM32F1xx_HAL_Driver/Src/stm32f1xx_hal.c.obj
                0x08002ed0                HAL_InitTick
 .text.HAL_Init
                0x08002f1c       0x24 CMakeFiles/Test_280.elf.dir/Drivers/STM32F1xx_HAL_Driver/Src/stm32f1xx_hal.c.obj
                0x08002f1c                HAL_Init
 .text.HAL_IncTick
                0x08002f40       0x18 CMakeFiles/Test_280.elf.dir/Drivers/STM32F1xx_HAL_Driver/Src/stm32f1xx_hal.c.obj
                0x08002f40                HAL_IncTick
 .text.HAL_GetTick
                0x08002f58        0xc CMakeFiles/Test_280.elf.dir/Drivers/STM32F1xx_HAL_Driver/Src/stm32f1xx_hal.c.obj
                0x08002f58                HAL_GetTick
 .text.HAL_NVIC_SetPriorityGrouping
                0x08002f64       0x24 CMakeFiles/Test_280.elf.dir/Drivers/STM32F1xx_HAL_Driver/Src/stm32f1xx_hal_cortex.c.obj
                0x08002f64                HAL_NVIC_SetPriorityGrouping
 .text.HAL_NVIC_SetPriority
                0x08002f88       0x70 CMakeFiles/Test_280.elf.dir/Drivers/STM32F1xx_HAL_Driver/Src/stm32f1xx_hal_cortex.c.obj
                0x08002f88                HAL_NVIC_SetPriority
 .text.HAL_NVIC_EnableIRQ
                0x08002ff8       0x1c CMakeFiles/Test_280.elf.dir/Drivers/STM32F1xx_HAL_Driver/Src/stm32f1xx_hal_cortex.c.obj
                0x08002ff8                HAL_NVIC_EnableIRQ
 .text.HAL_SYSTICK_Config
                0x08003014       0x28 CMakeFiles/Test_280.elf.dir/Drivers/STM32F1xx_HAL_Driver/Src/stm32f1xx_hal_cortex.c.obj
                0x08003014                HAL_SYSTICK_Config
 .text.HAL_SYSTICK_CLKSourceConfig
                0x0800303c       0x20 CMakeFiles/Test_280.elf.dir/Drivers/STM32F1xx_HAL_Driver/Src/stm32f1xx_hal_cortex.c.obj
                0x0800303c                HAL_SYSTICK_CLKSourceConfig
 .text.HAL_DMA_Abort
                0x0800305c       0x44 CMakeFiles/Test_280.elf.dir/Drivers/STM32F1xx_HAL_Driver/Src/stm32f1xx_hal_dma.c.obj
                0x0800305c                HAL_DMA_Abort
 .text.HAL_DMA_Abort_IT
                0x080030a0       0x98 CMakeFiles/Test_280.elf.dir/Drivers/STM32F1xx_HAL_Driver/Src/stm32f1xx_hal_dma.c.obj
                0x080030a0                HAL_DMA_Abort_IT
 .text.HAL_GPIO_Init
                0x08003138      0x224 CMakeFiles/Test_280.elf.dir/Drivers/STM32F1xx_HAL_Driver/Src/stm32f1xx_hal_gpio.c.obj
                0x08003138                HAL_GPIO_Init
 .text.HAL_GPIO_ReadPin
                0x0800335c        0xe CMakeFiles/Test_280.elf.dir/Drivers/STM32F1xx_HAL_Driver/Src/stm32f1xx_hal_gpio.c.obj
                0x0800335c                HAL_GPIO_ReadPin
 .text.HAL_GPIO_WritePin
                0x0800336a        0xc CMakeFiles/Test_280.elf.dir/Drivers/STM32F1xx_HAL_Driver/Src/stm32f1xx_hal_gpio.c.obj
                0x0800336a                HAL_GPIO_WritePin
 .text.HAL_GPIO_TogglePin
                0x08003376       0x12 CMakeFiles/Test_280.elf.dir/Drivers/STM32F1xx_HAL_Driver/Src/stm32f1xx_hal_gpio.c.obj
                0x08003376                HAL_GPIO_TogglePin
 .text.RCC_Delay
                0x08003388       0x2c CMakeFiles/Test_280.elf.dir/Drivers/STM32F1xx_HAL_Driver/Src/stm32f1xx_hal_rcc.c.obj
 .text.HAL_RCC_OscConfig
                0x080033b4      0x410 CMakeFiles/Test_280.elf.dir/Drivers/STM32F1xx_HAL_Driver/Src/stm32f1xx_hal_rcc.c.obj
                0x080033b4                HAL_RCC_OscConfig
 .text.HAL_RCC_GetSysClockFreq
                0x080037c4       0x70 CMakeFiles/Test_280.elf.dir/Drivers/STM32F1xx_HAL_Driver/Src/stm32f1xx_hal_rcc.c.obj
                0x080037c4                HAL_RCC_GetSysClockFreq
 .text.HAL_RCC_ClockConfig
                0x08003834      0x16c CMakeFiles/Test_280.elf.dir/Drivers/STM32F1xx_HAL_Driver/Src/stm32f1xx_hal_rcc.c.obj
                0x08003834                HAL_RCC_ClockConfig
 .text.HAL_RCC_GetHCLKFreq
                0x080039a0        0xc CMakeFiles/Test_280.elf.dir/Drivers/STM32F1xx_HAL_Driver/Src/stm32f1xx_hal_rcc.c.obj
                0x080039a0                HAL_RCC_GetHCLKFreq
 .text.HAL_RCC_GetPCLK1Freq
                0x080039ac       0x20 CMakeFiles/Test_280.elf.dir/Drivers/STM32F1xx_HAL_Driver/Src/stm32f1xx_hal_rcc.c.obj
                0x080039ac                HAL_RCC_GetPCLK1Freq
 .text.HAL_RCC_GetPCLK2Freq
                0x080039cc       0x20 CMakeFiles/Test_280.elf.dir/Drivers/STM32F1xx_HAL_Driver/Src/stm32f1xx_hal_rcc.c.obj
                0x080039cc                HAL_RCC_GetPCLK2Freq
 .text.HAL_SPI_Init
                0x080039ec       0xb6 CMakeFiles/Test_280.elf.dir/Drivers/STM32F1xx_HAL_Driver/Src/stm32f1xx_hal_spi.c.obj
                0x080039ec                HAL_SPI_Init
 .text.UART_EndRxTransfer
                0x08003aa2       0x32 CMakeFiles/Test_280.elf.dir/Drivers/STM32F1xx_HAL_Driver/Src/stm32f1xx_hal_uart.c.obj
 .text.UART_Transmit_IT
                0x08003ad4       0x60 CMakeFiles/Test_280.elf.dir/Drivers/STM32F1xx_HAL_Driver/Src/stm32f1xx_hal_uart.c.obj
 .text.UART_SetConfig
                0x08003b34       0x94 CMakeFiles/Test_280.elf.dir/Drivers/STM32F1xx_HAL_Driver/Src/stm32f1xx_hal_uart.c.obj
 .text.UART_WaitOnFlagUntilTimeout
                0x08003bc8       0x6c CMakeFiles/Test_280.elf.dir/Drivers/STM32F1xx_HAL_Driver/Src/stm32f1xx_hal_uart.c.obj
 .text.HAL_UART_Init
                0x08003c34       0x5e CMakeFiles/Test_280.elf.dir/Drivers/STM32F1xx_HAL_Driver/Src/stm32f1xx_hal_uart.c.obj
                0x08003c34                HAL_UART_Init
 .text.HAL_UART_Transmit
                0x08003c92       0xd8 CMakeFiles/Test_280.elf.dir/Drivers/STM32F1xx_HAL_Driver/Src/stm32f1xx_hal_uart.c.obj
                0x08003c92                HAL_UART_Transmit
 .text.HAL_UART_Receive
                0x08003d6a       0xe4 CMakeFiles/Test_280.elf.dir/Drivers/STM32F1xx_HAL_Driver/Src/stm32f1xx_hal_uart.c.obj
                0x08003d6a                HAL_UART_Receive
 .text.HAL_UART_TxCpltCallback
                0x08003e4e        0x2 CMakeFiles/Test_280.elf.dir/Drivers/STM32F1xx_HAL_Driver/Src/stm32f1xx_hal_uart.c.obj
                0x08003e4e                HAL_UART_TxCpltCallback
 .text.UART_EndTransmit_IT
                0x08003e50       0x1a CMakeFiles/Test_280.elf.dir/Drivers/STM32F1xx_HAL_Driver/Src/stm32f1xx_hal_uart.c.obj
 .text.HAL_UART_ErrorCallback
                0x08003e6a        0x2 CMakeFiles/Test_280.elf.dir/Drivers/STM32F1xx_HAL_Driver/Src/stm32f1xx_hal_uart.c.obj
                0x08003e6a                HAL_UART_ErrorCallback
 .text.UART_DMAAbortOnError
                0x08003e6c       0x10 CMakeFiles/Test_280.elf.dir/Drivers/STM32F1xx_HAL_Driver/Src/stm32f1xx_hal_uart.c.obj
 .text.HAL_UARTEx_RxEventCallback
                0x08003e7c        0x2 CMakeFiles/Test_280.elf.dir/Drivers/STM32F1xx_HAL_Driver/Src/stm32f1xx_hal_uart.c.obj
                0x08003e7c                HAL_UARTEx_RxEventCallback
 .text.UART_Receive_IT
                0x08003e7e       0xd4 CMakeFiles/Test_280.elf.dir/Drivers/STM32F1xx_HAL_Driver/Src/stm32f1xx_hal_uart.c.obj
 *fill*         0x08003f52        0x2 
 .text.HAL_UART_IRQHandler
                0x08003f54      0x204 CMakeFiles/Test_280.elf.dir/Drivers/STM32F1xx_HAL_Driver/Src/stm32f1xx_hal_uart.c.obj
                0x08003f54                HAL_UART_IRQHandler
 .text.HAL_UART_GetState
                0x08004158        0xc CMakeFiles/Test_280.elf.dir/Drivers/STM32F1xx_HAL_Driver/Src/stm32f1xx_hal_uart.c.obj
                0x08004158                HAL_UART_GetState
 .text.UART_Start_Receive_IT
                0x08004164       0x36 CMakeFiles/Test_280.elf.dir/Drivers/STM32F1xx_HAL_Driver/Src/stm32f1xx_hal_uart.c.obj
                0x08004164                UART_Start_Receive_IT
 .text.HAL_UART_Receive_IT
                0x0800419a       0x38 CMakeFiles/Test_280.elf.dir/Drivers/STM32F1xx_HAL_Driver/Src/stm32f1xx_hal_uart.c.obj
                0x0800419a                HAL_UART_Receive_IT
 *fill*         0x080041d2        0x2 
 .text.Reset_Handler
                0x080041d4       0x48 CMakeFiles/Test_280.elf.dir/startup/startup_stm32f103xb.s.obj
                0x080041d4                Reset_Handler
 .text.Default_Handler
                0x0800421c        0x2 CMakeFiles/Test_280.elf.dir/startup/startup_stm32f103xb.s.obj
                0x0800421c                RTC_Alarm_IRQHandler
                0x0800421c                EXTI2_IRQHandler
                0x0800421c                TIM1_CC_IRQHandler
                0x0800421c                PVD_IRQHandler
                0x0800421c                EXTI3_IRQHandler
                0x0800421c                EXTI0_IRQHandler
                0x0800421c                I2C2_EV_IRQHandler
                0x0800421c                ADC1_2_IRQHandler
                0x0800421c                SPI1_IRQHandler
                0x0800421c                TAMPER_IRQHandler
                0x0800421c                DMA1_Channel4_IRQHandler
                0x0800421c                USART3_IRQHandler
                0x0800421c                RTC_IRQHandler
                0x0800421c                DMA1_Channel7_IRQHandler
                0x0800421c                CAN1_RX1_IRQHandler
                0x0800421c                TIM4_IRQHandler
                0x0800421c                I2C1_EV_IRQHandler
                0x0800421c                DMA1_Channel6_IRQHandler
                0x0800421c                TIM3_IRQHandler
                0x0800421c                RCC_IRQHandler
                0x0800421c                TIM1_TRG_COM_IRQHandler
                0x0800421c                DMA1_Channel1_IRQHandler
                0x0800421c                Default_Handler
                0x0800421c                EXTI15_10_IRQHandler
                0x0800421c                EXTI9_5_IRQHandler
                0x0800421c                SPI2_IRQHandler
                0x0800421c                DMA1_Channel5_IRQHandler
                0x0800421c                EXTI4_IRQHandler
                0x0800421c                USB_LP_CAN1_RX0_IRQHandler
                0x0800421c                USB_HP_CAN1_TX_IRQHandler
                0x0800421c                DMA1_Channel3_IRQHandler
                0x0800421c                TIM1_UP_IRQHandler
                0x0800421c                WWDG_IRQHandler
                0x0800421c                TIM2_IRQHandler
                0x0800421c                TIM1_BRK_IRQHandler
                0x0800421c                EXTI1_IRQHandler
                0x0800421c                I2C2_ER_IRQHandler
                0x0800421c                DMA1_Channel2_IRQHandler
                0x0800421c                CAN1_SCE_IRQHandler
                0x0800421c                FLASH_IRQHandler
                0x0800421c                I2C1_ER_IRQHandler
                0x0800421c                USBWakeUp_IRQHandler
 *fill*         0x0800421e        0x2 
 .text.__errno  0x08004220        0xc c:/progra~2/gnuarm~1/102021~1.10/bin/../lib/gcc/arm-none-eabi/10.3.1/../../../../arm-none-eabi/lib/thumb/v7-m/nofp\libg.a(lib_a-errno.o)
                0x08004220                __errno
 .text.__libc_init_array
                0x0800422c       0x48 c:/progra~2/gnuarm~1/102021~1.10/bin/../lib/gcc/arm-none-eabi/10.3.1/../../../../arm-none-eabi/lib/thumb/v7-m/nofp\libg.a(lib_a-init.o)
                0x0800422c                __libc_init_array
 .text.memset   0x08004274       0xa4 c:/progra~2/gnuarm~1/102021~1.10/bin/../lib/gcc/arm-none-eabi/10.3.1/../../../../arm-none-eabi/lib/thumb/v7-m/nofp\libg.a(lib_a-memset.o)
                0x08004274                memset
 .text.printf   0x08004318       0x28 c:/progra~2/gnuarm~1/102021~1.10/bin/../lib/gcc/arm-none-eabi/10.3.1/../../../../arm-none-eabi/lib/thumb/v7-m/nofp\libg.a(lib_a-printf.o)
                0x08004318                printf
 .text._puts_r  0x08004340       0x9c c:/progra~2/gnuarm~1/102021~1.10/bin/../lib/gcc/arm-none-eabi/10.3.1/../../../../arm-none-eabi/lib/thumb/v7-m/nofp\libg.a(lib_a-puts.o)
                0x08004340                _puts_r
 .text.puts     0x080043dc       0x10 c:/progra~2/gnuarm~1/102021~1.10/bin/../lib/gcc/arm-none-eabi/10.3.1/../../../../arm-none-eabi/lib/thumb/v7-m/nofp\libg.a(lib_a-puts.o)
                0x080043dc                puts
 .text.setvbuf  0x080043ec      0x1b0 c:/progra~2/gnuarm~1/102021~1.10/bin/../lib/gcc/arm-none-eabi/10.3.1/../../../../arm-none-eabi/lib/thumb/v7-m/nofp\libg.a(lib_a-setvbuf.o)
                0x080043ec                setvbuf
 .text.strlen   0x0800459c       0x5c c:/progra~2/gnuarm~1/102021~1.10/bin/../lib/gcc/arm-none-eabi/10.3.1/../../../../arm-none-eabi/lib/thumb/v7-m/nofp\libg.a(lib_a-strlen-stub.o)
                0x0800459c                strlen
 .text._vfprintf_r
                0x080045f8     0x1b58 c:/progra~2/gnuarm~1/102021~1.10/bin/../lib/gcc/arm-none-eabi/10.3.1/../../../../arm-none-eabi/lib/thumb/v7-m/nofp\libg.a(lib_a-vfprintf.o)
                0x080045f8                _vfprintf_r
 .text.__sbprintf
                0x08006150       0x84 c:/progra~2/gnuarm~1/102021~1.10/bin/../lib/gcc/arm-none-eabi/10.3.1/../../../../arm-none-eabi/lib/thumb/v7-m/nofp\libg.a(lib_a-vfprintf.o)
 .text.__swsetup_r
                0x080061d4       0xd4 c:/progra~2/gnuarm~1/102021~1.10/bin/../lib/gcc/arm-none-eabi/10.3.1/../../../../arm-none-eabi/lib/thumb/v7-m/nofp\libg.a(lib_a-wsetup.o)
                0x080061d4                __swsetup_r
 .text.startup.register_fini
                0x080062a8       0x14 c:/progra~2/gnuarm~1/102021~1.10/bin/../lib/gcc/arm-none-eabi/10.3.1/../../../../arm-none-eabi/lib/thumb/v7-m/nofp\libg.a(lib_a-__call_atexit.o)
 .text.atexit   0x080062bc        0xc c:/progra~2/gnuarm~1/102021~1.10/bin/../lib/gcc/arm-none-eabi/10.3.1/../../../../arm-none-eabi/lib/thumb/v7-m/nofp\libg.a(lib_a-atexit.o)
                0x080062bc                atexit
 .text.quorem   0x080062c8      0x12c c:/progra~2/gnuarm~1/102021~1.10/bin/../lib/gcc/arm-none-eabi/10.3.1/../../../../arm-none-eabi/lib/thumb/v7-m/nofp\libg.a(lib_a-dtoa.o)
 *fill*         0x080063f4        0x4 
 .text._dtoa_r  0x080063f8      0xecc c:/progra~2/gnuarm~1/102021~1.10/bin/../lib/gcc/arm-none-eabi/10.3.1/../../../../arm-none-eabi/lib/thumb/v7-m/nofp\libg.a(lib_a-dtoa.o)
                0x080063f8                _dtoa_r
 .text.__sflush_r
                0x080072c4      0x124 c:/progra~2/gnuarm~1/102021~1.10/bin/../lib/gcc/arm-none-eabi/10.3.1/../../../../arm-none-eabi/lib/thumb/v7-m/nofp\libg.a(lib_a-fflush.o)
                0x080072c4                __sflush_r
 .text._fflush_r
                0x080073e8       0x5c c:/progra~2/gnuarm~1/102021~1.10/bin/../lib/gcc/arm-none-eabi/10.3.1/../../../../arm-none-eabi/lib/thumb/v7-m/nofp\libg.a(lib_a-fflush.o)
                0x080073e8                _fflush_r
 .text._cleanup_r
                0x08007444        0xc c:/progra~2/gnuarm~1/102021~1.10/bin/../lib/gcc/arm-none-eabi/10.3.1/../../../../arm-none-eabi/lib/thumb/v7-m/nofp\libg.a(lib_a-findfp.o)
                0x08007444                _cleanup_r
 .text.__sinit  0x08007450      0x10c c:/progra~2/gnuarm~1/102021~1.10/bin/../lib/gcc/arm-none-eabi/10.3.1/../../../../arm-none-eabi/lib/thumb/v7-m/nofp\libg.a(lib_a-findfp.o)
                0x08007450                __sinit
 .text.__sfp_lock_acquire
                0x0800755c        0xc c:/progra~2/gnuarm~1/102021~1.10/bin/../lib/gcc/arm-none-eabi/10.3.1/../../../../arm-none-eabi/lib/thumb/v7-m/nofp\libg.a(lib_a-findfp.o)
                0x0800755c                __sfp_lock_acquire
 .text.__sfp_lock_release
                0x08007568        0xc c:/progra~2/gnuarm~1/102021~1.10/bin/../lib/gcc/arm-none-eabi/10.3.1/../../../../arm-none-eabi/lib/thumb/v7-m/nofp\libg.a(lib_a-findfp.o)
                0x08007568                __sfp_lock_release
 .text.__libc_fini_array
                0x08007574       0x2c c:/progra~2/gnuarm~1/102021~1.10/bin/../lib/gcc/arm-none-eabi/10.3.1/../../../../arm-none-eabi/lib/thumb/v7-m/nofp\libg.a(lib_a-fini.o)
                0x08007574                __libc_fini_array
 .text._malloc_trim_r
                0x080075a0       0xa0 c:/progra~2/gnuarm~1/102021~1.10/bin/../lib/gcc/arm-none-eabi/10.3.1/../../../../arm-none-eabi/lib/thumb/v7-m/nofp\libg.a(lib_a-freer.o)
                0x080075a0                _malloc_trim_r
 .text._free_r  0x08007640      0x200 c:/progra~2/gnuarm~1/102021~1.10/bin/../lib/gcc/arm-none-eabi/10.3.1/../../../../arm-none-eabi/lib/thumb/v7-m/nofp\libg.a(lib_a-freer.o)
                0x08007640                _free_r
 .text.__sfvwrite_r
                0x08007840      0x2f0 c:/progra~2/gnuarm~1/102021~1.10/bin/../lib/gcc/arm-none-eabi/10.3.1/../../../../arm-none-eabi/lib/thumb/v7-m/nofp\libg.a(lib_a-fvwrite.o)
                0x08007840                __sfvwrite_r
 .text._fwalk_reent
                0x08007b30       0x48 c:/progra~2/gnuarm~1/102021~1.10/bin/../lib/gcc/arm-none-eabi/10.3.1/../../../../arm-none-eabi/lib/thumb/v7-m/nofp\libg.a(lib_a-fwalk.o)
                0x08007b30                _fwalk_reent
 .text._localeconv_r
                0x08007b78        0x8 c:/progra~2/gnuarm~1/102021~1.10/bin/../lib/gcc/arm-none-eabi/10.3.1/../../../../arm-none-eabi/lib/thumb/v7-m/nofp\libg.a(lib_a-localeconv.o)
                0x08007b78                _localeconv_r
 .text.__retarget_lock_init_recursive
                0x08007b80        0x4 c:/progra~2/gnuarm~1/102021~1.10/bin/../lib/gcc/arm-none-eabi/10.3.1/../../../../arm-none-eabi/lib/thumb/v7-m/nofp\libg.a(lib_a-lock.o)
                0x08007b80                __retarget_lock_init_recursive
 .text.__retarget_lock_close_recursive
                0x08007b84        0x4 c:/progra~2/gnuarm~1/102021~1.10/bin/../lib/gcc/arm-none-eabi/10.3.1/../../../../arm-none-eabi/lib/thumb/v7-m/nofp\libg.a(lib_a-lock.o)
                0x08007b84                __retarget_lock_close_recursive
 .text.__retarget_lock_acquire_recursive
                0x08007b88        0x4 c:/progra~2/gnuarm~1/102021~1.10/bin/../lib/gcc/arm-none-eabi/10.3.1/../../../../arm-none-eabi/lib/thumb/v7-m/nofp\libg.a(lib_a-lock.o)
                0x08007b88                __retarget_lock_acquire_recursive
 .text.__retarget_lock_release_recursive
                0x08007b8c        0x4 c:/progra~2/gnuarm~1/102021~1.10/bin/../lib/gcc/arm-none-eabi/10.3.1/../../../../arm-none-eabi/lib/thumb/v7-m/nofp\libg.a(lib_a-lock.o)
                0x08007b8c                __retarget_lock_release_recursive
 .text.__smakebuf_r
                0x08007b90       0xe0 c:/progra~2/gnuarm~1/102021~1.10/bin/../lib/gcc/arm-none-eabi/10.3.1/../../../../arm-none-eabi/lib/thumb/v7-m/nofp\libg.a(lib_a-makebuf.o)
                0x08007b90                __smakebuf_r
 .text.__swhatbuf_r
                0x08007c70       0x60 c:/progra~2/gnuarm~1/102021~1.10/bin/../lib/gcc/arm-none-eabi/10.3.1/../../../../arm-none-eabi/lib/thumb/v7-m/nofp\libg.a(lib_a-makebuf.o)
                0x08007c70                __swhatbuf_r
 .text.malloc   0x08007cd0       0x10 c:/progra~2/gnuarm~1/102021~1.10/bin/../lib/gcc/arm-none-eabi/10.3.1/../../../../arm-none-eabi/lib/thumb/v7-m/nofp\libg.a(lib_a-malloc.o)
                0x08007cd0                malloc
 .text._malloc_r
                0x08007ce0      0x558 c:/progra~2/gnuarm~1/102021~1.10/bin/../lib/gcc/arm-none-eabi/10.3.1/../../../../arm-none-eabi/lib/thumb/v7-m/nofp\libg.a(lib_a-mallocr.o)
                0x08007ce0                _malloc_r
 .text.memchr   0x08008238       0x90 c:/progra~2/gnuarm~1/102021~1.10/bin/../lib/gcc/arm-none-eabi/10.3.1/../../../../arm-none-eabi/lib/thumb/v7-m/nofp\libg.a(lib_a-memchr-stub.o)
                0x08008238                memchr
 .text.memmove  0x080082c8       0xf8 c:/progra~2/gnuarm~1/102021~1.10/bin/../lib/gcc/arm-none-eabi/10.3.1/../../../../arm-none-eabi/lib/thumb/v7-m/nofp\libg.a(lib_a-memmove.o)
                0x080082c8                memmove
 .text.__malloc_lock
                0x080083c0        0xc c:/progra~2/gnuarm~1/102021~1.10/bin/../lib/gcc/arm-none-eabi/10.3.1/../../../../arm-none-eabi/lib/thumb/v7-m/nofp\libg.a(lib_a-mlock.o)
                0x080083c0                __malloc_lock
 .text.__malloc_unlock
                0x080083cc        0xc c:/progra~2/gnuarm~1/102021~1.10/bin/../lib/gcc/arm-none-eabi/10.3.1/../../../../arm-none-eabi/lib/thumb/v7-m/nofp\libg.a(lib_a-mlock.o)
                0x080083cc                __malloc_unlock
 .text._Balloc  0x080083d8       0x4c c:/progra~2/gnuarm~1/102021~1.10/bin/../lib/gcc/arm-none-eabi/10.3.1/../../../../arm-none-eabi/lib/thumb/v7-m/nofp\libg.a(lib_a-mprec.o)
                0x080083d8                _Balloc
 .text._Bfree   0x08008424       0x14 c:/progra~2/gnuarm~1/102021~1.10/bin/../lib/gcc/arm-none-eabi/10.3.1/../../../../arm-none-eabi/lib/thumb/v7-m/nofp\libg.a(lib_a-mprec.o)
                0x08008424                _Bfree
 .text.__multadd
                0x08008438       0xa4 c:/progra~2/gnuarm~1/102021~1.10/bin/../lib/gcc/arm-none-eabi/10.3.1/../../../../arm-none-eabi/lib/thumb/v7-m/nofp\libg.a(lib_a-mprec.o)
                0x08008438                __multadd
 .text.__hi0bits
                0x080084dc       0x40 c:/progra~2/gnuarm~1/102021~1.10/bin/../lib/gcc/arm-none-eabi/10.3.1/../../../../arm-none-eabi/lib/thumb/v7-m/nofp\libg.a(lib_a-mprec.o)
                0x080084dc                __hi0bits
 .text.__lo0bits
                0x0800851c       0x58 c:/progra~2/gnuarm~1/102021~1.10/bin/../lib/gcc/arm-none-eabi/10.3.1/../../../../arm-none-eabi/lib/thumb/v7-m/nofp\libg.a(lib_a-mprec.o)
                0x0800851c                __lo0bits
 .text.__i2b    0x08008574       0x5c c:/progra~2/gnuarm~1/102021~1.10/bin/../lib/gcc/arm-none-eabi/10.3.1/../../../../arm-none-eabi/lib/thumb/v7-m/nofp\libg.a(lib_a-mprec.o)
                0x08008574                __i2b
 .text.__multiply
                0x080085d0      0x15c c:/progra~2/gnuarm~1/102021~1.10/bin/../lib/gcc/arm-none-eabi/10.3.1/../../../../arm-none-eabi/lib/thumb/v7-m/nofp\libg.a(lib_a-mprec.o)
                0x080085d0                __multiply
 .text.__pow5mult
                0x0800872c       0xb8 c:/progra~2/gnuarm~1/102021~1.10/bin/../lib/gcc/arm-none-eabi/10.3.1/../../../../arm-none-eabi/lib/thumb/v7-m/nofp\libg.a(lib_a-mprec.o)
                0x0800872c                __pow5mult
 .text.__lshift
                0x080087e4       0xec c:/progra~2/gnuarm~1/102021~1.10/bin/../lib/gcc/arm-none-eabi/10.3.1/../../../../arm-none-eabi/lib/thumb/v7-m/nofp\libg.a(lib_a-mprec.o)
                0x080087e4                __lshift
 .text.__mcmp   0x080088d0       0x40 c:/progra~2/gnuarm~1/102021~1.10/bin/../lib/gcc/arm-none-eabi/10.3.1/../../../../arm-none-eabi/lib/thumb/v7-m/nofp\libg.a(lib_a-mprec.o)
                0x080088d0                __mcmp
 .text.__mdiff  0x08008910      0x14c c:/progra~2/gnuarm~1/102021~1.10/bin/../lib/gcc/arm-none-eabi/10.3.1/../../../../arm-none-eabi/lib/thumb/v7-m/nofp\libg.a(lib_a-mprec.o)
                0x08008910                __mdiff
 .text.__d2b    0x08008a5c       0xc4 c:/progra~2/gnuarm~1/102021~1.10/bin/../lib/gcc/arm-none-eabi/10.3.1/../../../../arm-none-eabi/lib/thumb/v7-m/nofp\libg.a(lib_a-mprec.o)
                0x08008a5c                __d2b
 .text._realloc_r
                0x08008b20      0x3dc c:/progra~2/gnuarm~1/102021~1.10/bin/../lib/gcc/arm-none-eabi/10.3.1/../../../../arm-none-eabi/lib/thumb/v7-m/nofp\libg.a(lib_a-reallocr.o)
                0x08008b20                _realloc_r
 .text.frexp    0x08008efc       0x70 c:/progra~2/gnuarm~1/102021~1.10/bin/../lib/gcc/arm-none-eabi/10.3.1/../../../../arm-none-eabi/lib/thumb/v7-m/nofp\libg.a(lib_a-s_frexp.o)
                0x08008efc                frexp
 .text._sbrk_r  0x08008f6c       0x24 c:/progra~2/gnuarm~1/102021~1.10/bin/../lib/gcc/arm-none-eabi/10.3.1/../../../../arm-none-eabi/lib/thumb/v7-m/nofp\libg.a(lib_a-sbrkr.o)
                0x08008f6c                _sbrk_r
 .text.__sread  0x08008f90       0x24 c:/progra~2/gnuarm~1/102021~1.10/bin/../lib/gcc/arm-none-eabi/10.3.1/../../../../arm-none-eabi/lib/thumb/v7-m/nofp\libg.a(lib_a-stdio.o)
                0x08008f90                __sread
 .text.__swrite
                0x08008fb4       0x40 c:/progra~2/gnuarm~1/102021~1.10/bin/../lib/gcc/arm-none-eabi/10.3.1/../../../../arm-none-eabi/lib/thumb/v7-m/nofp\libg.a(lib_a-stdio.o)
                0x08008fb4                __swrite
 .text.__sseek  0x08008ff4       0x20 c:/progra~2/gnuarm~1/102021~1.10/bin/../lib/gcc/arm-none-eabi/10.3.1/../../../../arm-none-eabi/lib/thumb/v7-m/nofp\libg.a(lib_a-stdio.o)
                0x08008ff4                __sseek
 .text.__sclose
                0x08009014        0x8 c:/progra~2/gnuarm~1/102021~1.10/bin/../lib/gcc/arm-none-eabi/10.3.1/../../../../arm-none-eabi/lib/thumb/v7-m/nofp\libg.a(lib_a-stdio.o)
                0x08009014                __sclose
 .text.strncpy  0x0800901c       0x68 c:/progra~2/gnuarm~1/102021~1.10/bin/../lib/gcc/arm-none-eabi/10.3.1/../../../../arm-none-eabi/lib/thumb/v7-m/nofp\libg.a(lib_a-strncpy.o)
                0x0800901c                strncpy
 .text.__sprint_r.part.0
                0x08009084       0x78 c:/progra~2/gnuarm~1/102021~1.10/bin/../lib/gcc/arm-none-eabi/10.3.1/../../../../arm-none-eabi/lib/thumb/v7-m/nofp\libg.a(lib_a-vfiprintf.o)
 .text.__sprint_r
                0x080090fc       0x14 c:/progra~2/gnuarm~1/102021~1.10/bin/../lib/gcc/arm-none-eabi/10.3.1/../../../../arm-none-eabi/lib/thumb/v7-m/nofp\libg.a(lib_a-vfiprintf.o)
                0x080090fc                __sprint_r
 .text._vfiprintf_r
                0x08009110      0xd98 c:/progra~2/gnuarm~1/102021~1.10/bin/../lib/gcc/arm-none-eabi/10.3.1/../../../../arm-none-eabi/lib/thumb/v7-m/nofp\libg.a(lib_a-vfiprintf.o)
                0x08009110                _vfiprintf_r
 .text.__sbprintf
                0x08009ea8       0x84 c:/progra~2/gnuarm~1/102021~1.10/bin/../lib/gcc/arm-none-eabi/10.3.1/../../../../arm-none-eabi/lib/thumb/v7-m/nofp\libg.a(lib_a-vfiprintf.o)
 .text._write_r
                0x08009f2c       0x2c c:/progra~2/gnuarm~1/102021~1.10/bin/../lib/gcc/arm-none-eabi/10.3.1/../../../../arm-none-eabi/lib/thumb/v7-m/nofp\libg.a(lib_a-writer.o)
                0x08009f2c                _write_r
 .text.__register_exitproc
                0x08009f58       0x8c c:/progra~2/gnuarm~1/102021~1.10/bin/../lib/gcc/arm-none-eabi/10.3.1/../../../../arm-none-eabi/lib/thumb/v7-m/nofp\libg.a(lib_a-__atexit.o)
                0x08009f58                __register_exitproc
 .text.__assert_func
                0x08009fe4       0x40 c:/progra~2/gnuarm~1/102021~1.10/bin/../lib/gcc/arm-none-eabi/10.3.1/../../../../arm-none-eabi/lib/thumb/v7-m/nofp\libg.a(lib_a-assert.o)
                0x08009fe4                __assert_func
 .text._calloc_r
                0x0800a024       0x78 c:/progra~2/gnuarm~1/102021~1.10/bin/../lib/gcc/arm-none-eabi/10.3.1/../../../../arm-none-eabi/lib/thumb/v7-m/nofp\libg.a(lib_a-callocr.o)
                0x0800a024                _calloc_r
 .text._close_r
                0x0800a09c       0x24 c:/progra~2/gnuarm~1/102021~1.10/bin/../lib/gcc/arm-none-eabi/10.3.1/../../../../arm-none-eabi/lib/thumb/v7-m/nofp\libg.a(lib_a-closer.o)
                0x0800a09c                _close_r
 .text._fclose_r
                0x0800a0c0       0xcc c:/progra~2/gnuarm~1/102021~1.10/bin/../lib/gcc/arm-none-eabi/10.3.1/../../../../arm-none-eabi/lib/thumb/v7-m/nofp\libg.a(lib_a-fclose.o)
                0x0800a0c0                _fclose_r
 .text.fiprintf
                0x0800a18c       0x28 c:/progra~2/gnuarm~1/102021~1.10/bin/../lib/gcc/arm-none-eabi/10.3.1/../../../../arm-none-eabi/lib/thumb/v7-m/nofp\libg.a(lib_a-fiprintf.o)
                0x0800a18c                fiprintf
 .text.__fputwc
                0x0800a1b4       0xa0 c:/progra~2/gnuarm~1/102021~1.10/bin/../lib/gcc/arm-none-eabi/10.3.1/../../../../arm-none-eabi/lib/thumb/v7-m/nofp\libg.a(lib_a-fputwc.o)
                0x0800a1b4                __fputwc
 .text._fputwc_r
                0x0800a254       0x68 c:/progra~2/gnuarm~1/102021~1.10/bin/../lib/gcc/arm-none-eabi/10.3.1/../../../../arm-none-eabi/lib/thumb/v7-m/nofp\libg.a(lib_a-fputwc.o)
                0x0800a254                _fputwc_r
 .text._fstat_r
                0x0800a2bc       0x28 c:/progra~2/gnuarm~1/102021~1.10/bin/../lib/gcc/arm-none-eabi/10.3.1/../../../../arm-none-eabi/lib/thumb/v7-m/nofp\libg.a(lib_a-fstatr.o)
                0x0800a2bc                _fstat_r
 .text._isatty_r
                0x0800a2e4       0x24 c:/progra~2/gnuarm~1/102021~1.10/bin/../lib/gcc/arm-none-eabi/10.3.1/../../../../arm-none-eabi/lib/thumb/v7-m/nofp\libg.a(lib_a-isattyr.o)
                0x0800a2e4                _isatty_r
 .text.__locale_mb_cur_max
                0x0800a308        0xc c:/progra~2/gnuarm~1/102021~1.10/bin/../lib/gcc/arm-none-eabi/10.3.1/../../../../arm-none-eabi/lib/thumb/v7-m/nofp\libg.a(lib_a-locale.o)
                0x0800a308                __locale_mb_cur_max
 .text._lseek_r
                0x0800a314       0x2c c:/progra~2/gnuarm~1/102021~1.10/bin/../lib/gcc/arm-none-eabi/10.3.1/../../../../arm-none-eabi/lib/thumb/v7-m/nofp\libg.a(lib_a-lseekr.o)
                0x0800a314                _lseek_r
 .text.__ascii_mbtowc
                0x0800a340       0x2c c:/progra~2/gnuarm~1/102021~1.10/bin/../lib/gcc/arm-none-eabi/10.3.1/../../../../arm-none-eabi/lib/thumb/v7-m/nofp\libg.a(lib_a-mbtowc_r.o)
                0x0800a340                __ascii_mbtowc
 .text._read_r  0x0800a36c       0x2c c:/progra~2/gnuarm~1/102021~1.10/bin/../lib/gcc/arm-none-eabi/10.3.1/../../../../arm-none-eabi/lib/thumb/v7-m/nofp\libg.a(lib_a-readr.o)
                0x0800a36c                _read_r
 .text.__swbuf_r
                0x0800a398       0xb0 c:/progra~2/gnuarm~1/102021~1.10/bin/../lib/gcc/arm-none-eabi/10.3.1/../../../../arm-none-eabi/lib/thumb/v7-m/nofp\libg.a(lib_a-wbuf.o)
                0x0800a398                __swbuf_r
 .text._wcrtomb_r
                0x0800a448       0x3c c:/progra~2/gnuarm~1/102021~1.10/bin/../lib/gcc/arm-none-eabi/10.3.1/../../../../arm-none-eabi/lib/thumb/v7-m/nofp\libg.a(lib_a-wcrtomb.o)
                0x0800a448                _wcrtomb_r
 .text.__ascii_wctomb
                0x0800a484       0x1c c:/progra~2/gnuarm~1/102021~1.10/bin/../lib/gcc/arm-none-eabi/10.3.1/../../../../arm-none-eabi/lib/thumb/v7-m/nofp\libg.a(lib_a-wctomb_r.o)
                0x0800a484                __ascii_wctomb
 .text.abort    0x0800a4a0       0x10 c:/progra~2/gnuarm~1/102021~1.10/bin/../lib/gcc/arm-none-eabi/10.3.1/../../../../arm-none-eabi/lib/thumb/v7-m/nofp\libg.a(lib_a-abort.o)
                0x0800a4a0                abort
 .text.raise    0x0800a4b0       0x5c c:/progra~2/gnuarm~1/102021~1.10/bin/../lib/gcc/arm-none-eabi/10.3.1/../../../../arm-none-eabi/lib/thumb/v7-m/nofp\libg.a(lib_a-signal.o)
                0x0800a4b0                raise
 .text._kill_r  0x0800a50c       0x28 c:/progra~2/gnuarm~1/102021~1.10/bin/../lib/gcc/arm-none-eabi/10.3.1/../../../../arm-none-eabi/lib/thumb/v7-m/nofp\libg.a(lib_a-signalr.o)
                0x0800a50c                _kill_r
 .text._getpid_r
                0x0800a534        0x4 c:/progra~2/gnuarm~1/102021~1.10/bin/../lib/gcc/arm-none-eabi/10.3.1/../../../../arm-none-eabi/lib/thumb/v7-m/nofp\libg.a(lib_a-signalr.o)
                0x0800a534                _getpid_r
 *(.glue_7)
 .glue_7        0x0800a538        0x0 linker stubs
 *(.glue_7t)
 .glue_7t       0x0800a538        0x0 linker stubs
 *(.eh_frame)
 .eh_frame      0x0800a538        0x0 c:/progra~2/gnuarm~1/102021~1.10/bin/../lib/gcc/arm-none-eabi/10.3.1/thumb/v7-m/nofp/crtbegin.o
 *(.init)
 .init          0x0800a538        0x4 c:/progra~2/gnuarm~1/102021~1.10/bin/../lib/gcc/arm-none-eabi/10.3.1/thumb/v7-m/nofp/crti.o
                0x0800a538                _init
 .init          0x0800a53c        0x8 c:/progra~2/gnuarm~1/102021~1.10/bin/../lib/gcc/arm-none-eabi/10.3.1/thumb/v7-m/nofp/crtn.o
 *(.fini)
 .fini          0x0800a544        0x4 c:/progra~2/gnuarm~1/102021~1.10/bin/../lib/gcc/arm-none-eabi/10.3.1/thumb/v7-m/nofp/crti.o
                0x0800a544                _fini
 .fini          0x0800a548        0x8 c:/progra~2/gnuarm~1/102021~1.10/bin/../lib/gcc/arm-none-eabi/10.3.1/thumb/v7-m/nofp/crtn.o
                0x0800a550                . = ALIGN (0x4)
                0x0800a550                _etext = .

.vfp11_veneer   0x0800a550        0x0
 .vfp11_veneer  0x0800a550        0x0 linker stubs

.v4_bx          0x0800a550        0x0
 .v4_bx         0x0800a550        0x0 linker stubs

.iplt           0x0800a550        0x0
 .iplt          0x0800a550        0x0 c:/progra~2/gnuarm~1/102021~1.10/bin/../lib/gcc/arm-none-eabi/10.3.1/thumb/v7-m/nofp/crtbegin.o

.rodata         0x0800a550     0x505c
                0x0800a550                . = ALIGN (0x4)
 *(.rodata)
 *(.rodata*)
 .rodata.ascii_1206
                0x0800a550      0x474 CMakeFiles/Test_280.elf.dir/Core/Inc/LCD/lcd.c.obj
                0x0800a550                ascii_1206
 .rodata.ascii_1608
                0x0800a9c4      0x5f0 CMakeFiles/Test_280.elf.dir/Core/Inc/LCD/lcd.c.obj
                0x0800a9c4                ascii_1608
 .rodata.ascii_2412
                0x0800afb4     0x11d0 CMakeFiles/Test_280.elf.dir/Core/Inc/LCD/lcd.c.obj
                0x0800afb4                ascii_2412
 .rodata.ascii_3216
                0x0800c184     0x17c0 CMakeFiles/Test_280.elf.dir/Core/Inc/LCD/lcd.c.obj
                0x0800c184                ascii_3216
 .rodata.tfont12
                0x0800d944       0x82 CMakeFiles/Test_280.elf.dir/Core/Inc/LCD/lcd.c.obj
                0x0800d944                tfont12
 *fill*         0x0800d9c6        0x2 
 .rodata.tfont16
                0x0800d9c8      0x176 CMakeFiles/Test_280.elf.dir/Core/Inc/LCD/lcd.c.obj
                0x0800d9c8                tfont16
 *fill*         0x0800db3e        0x2 
 .rodata.tfont24
                0x0800db40      0x29a CMakeFiles/Test_280.elf.dir/Core/Inc/LCD/lcd.c.obj
                0x0800db40                tfont24
 *fill*         0x0800ddda        0x2 
 .rodata.tfont32
                0x0800dddc     0x1248 CMakeFiles/Test_280.elf.dir/Core/Inc/LCD/lcd.c.obj
                0x0800dddc                tfont32
 .rodata.The_main.str1.4
                0x0800f024       0x39 CMakeFiles/Test_280.elf.dir/Core/Inc/my_work/my_work.c.obj
 *fill*         0x0800f05d        0x3 
 .rodata.Set_R_Of_Circle.str1.4
                0x0800f060       0x1c CMakeFiles/Test_280.elf.dir/Core/Inc/my_work/my_work.c.obj
 .rodata.danger_reply.str1.4
                0x0800f07c       0x4b CMakeFiles/Test_280.elf.dir/Core/Inc/my_work/my_work.c.obj
 *fill*         0x0800f0c7        0x1 
 .rodata.use_6050.str1.4
                0x0800f0c8       0x37 CMakeFiles/Test_280.elf.dir/Core/Inc/my_work/my_work.c.obj
 *fill*         0x0800f0ff        0x1 
 .rodata.The_comcupter_comunicate.str1.4
                0x0800f100       0x71 CMakeFiles/Test_280.elf.dir/Core/Inc/my_work/my_work.c.obj
 *fill*         0x0800f171        0x3 
 .rodata.Error_Handler.str1.4
                0x0800f174        0xf CMakeFiles/Test_280.elf.dir/Core/Src/main.c.obj
 *fill*         0x0800f183        0x1 
 .rodata.AHBPrescTable
                0x0800f184       0x10 CMakeFiles/Test_280.elf.dir/Core/Src/system_stm32f1xx.c.obj
                0x0800f184                AHBPrescTable
 .rodata.APBPrescTable
                0x0800f194        0x8 CMakeFiles/Test_280.elf.dir/Core/Src/system_stm32f1xx.c.obj
                0x0800f194                APBPrescTable
 .rodata.HAL_RCC_GetSysClockFreq.str1.4
                0x0800f19c       0x11 CMakeFiles/Test_280.elf.dir/Drivers/STM32F1xx_HAL_Driver/Src/stm32f1xx_hal_rcc.c.obj
 *fill*         0x0800f1ad        0x3 
 .rodata._global_impure_ptr
                0x0800f1b0        0x4 c:/progra~2/gnuarm~1/102021~1.10/bin/../lib/gcc/arm-none-eabi/10.3.1/../../../../arm-none-eabi/lib/thumb/v7-m/nofp\libg.a(lib_a-impure.o)
                0x0800f1b0                _global_impure_ptr
 .rodata._puts_r.str1.4
                0x0800f1b4        0x2 c:/progra~2/gnuarm~1/102021~1.10/bin/../lib/gcc/arm-none-eabi/10.3.1/../../../../arm-none-eabi/lib/thumb/v7-m/nofp\libg.a(lib_a-puts.o)
 *fill*         0x0800f1b6        0x2 
 .rodata._vfprintf_r.str1.4
                0x0800f1b8       0x42 c:/progra~2/gnuarm~1/102021~1.10/bin/../lib/gcc/arm-none-eabi/10.3.1/../../../../arm-none-eabi/lib/thumb/v7-m/nofp\libg.a(lib_a-vfprintf.o)
 *fill*         0x0800f1fa        0x2 
 .rodata.blanks.1
                0x0800f1fc       0x10 c:/progra~2/gnuarm~1/102021~1.10/bin/../lib/gcc/arm-none-eabi/10.3.1/../../../../arm-none-eabi/lib/thumb/v7-m/nofp\libg.a(lib_a-vfprintf.o)
 .rodata.zeroes.0
                0x0800f20c       0x10 c:/progra~2/gnuarm~1/102021~1.10/bin/../lib/gcc/arm-none-eabi/10.3.1/../../../../arm-none-eabi/lib/thumb/v7-m/nofp\libg.a(lib_a-vfprintf.o)
 .rodata._dtoa_r.str1.4
                0x0800f21c       0xa2 c:/progra~2/gnuarm~1/102021~1.10/bin/../lib/gcc/arm-none-eabi/10.3.1/../../../../arm-none-eabi/lib/thumb/v7-m/nofp\libg.a(lib_a-dtoa.o)
                                 0xa6 (size before relaxing)
 *fill*         0x0800f2be        0x2 
 .rodata.__multadd.str1.4
                0x0800f2c0       0x7f c:/progra~2/gnuarm~1/102021~1.10/bin/../lib/gcc/arm-none-eabi/10.3.1/../../../../arm-none-eabi/lib/thumb/v7-m/nofp\libg.a(lib_a-mprec.o)
                                 0x93 (size before relaxing)
 *fill*         0x0800f33f        0x1 
 .rodata.__mprec_bigtens
                0x0800f340       0x28 c:/progra~2/gnuarm~1/102021~1.10/bin/../lib/gcc/arm-none-eabi/10.3.1/../../../../arm-none-eabi/lib/thumb/v7-m/nofp\libg.a(lib_a-mprec.o)
                0x0800f340                __mprec_bigtens
 .rodata.__mprec_tens
                0x0800f368       0xc8 c:/progra~2/gnuarm~1/102021~1.10/bin/../lib/gcc/arm-none-eabi/10.3.1/../../../../arm-none-eabi/lib/thumb/v7-m/nofp\libg.a(lib_a-mprec.o)
                0x0800f368                __mprec_tens
 .rodata.p05.0  0x0800f430        0xc c:/progra~2/gnuarm~1/102021~1.10/bin/../lib/gcc/arm-none-eabi/10.3.1/../../../../arm-none-eabi/lib/thumb/v7-m/nofp\libg.a(lib_a-mprec.o)
 .rodata._vfiprintf_r.str1.4
                0x0800f43c       0x2f c:/progra~2/gnuarm~1/102021~1.10/bin/../lib/gcc/arm-none-eabi/10.3.1/../../../../arm-none-eabi/lib/thumb/v7-m/nofp\libg.a(lib_a-vfiprintf.o)
 .rodata.blanks.1
                0x0800f43c       0x10 c:/progra~2/gnuarm~1/102021~1.10/bin/../lib/gcc/arm-none-eabi/10.3.1/../../../../arm-none-eabi/lib/thumb/v7-m/nofp\libg.a(lib_a-vfiprintf.o)
 .rodata.zeroes.0
                0x0800f44c       0x10 c:/progra~2/gnuarm~1/102021~1.10/bin/../lib/gcc/arm-none-eabi/10.3.1/../../../../arm-none-eabi/lib/thumb/v7-m/nofp\libg.a(lib_a-vfiprintf.o)
 .rodata.__assert_func.str1.4
                0x0800f45c       0x3f c:/progra~2/gnuarm~1/102021~1.10/bin/../lib/gcc/arm-none-eabi/10.3.1/../../../../arm-none-eabi/lib/thumb/v7-m/nofp\libg.a(lib_a-assert.o)
                                 0x43 (size before relaxing)
 *fill*         0x0800f49b        0x1 
 .rodata._setlocale_r.str1.4
                0x0800f49c        0x6 c:/progra~2/gnuarm~1/102021~1.10/bin/../lib/gcc/arm-none-eabi/10.3.1/../../../../arm-none-eabi/lib/thumb/v7-m/nofp\libg.a(lib_a-locale.o)
                                  0xd (size before relaxing)
 *fill*         0x0800f4a2        0x2 
 .rodata.str1.4
                0x0800f4a4        0x2 c:/progra~2/gnuarm~1/102021~1.10/bin/../lib/gcc/arm-none-eabi/10.3.1/../../../../arm-none-eabi/lib/thumb/v7-m/nofp\libg.a(lib_a-locale.o)
 *fill*         0x0800f4a6        0x2 
 .rodata._ctype_
                0x0800f4a8      0x101 c:/progra~2/gnuarm~1/102021~1.10/bin/../lib/gcc/arm-none-eabi/10.3.1/../../../../arm-none-eabi/lib/thumb/v7-m/nofp\libg.a(lib_a-ctype_.o)
                0x0800f4a8                _ctype_
                0x0800f5ac                . = ALIGN (0x4)
 *fill*         0x0800f5a9        0x3 

.ARM.extab
 *(.ARM.extab* .gnu.linkonce.armextab.*)

.ARM            0x0800f5ac        0x8
                0x0800f5ac                __exidx_start = .
 *(.ARM.exidx*)
 .ARM.exidx     0x0800f5ac        0x8 c:/progra~2/gnuarm~1/102021~1.10/bin/../lib/gcc/arm-none-eabi/10.3.1/thumb/v7-m/nofp\libgcc.a(_udivmoddi4.o)
                0x0800f5b4                __exidx_end = .

.rel.dyn        0x0800f5b4        0x0
 .rel.iplt      0x0800f5b4        0x0 c:/progra~2/gnuarm~1/102021~1.10/bin/../lib/gcc/arm-none-eabi/10.3.1/thumb/v7-m/nofp/crtbegin.o

.preinit_array  0x0800f5b4        0x0
                0x0800f5b4                PROVIDE (__preinit_array_start = .)
 *(.preinit_array*)
                0x0800f5b4                PROVIDE (__preinit_array_end = .)

.init_array     0x0800f5b4        0x8
                0x0800f5b4                PROVIDE (__init_array_start = .)
 *(SORT_BY_NAME(.init_array.*))
 .init_array.00000
                0x0800f5b4        0x4 c:/progra~2/gnuarm~1/102021~1.10/bin/../lib/gcc/arm-none-eabi/10.3.1/../../../../arm-none-eabi/lib/thumb/v7-m/nofp\libg.a(lib_a-__call_atexit.o)
 *(.init_array*)
 .init_array    0x0800f5b8        0x4 c:/progra~2/gnuarm~1/102021~1.10/bin/../lib/gcc/arm-none-eabi/10.3.1/thumb/v7-m/nofp/crtbegin.o
                0x0800f5bc                PROVIDE (__init_array_end = .)

.fini_array     0x0800f5bc        0x4
                0x0800f5bc                PROVIDE (__fini_array_start = .)
 *(SORT_BY_NAME(.fini_array.*))
 *(.fini_array*)
 .fini_array    0x0800f5bc        0x4 c:/progra~2/gnuarm~1/102021~1.10/bin/../lib/gcc/arm-none-eabi/10.3.1/thumb/v7-m/nofp/crtbegin.o
                0x0800f5c0                PROVIDE (__fini_array_end = .)
                0x0800f5c0                _sidata = LOADADDR (.data)

.data           0x20000000      0x9c0 load address 0x0800f5c0
                0x20000000                . = ALIGN (0x4)
                0x20000000                _sdata = .
 *(.data)
 *(.data*)
 .data.key_up.0
                0x20000000        0x1 CMakeFiles/Test_280.elf.dir/Core/Inc/KEY/key_my.c.obj
 .data.key_up.1
                0x20000001        0x1 CMakeFiles/Test_280.elf.dir/Core/Inc/KEY/key_my.c.obj
 .data.speed    0x20000002        0x1 CMakeFiles/Test_280.elf.dir/Core/Inc/my_work/my_work.c.obj
                0x20000002                speed
 .data.the_flag_of_first
                0x20000003        0x1 CMakeFiles/Test_280.elf.dir/Core/Inc/my_work/my_work.c.obj
                0x20000003                the_flag_of_first
 .data.SystemCoreClock
                0x20000004        0x4 CMakeFiles/Test_280.elf.dir/Core/Src/system_stm32f1xx.c.obj
                0x20000004                SystemCoreClock
 .data.uwTickFreq
                0x20000008        0x1 CMakeFiles/Test_280.elf.dir/Drivers/STM32F1xx_HAL_Driver/Src/stm32f1xx_hal.c.obj
                0x20000008                uwTickFreq
 *fill*         0x20000009        0x3 
 .data.uwTickPrio
                0x2000000c        0x4 CMakeFiles/Test_280.elf.dir/Drivers/STM32F1xx_HAL_Driver/Src/stm32f1xx_hal.c.obj
                0x2000000c                uwTickPrio
 .data._impure_ptr
                0x20000010        0x4 c:/progra~2/gnuarm~1/102021~1.10/bin/../lib/gcc/arm-none-eabi/10.3.1/../../../../arm-none-eabi/lib/thumb/v7-m/nofp\libg.a(lib_a-impure.o)
                0x20000010                _impure_ptr
 *fill*         0x20000014        0x4 
 .data.impure_data
                0x20000018      0x428 c:/progra~2/gnuarm~1/102021~1.10/bin/../lib/gcc/arm-none-eabi/10.3.1/../../../../arm-none-eabi/lib/thumb/v7-m/nofp\libg.a(lib_a-impure.o)
 .data.__atexit_recursive_mutex
                0x20000440        0x4 c:/progra~2/gnuarm~1/102021~1.10/bin/../lib/gcc/arm-none-eabi/10.3.1/../../../../arm-none-eabi/lib/thumb/v7-m/nofp\libg.a(lib_a-__call_atexit.o)
                0x20000440                __atexit_recursive_mutex
 .data.__malloc_av_
                0x20000444      0x408 c:/progra~2/gnuarm~1/102021~1.10/bin/../lib/gcc/arm-none-eabi/10.3.1/../../../../arm-none-eabi/lib/thumb/v7-m/nofp\libg.a(lib_a-mallocr.o)
                0x20000444                __malloc_av_
 .data.__malloc_sbrk_base
                0x2000084c        0x4 c:/progra~2/gnuarm~1/102021~1.10/bin/../lib/gcc/arm-none-eabi/10.3.1/../../../../arm-none-eabi/lib/thumb/v7-m/nofp\libg.a(lib_a-mallocr.o)
                0x2000084c                __malloc_sbrk_base
 .data.__malloc_trim_threshold
                0x20000850        0x4 c:/progra~2/gnuarm~1/102021~1.10/bin/../lib/gcc/arm-none-eabi/10.3.1/../../../../arm-none-eabi/lib/thumb/v7-m/nofp\libg.a(lib_a-mallocr.o)
                0x20000850                __malloc_trim_threshold
 .data.__global_locale
                0x20000854      0x16c c:/progra~2/gnuarm~1/102021~1.10/bin/../lib/gcc/arm-none-eabi/10.3.1/../../../../arm-none-eabi/lib/thumb/v7-m/nofp\libg.a(lib_a-locale.o)
                0x20000854                __global_locale
                0x200009c0                . = ALIGN (0x4)
                0x200009c0                _edata = .

.igot.plt       0x200009c0        0x0 load address 0x0800ff80
 .igot.plt      0x200009c0        0x0 c:/progra~2/gnuarm~1/102021~1.10/bin/../lib/gcc/arm-none-eabi/10.3.1/thumb/v7-m/nofp/crtbegin.o
                0x200009c0                . = ALIGN (0x4)

.bss            0x200009c0      0x2fc load address 0x0800ff80
                0x200009c0                _sbss = .
                0x200009c0                __bss_start__ = _sbss
 *(.bss)
 .bss           0x200009c0       0x1c c:/progra~2/gnuarm~1/102021~1.10/bin/../lib/gcc/arm-none-eabi/10.3.1/thumb/v7-m/nofp/crtbegin.o
 *(.bss*)
 .bss.Acc       0x200009dc        0x6 CMakeFiles/Test_280.elf.dir/Core/Inc/my_work/my_work.c.obj
                0x200009dc                Acc
 *fill*         0x200009e2        0x2 
 .bss.Acc_fi    0x200009e4        0x6 CMakeFiles/Test_280.elf.dir/Core/Inc/my_work/my_work.c.obj
                0x200009e4                Acc_fi
 .bss.Altitude  0x200009ea        0x2 CMakeFiles/Test_280.elf.dir/Core/Inc/my_work/my_work.c.obj
                0x200009ea                Altitude
 .bss.Altitude_fi
                0x200009ec        0x2 CMakeFiles/Test_280.elf.dir/Core/Inc/my_work/my_work.c.obj
                0x200009ec                Altitude_fi
 *fill*         0x200009ee        0x2 
 .bss.Gyr       0x200009f0        0x6 CMakeFiles/Test_280.elf.dir/Core/Inc/my_work/my_work.c.obj
                0x200009f0                Gyr
 *fill*         0x200009f6        0x2 
 .bss.Gyr_fi    0x200009f8        0x6 CMakeFiles/Test_280.elf.dir/Core/Inc/my_work/my_work.c.obj
                0x200009f8                Gyr_fi
 *fill*         0x200009fe        0x2 
 .bss.Mag       0x20000a00        0x6 CMakeFiles/Test_280.elf.dir/Core/Inc/my_work/my_work.c.obj
                0x20000a00                Mag
 *fill*         0x20000a06        0x2 
 .bss.Q         0x20000a08        0x8 CMakeFiles/Test_280.elf.dir/Core/Inc/my_work/my_work.c.obj
                0x20000a08                Q
 .bss.Q_fi      0x20000a10        0x8 CMakeFiles/Test_280.elf.dir/Core/Inc/my_work/my_work.c.obj
                0x20000a10                Q_fi
 .bss.R_of_circle
                0x20000a18        0x4 CMakeFiles/Test_280.elf.dir/Core/Inc/my_work/my_work.c.obj
                0x20000a18                R_of_circle
 .bss.Temp      0x20000a1c        0x2 CMakeFiles/Test_280.elf.dir/Core/Inc/my_work/my_work.c.obj
                0x20000a1c                Temp
 .bss.Temp_fi   0x20000a1e        0x2 CMakeFiles/Test_280.elf.dir/Core/Inc/my_work/my_work.c.obj
                0x20000a1e                Temp_fi
 .bss.count     0x20000a20        0x1 CMakeFiles/Test_280.elf.dir/Core/Inc/my_work/my_work.c.obj
                0x20000a20                count
 *fill*         0x20000a21        0x3 
 .bss.data_buf  0x20000a24       0x32 CMakeFiles/Test_280.elf.dir/Core/Inc/my_work/my_work.c.obj
                0x20000a24                data_buf
 .bss.len       0x20000a56        0x1 CMakeFiles/Test_280.elf.dir/Core/Inc/my_work/my_work.c.obj
                0x20000a56                len
 .bss.open_or_not
                0x20000a57        0x1 CMakeFiles/Test_280.elf.dir/Core/Inc/my_work/my_work.c.obj
                0x20000a57                open_or_not
 .bss.rpy       0x20000a58        0x6 CMakeFiles/Test_280.elf.dir/Core/Inc/my_work/my_work.c.obj
                0x20000a58                rpy
 *fill*         0x20000a5e        0x2 
 .bss.rpy_fi    0x20000a60        0x6 CMakeFiles/Test_280.elf.dir/Core/Inc/my_work/my_work.c.obj
                0x20000a60                rpy_fi
 .bss.times     0x20000a66        0x2 CMakeFiles/Test_280.elf.dir/Core/Inc/my_work/my_work.c.obj
                0x20000a66                times
 .bss.times_update.0
                0x20000a68        0x4 CMakeFiles/Test_280.elf.dir/Core/Inc/my_work/my_work.c.obj
 .bss.fac_us    0x20000a6c        0x4 CMakeFiles/Test_280.elf.dir/Core/SYSTEM/delay/delay.c.obj
 .bss.RX_BUF_6050
                0x20000a70       0x32 CMakeFiles/Test_280.elf.dir/Core/SYSTEM/usart/usart.c.obj
                0x20000a70                RX_BUF_6050
 *fill*         0x20000aa2        0x2 
 .bss.UART1_Handler
                0x20000aa4       0x44 CMakeFiles/Test_280.elf.dir/Core/SYSTEM/usart/usart.c.obj
                0x20000aa4                UART1_Handler
 .bss.UART2_Handler
                0x20000ae8       0x44 CMakeFiles/Test_280.elf.dir/Core/SYSTEM/usart/usart.c.obj
                0x20000ae8                UART2_Handler
 .bss.USART_RX_BUF
                0x20000b2c       0xc8 CMakeFiles/Test_280.elf.dir/Core/SYSTEM/usart/usart.c.obj
                0x20000b2c                USART_RX_BUF
 .bss.USART_RX_STA
                0x20000bf4        0x2 CMakeFiles/Test_280.elf.dir/Core/SYSTEM/usart/usart.c.obj
                0x20000bf4                USART_RX_STA
 *fill*         0x20000bf6        0x2 
 .bss.aRxBuffer
                0x20000bf8        0x1 CMakeFiles/Test_280.elf.dir/Core/SYSTEM/usart/usart.c.obj
                0x20000bf8                aRxBuffer
 *fill*         0x20000bf9        0x3 
 .bss.bRxBuffer
                0x20000bfc        0x1 CMakeFiles/Test_280.elf.dir/Core/SYSTEM/usart/usart.c.obj
                0x20000bfc                bRxBuffer
 .bss.i.1       0x20000bfd        0x1 CMakeFiles/Test_280.elf.dir/Core/SYSTEM/usart/usart.c.obj
 *fill*         0x20000bfe        0x2 
 .bss.rebuf.0   0x20000c00        0xd CMakeFiles/Test_280.elf.dir/Core/SYSTEM/usart/usart.c.obj
 .bss.stata_6050
                0x20000c0d        0x1 CMakeFiles/Test_280.elf.dir/Core/SYSTEM/usart/usart.c.obj
                0x20000c0d                stata_6050
 *fill*         0x20000c0e        0x2 
 .bss.hspi1     0x20000c10       0x58 CMakeFiles/Test_280.elf.dir/Core/Src/spi.c.obj
                0x20000c10                hspi1
 .bss.heap_end.0
                0x20000c68        0x4 CMakeFiles/Test_280.elf.dir/Core/Src/syscalls.c.obj
 .bss.gHuart    0x20000c6c        0x4 CMakeFiles/Test_280.elf.dir/Core/retarget.c.obj
                0x20000c6c                gHuart
 .bss.uwTick    0x20000c70        0x4 CMakeFiles/Test_280.elf.dir/Drivers/STM32F1xx_HAL_Driver/Src/stm32f1xx_hal.c.obj
                0x20000c70                uwTick
 .bss.__lock___atexit_recursive_mutex
                0x20000c74        0x1 c:/progra~2/gnuarm~1/102021~1.10/bin/../lib/gcc/arm-none-eabi/10.3.1/../../../../arm-none-eabi/lib/thumb/v7-m/nofp\libg.a(lib_a-lock.o)
                0x20000c74                __lock___atexit_recursive_mutex
 *fill*         0x20000c75        0x3 
 .bss.__lock___malloc_recursive_mutex
                0x20000c78        0x1 c:/progra~2/gnuarm~1/102021~1.10/bin/../lib/gcc/arm-none-eabi/10.3.1/../../../../arm-none-eabi/lib/thumb/v7-m/nofp\libg.a(lib_a-lock.o)
                0x20000c78                __lock___malloc_recursive_mutex
 *fill*         0x20000c79        0x3 
 .bss.__lock___sfp_recursive_mutex
                0x20000c7c        0x1 c:/progra~2/gnuarm~1/102021~1.10/bin/../lib/gcc/arm-none-eabi/10.3.1/../../../../arm-none-eabi/lib/thumb/v7-m/nofp\libg.a(lib_a-lock.o)
                0x20000c7c                __lock___sfp_recursive_mutex
 *fill*         0x20000c7d        0x3 
 .bss.__lock___sinit_recursive_mutex
                0x20000c80        0x1 c:/progra~2/gnuarm~1/102021~1.10/bin/../lib/gcc/arm-none-eabi/10.3.1/../../../../arm-none-eabi/lib/thumb/v7-m/nofp\libg.a(lib_a-lock.o)
                0x20000c80                __lock___sinit_recursive_mutex
 *fill*         0x20000c81        0x3 
 .bss.__malloc_current_mallinfo
                0x20000c84       0x28 c:/progra~2/gnuarm~1/102021~1.10/bin/../lib/gcc/arm-none-eabi/10.3.1/../../../../arm-none-eabi/lib/thumb/v7-m/nofp\libg.a(lib_a-mallocr.o)
                0x20000c84                __malloc_current_mallinfo
 .bss.__malloc_max_sbrked_mem
                0x20000cac        0x4 c:/progra~2/gnuarm~1/102021~1.10/bin/../lib/gcc/arm-none-eabi/10.3.1/../../../../arm-none-eabi/lib/thumb/v7-m/nofp\libg.a(lib_a-mallocr.o)
                0x20000cac                __malloc_max_sbrked_mem
 .bss.__malloc_max_total_mem
                0x20000cb0        0x4 c:/progra~2/gnuarm~1/102021~1.10/bin/../lib/gcc/arm-none-eabi/10.3.1/../../../../arm-none-eabi/lib/thumb/v7-m/nofp\libg.a(lib_a-mallocr.o)
                0x20000cb0                __malloc_max_total_mem
 .bss.__malloc_top_pad
                0x20000cb4        0x4 c:/progra~2/gnuarm~1/102021~1.10/bin/../lib/gcc/arm-none-eabi/10.3.1/../../../../arm-none-eabi/lib/thumb/v7-m/nofp\libg.a(lib_a-mallocr.o)
                0x20000cb4                __malloc_top_pad
 .bss.errno     0x20000cb8        0x4 c:/progra~2/gnuarm~1/102021~1.10/bin/../lib/gcc/arm-none-eabi/10.3.1/../../../../arm-none-eabi/lib/thumb/v7-m/nofp\libg.a(lib_a-reent.o)
                0x20000cb8                errno
 *(COMMON)
                0x20000cbc                . = ALIGN (0x4)
                0x20000cbc                _ebss = .
                0x20000cbc                __bss_end__ = _ebss

._user_heap_stack
                0x20000cbc      0x604 load address 0x0800ff80
                0x20000cc0                . = ALIGN (0x8)
 *fill*         0x20000cbc        0x4 
                0x20000cc0                PROVIDE (end = .)
                [!provide]                PROVIDE (_end = .)
                0x20000ec0                . = (. + _Min_Heap_Size)
 *fill*         0x20000cc0      0x200 
                0x200012c0                . = (. + _Min_Stack_Size)
 *fill*         0x20000ec0      0x400 
                0x200012c0                . = ALIGN (0x8)

/DISCARD/
 libc.a(*)
 libm.a(*)
 libgcc.a(*)

.ARM.attributes
                0x00000000       0x29
 *(.ARM.attributes)
 .ARM.attributes
                0x00000000       0x1d c:/progra~2/gnuarm~1/102021~1.10/bin/../lib/gcc/arm-none-eabi/10.3.1/thumb/v7-m/nofp/crti.o
 .ARM.attributes
                0x0000001d       0x2d c:/progra~2/gnuarm~1/102021~1.10/bin/../lib/gcc/arm-none-eabi/10.3.1/thumb/v7-m/nofp/crtbegin.o
 .ARM.attributes
                0x0000004a       0x2d CMakeFiles/Test_280.elf.dir/Core/Inc/KEY/key_my.c.obj
 .ARM.attributes
                0x00000077       0x2d CMakeFiles/Test_280.elf.dir/Core/Inc/LCD/lcd.c.obj
 .ARM.attributes
                0x000000a4       0x2d CMakeFiles/Test_280.elf.dir/Core/Inc/LCD/lcd_init.c.obj
 .ARM.attributes
                0x000000d1       0x2d CMakeFiles/Test_280.elf.dir/Core/Inc/my_work/my_work.c.obj
 .ARM.attributes
                0x000000fe       0x2d CMakeFiles/Test_280.elf.dir/Core/SYSTEM/delay/delay.c.obj
 .ARM.attributes
                0x0000012b       0x2d CMakeFiles/Test_280.elf.dir/Core/SYSTEM/usart/usart.c.obj
 .ARM.attributes
                0x00000158       0x2d CMakeFiles/Test_280.elf.dir/Core/Src/main.c.obj
 .ARM.attributes
                0x00000185       0x2d CMakeFiles/Test_280.elf.dir/Core/Src/spi.c.obj
 .ARM.attributes
                0x000001b2       0x2d CMakeFiles/Test_280.elf.dir/Core/Src/stm32f1xx_hal_msp.c.obj
 .ARM.attributes
                0x000001df       0x2d CMakeFiles/Test_280.elf.dir/Core/Src/stm32f1xx_it.c.obj
 .ARM.attributes
                0x0000020c       0x2d CMakeFiles/Test_280.elf.dir/Core/Src/syscalls.c.obj
 .ARM.attributes
                0x00000239       0x2d CMakeFiles/Test_280.elf.dir/Core/Src/system_stm32f1xx.c.obj
 .ARM.attributes
                0x00000266       0x2d CMakeFiles/Test_280.elf.dir/Core/retarget.c.obj
 .ARM.attributes
                0x00000293       0x2d CMakeFiles/Test_280.elf.dir/Drivers/STM32F1xx_HAL_Driver/Src/stm32f1xx_hal.c.obj
 .ARM.attributes
                0x000002c0       0x2d CMakeFiles/Test_280.elf.dir/Drivers/STM32F1xx_HAL_Driver/Src/stm32f1xx_hal_cortex.c.obj
 .ARM.attributes
                0x000002ed       0x2d CMakeFiles/Test_280.elf.dir/Drivers/STM32F1xx_HAL_Driver/Src/stm32f1xx_hal_dma.c.obj
 .ARM.attributes
                0x0000031a       0x2d CMakeFiles/Test_280.elf.dir/Drivers/STM32F1xx_HAL_Driver/Src/stm32f1xx_hal_gpio.c.obj
 .ARM.attributes
                0x00000347       0x2d CMakeFiles/Test_280.elf.dir/Drivers/STM32F1xx_HAL_Driver/Src/stm32f1xx_hal_rcc.c.obj
 .ARM.attributes
                0x00000374       0x2d CMakeFiles/Test_280.elf.dir/Drivers/STM32F1xx_HAL_Driver/Src/stm32f1xx_hal_spi.c.obj
 .ARM.attributes
                0x000003a1       0x2d CMakeFiles/Test_280.elf.dir/Drivers/STM32F1xx_HAL_Driver/Src/stm32f1xx_hal_uart.c.obj
 .ARM.attributes
                0x000003ce       0x21 CMakeFiles/Test_280.elf.dir/startup/startup_stm32f103xb.s.obj
 .ARM.attributes
                0x000003ef       0x1d c:/progra~2/gnuarm~1/102021~1.10/bin/../lib/gcc/arm-none-eabi/10.3.1/thumb/v7-m/nofp\libgcc.a(_arm_addsubdf3.o)
 .ARM.attributes
                0x0000040c       0x1d c:/progra~2/gnuarm~1/102021~1.10/bin/../lib/gcc/arm-none-eabi/10.3.1/thumb/v7-m/nofp\libgcc.a(_arm_addsubsf3.o)
 .ARM.attributes
                0x00000429       0x1d c:/progra~2/gnuarm~1/102021~1.10/bin/../lib/gcc/arm-none-eabi/10.3.1/thumb/v7-m/nofp\libgcc.a(_arm_muldivsf3.o)
 .ARM.attributes
                0x00000446       0x1d c:/progra~2/gnuarm~1/102021~1.10/bin/../lib/gcc/arm-none-eabi/10.3.1/thumb/v7-m/nofp\libgcc.a(_arm_cmpsf2.o)
 .ARM.attributes
                0x00000463       0x2d c:/progra~2/gnuarm~1/102021~1.10/bin/../lib/gcc/arm-none-eabi/10.3.1/../../../../arm-none-eabi/lib/thumb/v7-m/nofp\libg.a(lib_a-errno.o)
 .ARM.attributes
                0x00000490       0x2d c:/progra~2/gnuarm~1/102021~1.10/bin/../lib/gcc/arm-none-eabi/10.3.1/../../../../arm-none-eabi/lib/thumb/v7-m/nofp\libg.a(lib_a-impure.o)
 .ARM.attributes
                0x000004bd       0x2d c:/progra~2/gnuarm~1/102021~1.10/bin/../lib/gcc/arm-none-eabi/10.3.1/../../../../arm-none-eabi/lib/thumb/v7-m/nofp\libg.a(lib_a-init.o)
 .ARM.attributes
                0x000004ea       0x1b c:/progra~2/gnuarm~1/102021~1.10/bin/../lib/gcc/arm-none-eabi/10.3.1/../../../../arm-none-eabi/lib/thumb/v7-m/nofp\libg.a(lib_a-memcpy.o)
 .ARM.attributes
                0x00000505       0x2d c:/progra~2/gnuarm~1/102021~1.10/bin/../lib/gcc/arm-none-eabi/10.3.1/../../../../arm-none-eabi/lib/thumb/v7-m/nofp\libg.a(lib_a-memset.o)
 .ARM.attributes
                0x00000532       0x2d c:/progra~2/gnuarm~1/102021~1.10/bin/../lib/gcc/arm-none-eabi/10.3.1/../../../../arm-none-eabi/lib/thumb/v7-m/nofp\libg.a(lib_a-printf.o)
 .ARM.attributes
                0x0000055f       0x2d c:/progra~2/gnuarm~1/102021~1.10/bin/../lib/gcc/arm-none-eabi/10.3.1/../../../../arm-none-eabi/lib/thumb/v7-m/nofp\libg.a(lib_a-puts.o)
 .ARM.attributes
                0x0000058c       0x2d c:/progra~2/gnuarm~1/102021~1.10/bin/../lib/gcc/arm-none-eabi/10.3.1/../../../../arm-none-eabi/lib/thumb/v7-m/nofp\libg.a(lib_a-setvbuf.o)
 .ARM.attributes
                0x000005b9       0x2d c:/progra~2/gnuarm~1/102021~1.10/bin/../lib/gcc/arm-none-eabi/10.3.1/../../../../arm-none-eabi/lib/thumb/v7-m/nofp\libg.a(lib_a-strlen-stub.o)
 .ARM.attributes
                0x000005e6       0x2d c:/progra~2/gnuarm~1/102021~1.10/bin/../lib/gcc/arm-none-eabi/10.3.1/../../../../arm-none-eabi/lib/thumb/v7-m/nofp\libg.a(lib_a-vfprintf.o)
 .ARM.attributes
                0x00000613       0x2d c:/progra~2/gnuarm~1/102021~1.10/bin/../lib/gcc/arm-none-eabi/10.3.1/../../../../arm-none-eabi/lib/thumb/v7-m/nofp\libg.a(lib_a-wsetup.o)
 .ARM.attributes
                0x00000640       0x2d c:/progra~2/gnuarm~1/102021~1.10/bin/../lib/gcc/arm-none-eabi/10.3.1/../../../../arm-none-eabi/lib/thumb/v7-m/nofp\libg.a(lib_a-__call_atexit.o)
 .ARM.attributes
                0x0000066d       0x2d c:/progra~2/gnuarm~1/102021~1.10/bin/../lib/gcc/arm-none-eabi/10.3.1/../../../../arm-none-eabi/lib/thumb/v7-m/nofp\libg.a(lib_a-atexit.o)
 .ARM.attributes
                0x0000069a       0x2d c:/progra~2/gnuarm~1/102021~1.10/bin/../lib/gcc/arm-none-eabi/10.3.1/../../../../arm-none-eabi/lib/thumb/v7-m/nofp\libg.a(lib_a-dtoa.o)
 .ARM.attributes
                0x000006c7       0x2d c:/progra~2/gnuarm~1/102021~1.10/bin/../lib/gcc/arm-none-eabi/10.3.1/../../../../arm-none-eabi/lib/thumb/v7-m/nofp\libg.a(lib_a-fflush.o)
 .ARM.attributes
                0x000006f4       0x2d c:/progra~2/gnuarm~1/102021~1.10/bin/../lib/gcc/arm-none-eabi/10.3.1/../../../../arm-none-eabi/lib/thumb/v7-m/nofp\libg.a(lib_a-findfp.o)
 .ARM.attributes
                0x00000721       0x2d c:/progra~2/gnuarm~1/102021~1.10/bin/../lib/gcc/arm-none-eabi/10.3.1/../../../../arm-none-eabi/lib/thumb/v7-m/nofp\libg.a(lib_a-fini.o)
 .ARM.attributes
                0x0000074e       0x2d c:/progra~2/gnuarm~1/102021~1.10/bin/../lib/gcc/arm-none-eabi/10.3.1/../../../../arm-none-eabi/lib/thumb/v7-m/nofp\libg.a(lib_a-freer.o)
 .ARM.attributes
                0x0000077b       0x2d c:/progra~2/gnuarm~1/102021~1.10/bin/../lib/gcc/arm-none-eabi/10.3.1/../../../../arm-none-eabi/lib/thumb/v7-m/nofp\libg.a(lib_a-fvwrite.o)
 .ARM.attributes
                0x000007a8       0x2d c:/progra~2/gnuarm~1/102021~1.10/bin/../lib/gcc/arm-none-eabi/10.3.1/../../../../arm-none-eabi/lib/thumb/v7-m/nofp\libg.a(lib_a-fwalk.o)
 .ARM.attributes
                0x000007d5       0x2d c:/progra~2/gnuarm~1/102021~1.10/bin/../lib/gcc/arm-none-eabi/10.3.1/../../../../arm-none-eabi/lib/thumb/v7-m/nofp\libg.a(lib_a-localeconv.o)
 .ARM.attributes
                0x00000802       0x2d c:/progra~2/gnuarm~1/102021~1.10/bin/../lib/gcc/arm-none-eabi/10.3.1/../../../../arm-none-eabi/lib/thumb/v7-m/nofp\libg.a(lib_a-lock.o)
 .ARM.attributes
                0x0000082f       0x2d c:/progra~2/gnuarm~1/102021~1.10/bin/../lib/gcc/arm-none-eabi/10.3.1/../../../../arm-none-eabi/lib/thumb/v7-m/nofp\libg.a(lib_a-makebuf.o)
 .ARM.attributes
                0x0000085c       0x2d c:/progra~2/gnuarm~1/102021~1.10/bin/../lib/gcc/arm-none-eabi/10.3.1/../../../../arm-none-eabi/lib/thumb/v7-m/nofp\libg.a(lib_a-malloc.o)
 .ARM.attributes
                0x00000889       0x2d c:/progra~2/gnuarm~1/102021~1.10/bin/../lib/gcc/arm-none-eabi/10.3.1/../../../../arm-none-eabi/lib/thumb/v7-m/nofp\libg.a(lib_a-mallocr.o)
 .ARM.attributes
                0x000008b6       0x2d c:/progra~2/gnuarm~1/102021~1.10/bin/../lib/gcc/arm-none-eabi/10.3.1/../../../../arm-none-eabi/lib/thumb/v7-m/nofp\libg.a(lib_a-memchr-stub.o)
 .ARM.attributes
                0x000008e3       0x2d c:/progra~2/gnuarm~1/102021~1.10/bin/../lib/gcc/arm-none-eabi/10.3.1/../../../../arm-none-eabi/lib/thumb/v7-m/nofp\libg.a(lib_a-memmove.o)
 .ARM.attributes
                0x00000910       0x2d c:/progra~2/gnuarm~1/102021~1.10/bin/../lib/gcc/arm-none-eabi/10.3.1/../../../../arm-none-eabi/lib/thumb/v7-m/nofp\libg.a(lib_a-mlock.o)
 .ARM.attributes
                0x0000093d       0x2d c:/progra~2/gnuarm~1/102021~1.10/bin/../lib/gcc/arm-none-eabi/10.3.1/../../../../arm-none-eabi/lib/thumb/v7-m/nofp\libg.a(lib_a-mprec.o)
 .ARM.attributes
                0x0000096a       0x2d c:/progra~2/gnuarm~1/102021~1.10/bin/../lib/gcc/arm-none-eabi/10.3.1/../../../../arm-none-eabi/lib/thumb/v7-m/nofp\libg.a(lib_a-reallocr.o)
 .ARM.attributes
                0x00000997       0x2d c:/progra~2/gnuarm~1/102021~1.10/bin/../lib/gcc/arm-none-eabi/10.3.1/../../../../arm-none-eabi/lib/thumb/v7-m/nofp\libg.a(lib_a-s_frexp.o)
 .ARM.attributes
                0x000009c4       0x2d c:/progra~2/gnuarm~1/102021~1.10/bin/../lib/gcc/arm-none-eabi/10.3.1/../../../../arm-none-eabi/lib/thumb/v7-m/nofp\libg.a(lib_a-sbrkr.o)
 .ARM.attributes
                0x000009f1       0x2d c:/progra~2/gnuarm~1/102021~1.10/bin/../lib/gcc/arm-none-eabi/10.3.1/../../../../arm-none-eabi/lib/thumb/v7-m/nofp\libg.a(lib_a-stdio.o)
 .ARM.attributes
                0x00000a1e       0x2d c:/progra~2/gnuarm~1/102021~1.10/bin/../lib/gcc/arm-none-eabi/10.3.1/../../../../arm-none-eabi/lib/thumb/v7-m/nofp\libg.a(lib_a-strncpy.o)
 .ARM.attributes
                0x00000a4b       0x2d c:/progra~2/gnuarm~1/102021~1.10/bin/../lib/gcc/arm-none-eabi/10.3.1/../../../../arm-none-eabi/lib/thumb/v7-m/nofp\libg.a(lib_a-vfiprintf.o)
 .ARM.attributes
                0x00000a78       0x2d c:/progra~2/gnuarm~1/102021~1.10/bin/../lib/gcc/arm-none-eabi/10.3.1/../../../../arm-none-eabi/lib/thumb/v7-m/nofp\libg.a(lib_a-writer.o)
 .ARM.attributes
                0x00000aa5       0x2d c:/progra~2/gnuarm~1/102021~1.10/bin/../lib/gcc/arm-none-eabi/10.3.1/../../../../arm-none-eabi/lib/thumb/v7-m/nofp\libg.a(lib_a-__atexit.o)
 .ARM.attributes
                0x00000ad2       0x2d c:/progra~2/gnuarm~1/102021~1.10/bin/../lib/gcc/arm-none-eabi/10.3.1/../../../../arm-none-eabi/lib/thumb/v7-m/nofp\libg.a(lib_a-assert.o)
 .ARM.attributes
                0x00000aff       0x2d c:/progra~2/gnuarm~1/102021~1.10/bin/../lib/gcc/arm-none-eabi/10.3.1/../../../../arm-none-eabi/lib/thumb/v7-m/nofp\libg.a(lib_a-callocr.o)
 .ARM.attributes
                0x00000b2c       0x2d c:/progra~2/gnuarm~1/102021~1.10/bin/../lib/gcc/arm-none-eabi/10.3.1/../../../../arm-none-eabi/lib/thumb/v7-m/nofp\libg.a(lib_a-closer.o)
 .ARM.attributes
                0x00000b59       0x2d c:/progra~2/gnuarm~1/102021~1.10/bin/../lib/gcc/arm-none-eabi/10.3.1/../../../../arm-none-eabi/lib/thumb/v7-m/nofp\libg.a(lib_a-fclose.o)
 .ARM.attributes
                0x00000b86       0x2d c:/progra~2/gnuarm~1/102021~1.10/bin/../lib/gcc/arm-none-eabi/10.3.1/../../../../arm-none-eabi/lib/thumb/v7-m/nofp\libg.a(lib_a-fiprintf.o)
 .ARM.attributes
                0x00000bb3       0x2d c:/progra~2/gnuarm~1/102021~1.10/bin/../lib/gcc/arm-none-eabi/10.3.1/../../../../arm-none-eabi/lib/thumb/v7-m/nofp\libg.a(lib_a-fputwc.o)
 .ARM.attributes
                0x00000be0       0x2d c:/progra~2/gnuarm~1/102021~1.10/bin/../lib/gcc/arm-none-eabi/10.3.1/../../../../arm-none-eabi/lib/thumb/v7-m/nofp\libg.a(lib_a-fstatr.o)
 .ARM.attributes
                0x00000c0d       0x2d c:/progra~2/gnuarm~1/102021~1.10/bin/../lib/gcc/arm-none-eabi/10.3.1/../../../../arm-none-eabi/lib/thumb/v7-m/nofp\libg.a(lib_a-isattyr.o)
 .ARM.attributes
                0x00000c3a       0x2d c:/progra~2/gnuarm~1/102021~1.10/bin/../lib/gcc/arm-none-eabi/10.3.1/../../../../arm-none-eabi/lib/thumb/v7-m/nofp\libg.a(lib_a-locale.o)
 .ARM.attributes
                0x00000c67       0x2d c:/progra~2/gnuarm~1/102021~1.10/bin/../lib/gcc/arm-none-eabi/10.3.1/../../../../arm-none-eabi/lib/thumb/v7-m/nofp\libg.a(lib_a-lseekr.o)
 .ARM.attributes
                0x00000c94       0x2d c:/progra~2/gnuarm~1/102021~1.10/bin/../lib/gcc/arm-none-eabi/10.3.1/../../../../arm-none-eabi/lib/thumb/v7-m/nofp\libg.a(lib_a-mbtowc_r.o)
 .ARM.attributes
                0x00000cc1       0x2d c:/progra~2/gnuarm~1/102021~1.10/bin/../lib/gcc/arm-none-eabi/10.3.1/../../../../arm-none-eabi/lib/thumb/v7-m/nofp\libg.a(lib_a-readr.o)
 .ARM.attributes
                0x00000cee       0x2d c:/progra~2/gnuarm~1/102021~1.10/bin/../lib/gcc/arm-none-eabi/10.3.1/../../../../arm-none-eabi/lib/thumb/v7-m/nofp\libg.a(lib_a-reent.o)
 .ARM.attributes
                0x00000d1b       0x2d c:/progra~2/gnuarm~1/102021~1.10/bin/../lib/gcc/arm-none-eabi/10.3.1/../../../../arm-none-eabi/lib/thumb/v7-m/nofp\libg.a(lib_a-wbuf.o)
 .ARM.attributes
                0x00000d48       0x2d c:/progra~2/gnuarm~1/102021~1.10/bin/../lib/gcc/arm-none-eabi/10.3.1/../../../../arm-none-eabi/lib/thumb/v7-m/nofp\libg.a(lib_a-wcrtomb.o)
 .ARM.attributes
                0x00000d75       0x2d c:/progra~2/gnuarm~1/102021~1.10/bin/../lib/gcc/arm-none-eabi/10.3.1/../../../../arm-none-eabi/lib/thumb/v7-m/nofp\libg.a(lib_a-wctomb_r.o)
 .ARM.attributes
                0x00000da2       0x2d c:/progra~2/gnuarm~1/102021~1.10/bin/../lib/gcc/arm-none-eabi/10.3.1/../../../../arm-none-eabi/lib/thumb/v7-m/nofp\libg.a(lib_a-abort.o)
 .ARM.attributes
                0x00000dcf       0x2d c:/progra~2/gnuarm~1/102021~1.10/bin/../lib/gcc/arm-none-eabi/10.3.1/../../../../arm-none-eabi/lib/thumb/v7-m/nofp\libg.a(lib_a-ctype_.o)
 .ARM.attributes
                0x00000dfc       0x2d c:/progra~2/gnuarm~1/102021~1.10/bin/../lib/gcc/arm-none-eabi/10.3.1/../../../../arm-none-eabi/lib/thumb/v7-m/nofp\libg.a(lib_a-signal.o)
 .ARM.attributes
                0x00000e29       0x2d c:/progra~2/gnuarm~1/102021~1.10/bin/../lib/gcc/arm-none-eabi/10.3.1/../../../../arm-none-eabi/lib/thumb/v7-m/nofp\libg.a(lib_a-signalr.o)
 .ARM.attributes
                0x00000e56       0x1d c:/progra~2/gnuarm~1/102021~1.10/bin/../lib/gcc/arm-none-eabi/10.3.1/thumb/v7-m/nofp\libgcc.a(_arm_muldivdf3.o)
 .ARM.attributes
                0x00000e73       0x1d c:/progra~2/gnuarm~1/102021~1.10/bin/../lib/gcc/arm-none-eabi/10.3.1/thumb/v7-m/nofp\libgcc.a(_arm_cmpdf2.o)
 .ARM.attributes
                0x00000e90       0x1d c:/progra~2/gnuarm~1/102021~1.10/bin/../lib/gcc/arm-none-eabi/10.3.1/thumb/v7-m/nofp\libgcc.a(_arm_unorddf2.o)
 .ARM.attributes
                0x00000ead       0x1d c:/progra~2/gnuarm~1/102021~1.10/bin/../lib/gcc/arm-none-eabi/10.3.1/thumb/v7-m/nofp\libgcc.a(_arm_fixdfsi.o)
 .ARM.attributes
                0x00000eca       0x1d c:/progra~2/gnuarm~1/102021~1.10/bin/../lib/gcc/arm-none-eabi/10.3.1/thumb/v7-m/nofp\libgcc.a(_aeabi_uldivmod.o)
 .ARM.attributes
                0x00000ee7       0x2d c:/progra~2/gnuarm~1/102021~1.10/bin/../lib/gcc/arm-none-eabi/10.3.1/thumb/v7-m/nofp\libgcc.a(_udivmoddi4.o)
 .ARM.attributes
                0x00000f14       0x1d c:/progra~2/gnuarm~1/102021~1.10/bin/../lib/gcc/arm-none-eabi/10.3.1/thumb/v7-m/nofp\libgcc.a(_dvmd_tls.o)
 .ARM.attributes
                0x00000f31       0x1d c:/progra~2/gnuarm~1/102021~1.10/bin/../lib/gcc/arm-none-eabi/10.3.1/thumb/v7-m/nofp/crtn.o
OUTPUT(Test_280.elf elf32-littlearm)
LOAD linker stubs
LOAD c:/progra~2/gnuarm~1/102021~1.10/bin/../lib/gcc/arm-none-eabi/10.3.1/../../../../arm-none-eabi/lib/thumb/v7-m/nofp\libc.a
LOAD c:/progra~2/gnuarm~1/102021~1.10/bin/../lib/gcc/arm-none-eabi/10.3.1/../../../../arm-none-eabi/lib/thumb/v7-m/nofp\libm.a
LOAD c:/progra~2/gnuarm~1/102021~1.10/bin/../lib/gcc/arm-none-eabi/10.3.1/thumb/v7-m/nofp\libgcc.a

.debug_info     0x00000000     0xe643
 .debug_info    0x00000000      0x464 CMakeFiles/Test_280.elf.dir/Core/Inc/KEY/key_my.c.obj
 .debug_info    0x00000464     0x1957 CMakeFiles/Test_280.elf.dir/Core/Inc/LCD/lcd.c.obj
 .debug_info    0x00001dbb      0xb4f CMakeFiles/Test_280.elf.dir/Core/Inc/LCD/lcd_init.c.obj
 .debug_info    0x0000290a     0x1737 CMakeFiles/Test_280.elf.dir/Core/Inc/my_work/my_work.c.obj
 .debug_info    0x00004041      0x26e CMakeFiles/Test_280.elf.dir/Core/SYSTEM/delay/delay.c.obj
 .debug_info    0x000042af     0x11ce CMakeFiles/Test_280.elf.dir/Core/SYSTEM/usart/usart.c.obj
 .debug_info    0x0000547d      0x3d9 CMakeFiles/Test_280.elf.dir/Core/Src/main.c.obj
 .debug_info    0x00005856      0x857 CMakeFiles/Test_280.elf.dir/Core/Src/spi.c.obj
 .debug_info    0x000060ad      0x211 CMakeFiles/Test_280.elf.dir/Core/Src/stm32f1xx_hal_msp.c.obj
 .debug_info    0x000062be      0x130 CMakeFiles/Test_280.elf.dir/Core/Src/stm32f1xx_it.c.obj
 .debug_info    0x000063ee      0x835 CMakeFiles/Test_280.elf.dir/Core/Src/syscalls.c.obj
 .debug_info    0x00006c23      0x248 CMakeFiles/Test_280.elf.dir/Core/Src/system_stm32f1xx.c.obj
 .debug_info    0x00006e6b      0xf9e CMakeFiles/Test_280.elf.dir/Core/retarget.c.obj
 .debug_info    0x00007e09      0x7a8 CMakeFiles/Test_280.elf.dir/Drivers/STM32F1xx_HAL_Driver/Src/stm32f1xx_hal.c.obj
 .debug_info    0x000085b1      0xd8a CMakeFiles/Test_280.elf.dir/Drivers/STM32F1xx_HAL_Driver/Src/stm32f1xx_hal_cortex.c.obj
 .debug_info    0x0000933b      0x846 CMakeFiles/Test_280.elf.dir/Drivers/STM32F1xx_HAL_Driver/Src/stm32f1xx_hal_dma.c.obj